
JhansiViswanath@DESKTOP-HMUPB84 MINGW64 ~/Documents/Keypairs
$ ssh -i "jenkins1.pem" ec2-user@ec2-18-212-178-112.compute-1.amazonaws.com
The authenticity of host 'ec2-18-212-178-112.compute-1.amazonaws.com (18.212.178.112)' can't be established.
ED25519 key fingerprint is SHA256:zFUSZUihkEB/T3CdvMmtakOWty5PI676EDAsbeuh7gI.
This key is not known by any other names
Are you sure you want to continue connecting (yes/no/[fingerprint])? yes
Warning: Permanently added 'ec2-18-212-178-112.compute-1.amazonaws.com' (ED25519) to the list of known hosts.

       __|  __|_  )
       _|  (     /   Amazon Linux 2 AMI
      ___|\___|___|

https://aws.amazon.com/amazon-linux-2/
2 package(s) needed for security, out of 6 available
Run "sudo yum update" to apply all updates.
[ec2-user@ip-172-31-94-176 ~]$ sudo bash
[root@ip-172-31-94-176 ec2-user]# sudo yum update –y
Loaded plugins: extras_suggestions, langpacks, priorities, update-motd
No Match for argument: –y
No packages marked for update
[root@ip-172-31-94-176 ec2-user]# sudo yum update -y
Loaded plugins: extras_suggestions, langpacks, priorities, update-motd
Resolving Dependencies
--> Running transaction check
---> Package curl.x86_64 0:7.79.1-1.amzn2.0.1 will be updated
---> Package curl.x86_64 0:7.79.1-2.amzn2.0.1 will be an update
---> Package iproute.x86_64 0:5.10.0-2.amzn2.0.1 will be updated
---> Package iproute.x86_64 0:5.10.0-2.amzn2.0.2 will be an update
---> Package kernel.x86_64 0:5.10.112-108.499.amzn2 will be installed
---> Package kernel-tools.x86_64 0:5.10.109-104.500.amzn2 will be updated
---> Package kernel-tools.x86_64 0:5.10.112-108.499.amzn2 will be an update
---> Package libcurl.x86_64 0:7.79.1-1.amzn2.0.1 will be updated
---> Package libcurl.x86_64 0:7.79.1-2.amzn2.0.1 will be an update
---> Package openldap.x86_64 0:2.4.44-23.amzn2.0.3 will be updated
---> Package openldap.x86_64 0:2.4.44-23.amzn2.0.4 will be an update
--> Finished Dependency Resolution

Dependencies Resolved

==========================================================================================================================
 Package                  Arch               Version                             Repository                          Size
==========================================================================================================================
Installing:
 kernel                   x86_64             5.10.112-108.499.amzn2              amzn2extra-kernel-5.10              31 M
Updating:
 curl                     x86_64             7.79.1-2.amzn2.0.1                  amzn2-core                         359 k
 iproute                  x86_64             5.10.0-2.amzn2.0.2                  amzn2extra-kernel-5.10             649 k
 kernel-tools             x86_64             5.10.112-108.499.amzn2              amzn2extra-kernel-5.10             176 k
 libcurl                  x86_64             7.79.1-2.amzn2.0.1                  amzn2-core                         321 k
 openldap                 x86_64             2.4.44-23.amzn2.0.4                 amzn2-core                         351 k

Transaction Summary
==========================================================================================================================
Install  1 Package
Upgrade  5 Packages

Total download size: 33 M
Downloading packages:
Delta RPMs disabled because /usr/bin/applydeltarpm not installed.
(1/6): curl-7.79.1-2.amzn2.0.1.x86_64.rpm                                                          | 359 kB  00:00:00
(2/6): iproute-5.10.0-2.amzn2.0.2.x86_64.rpm                                                       | 649 kB  00:00:00
(3/6): kernel-tools-5.10.112-108.499.amzn2.x86_64.rpm                                              | 176 kB  00:00:00
(4/6): libcurl-7.79.1-2.amzn2.0.1.x86_64.rpm                                                       | 321 kB  00:00:00
(5/6): openldap-2.4.44-23.amzn2.0.4.x86_64.rpm                                                     | 351 kB  00:00:00
(6/6): kernel-5.10.112-108.499.amzn2.x86_64.rpm                                                    |  31 MB  00:00:00
--------------------------------------------------------------------------------------------------------------------------
Total                                                                                      57 MB/s |  33 MB  00:00:00
Running transaction check
Running transaction test
Transaction test succeeded
Running transaction
  Updating   : openldap-2.4.44-23.amzn2.0.4.x86_64                                                                   1/11
  Updating   : libcurl-7.79.1-2.amzn2.0.1.x86_64                                                                     2/11
  Updating   : curl-7.79.1-2.amzn2.0.1.x86_64                                                                        3/11
  Updating   : iproute-5.10.0-2.amzn2.0.2.x86_64                                                                     4/11
  Updating   : kernel-tools-5.10.112-108.499.amzn2.x86_64                                                            5/11
  Installing : kernel-5.10.112-108.499.amzn2.x86_64                                                                  6/11
  Cleanup    : curl-7.79.1-1.amzn2.0.1.x86_64                                                                        7/11
  Cleanup    : libcurl-7.79.1-1.amzn2.0.1.x86_64                                                                     8/11
  Cleanup    : openldap-2.4.44-23.amzn2.0.3.x86_64                                                                   9/11
  Cleanup    : iproute-5.10.0-2.amzn2.0.1.x86_64                                                                    10/11
  Cleanup    : kernel-tools-5.10.109-104.500.amzn2.x86_64                                                           11/11
  Verifying  : kernel-5.10.112-108.499.amzn2.x86_64                                                                  1/11
  Verifying  : curl-7.79.1-2.amzn2.0.1.x86_64                                                                        2/11
  Verifying  : libcurl-7.79.1-2.amzn2.0.1.x86_64                                                                     3/11
  Verifying  : kernel-tools-5.10.112-108.499.amzn2.x86_64                                                            4/11
  Verifying  : iproute-5.10.0-2.amzn2.0.2.x86_64                                                                     5/11
  Verifying  : openldap-2.4.44-23.amzn2.0.4.x86_64                                                                   6/11
  Verifying  : iproute-5.10.0-2.amzn2.0.1.x86_64                                                                     7/11
  Verifying  : curl-7.79.1-1.amzn2.0.1.x86_64                                                                        8/11
  Verifying  : openldap-2.4.44-23.amzn2.0.3.x86_64                                                                   9/11
  Verifying  : libcurl-7.79.1-1.amzn2.0.1.x86_64                                                                    10/11
  Verifying  : kernel-tools-5.10.109-104.500.amzn2.x86_64                                                           11/11

Installed:
  kernel.x86_64 0:5.10.112-108.499.amzn2

Updated:
  curl.x86_64 0:7.79.1-2.amzn2.0.1    iproute.x86_64 0:5.10.0-2.amzn2.0.2   kernel-tools.x86_64 0:5.10.112-108.499.amzn2
  libcurl.x86_64 0:7.79.1-2.amzn2.0.1 openldap.x86_64 0:2.4.44-23.amzn2.0.4

Complete!
[root@ip-172-31-94-176 ec2-user]# sudo wget -O /etc/yum.repos.d/jenkins.repo \
>      https://pkg.jenkins.io/redhat-stable/jenkins.repo
--2022-05-31 01:39:35--  https://pkg.jenkins.io/redhat-stable/jenkins.repo
Resolving pkg.jenkins.io (pkg.jenkins.io)... 146.75.34.133, 2a04:4e42:79::645
Connecting to pkg.jenkins.io (pkg.jenkins.io)|146.75.34.133|:443... connected.
HTTP request sent, awaiting response... 200 OK
Length: 85
Saving to: ‘/etc/yum.repos.d/jenkins.repo’

100%[================================================================================>] 85          --.-K/s   in 0s

2022-05-31 01:39:35 (4.54 MB/s) - ‘/etc/yum.repos.d/jenkins.repo’ saved [85/85]

[root@ip-172-31-94-176 ec2-user]# sudo rpm --import https://pkg.jenkins.io/redhat-stable/jenkins.io.key
[root@ip-172-31-94-176 ec2-user]# sudo yum upgrade
Loaded plugins: extras_suggestions, langpacks, priorities, update-motd
amzn2-core                                                                                         | 3.7 kB  00:00:00
jenkins                                                                                            | 2.9 kB  00:00:00
jenkins/primary_db                                                                                 |  41 kB  00:00:00
No packages marked for update
[root@ip-172-31-94-176 ec2-user]# java -version
bash: java: command not found
[root@ip-172-31-94-176 ec2-user]# sudo /usr/sbin/alternatives --config java
[root@ip-172-31-94-176 ec2-user]# sudo amazon-linux-extras install java-openjdk11 -y
Installing java-11-openjdk
Loaded plugins: extras_suggestions, langpacks, priorities, update-motd
Cleaning repos: amzn2-core amzn2extra-docker amzn2extra-java-openjdk11 amzn2extra-kernel-5.10 jenkins
19 metadata files removed
8 sqlite files removed
0 metadata files removed
Loaded plugins: extras_suggestions, langpacks, priorities, update-motd
amzn2-core                                                                                         | 3.7 kB  00:00:00
amzn2extra-docker                                                                                  | 3.0 kB  00:00:00
amzn2extra-java-openjdk11                                                                          | 3.0 kB  00:00:00
amzn2extra-kernel-5.10                                                                             | 3.0 kB  00:00:00
jenkins                                                                                            | 2.9 kB  00:00:00
(1/10): amzn2-core/2/x86_64/group_gz                                                               | 2.5 kB  00:00:00
(2/10): amzn2-core/2/x86_64/updateinfo                                                             | 473 kB  00:00:00
(3/10): amzn2extra-docker/2/x86_64/updateinfo                                                      | 6.2 kB  00:00:00
(4/10): amzn2extra-kernel-5.10/2/x86_64/updateinfo                                                 |  13 kB  00:00:00
(5/10): amzn2extra-java-openjdk11/2/x86_64/updateinfo                                              | 1.3 kB  00:00:00
(6/10): amzn2extra-docker/2/x86_64/primary_db                                                      |  89 kB  00:00:00
(7/10): amzn2extra-java-openjdk11/2/x86_64/primary_db                                              | 126 kB  00:00:00
(8/10): jenkins/primary_db                                                                         |  41 kB  00:00:00
(9/10): amzn2extra-kernel-5.10/2/x86_64/primary_db                                                 | 9.0 MB  00:00:00
(10/10): amzn2-core/2/x86_64/primary_db                                                            |  62 MB  00:00:02
Resolving Dependencies
--> Running transaction check
---> Package java-11-openjdk.x86_64 1:11.0.13.0.8-1.amzn2.0.3 will be installed
--> Processing Dependency: java-11-openjdk-headless(x86-64) = 1:11.0.13.0.8-1.amzn2.0.3 for package: 1:java-11-openjdk-11.0.13.0.8-1.amzn2.0.3.x86_64
--> Processing Dependency: xorg-x11-fonts-Type1 for package: 1:java-11-openjdk-11.0.13.0.8-1.amzn2.0.3.x86_64
--> Processing Dependency: fontconfig(x86-64) for package: 1:java-11-openjdk-11.0.13.0.8-1.amzn2.0.3.x86_64
--> Processing Dependency: libjvm.so()(64bit) for package: 1:java-11-openjdk-11.0.13.0.8-1.amzn2.0.3.x86_64
--> Processing Dependency: libjava.so()(64bit) for package: 1:java-11-openjdk-11.0.13.0.8-1.amzn2.0.3.x86_64
--> Processing Dependency: libgif.so.4()(64bit) for package: 1:java-11-openjdk-11.0.13.0.8-1.amzn2.0.3.x86_64
--> Processing Dependency: libXtst.so.6()(64bit) for package: 1:java-11-openjdk-11.0.13.0.8-1.amzn2.0.3.x86_64
--> Processing Dependency: libXrender.so.1()(64bit) for package: 1:java-11-openjdk-11.0.13.0.8-1.amzn2.0.3.x86_64
--> Processing Dependency: libXi.so.6()(64bit) for package: 1:java-11-openjdk-11.0.13.0.8-1.amzn2.0.3.x86_64
--> Processing Dependency: libXext.so.6()(64bit) for package: 1:java-11-openjdk-11.0.13.0.8-1.amzn2.0.3.x86_64
--> Processing Dependency: libX11.so.6()(64bit) for package: 1:java-11-openjdk-11.0.13.0.8-1.amzn2.0.3.x86_64
--> Running transaction check
---> Package fontconfig.x86_64 0:2.13.0-4.3.amzn2 will be installed
--> Processing Dependency: fontpackages-filesystem for package: fontconfig-2.13.0-4.3.amzn2.x86_64
--> Processing Dependency: dejavu-sans-fonts for package: fontconfig-2.13.0-4.3.amzn2.x86_64
---> Package giflib.x86_64 0:4.1.6-9.amzn2.0.2 will be installed
--> Processing Dependency: libSM.so.6()(64bit) for package: giflib-4.1.6-9.amzn2.0.2.x86_64
--> Processing Dependency: libICE.so.6()(64bit) for package: giflib-4.1.6-9.amzn2.0.2.x86_64
---> Package java-11-openjdk-headless.x86_64 1:11.0.13.0.8-1.amzn2.0.3 will be installed
--> Processing Dependency: tzdata-java >= 2020f for package: 1:java-11-openjdk-headless-11.0.13.0.8-1.amzn2.0.3.x86_64
--> Processing Dependency: copy-jdk-configs >= 3.3 for package: 1:java-11-openjdk-headless-11.0.13.0.8-1.amzn2.0.3.x86_64
--> Processing Dependency: pcsc-lite-libs(x86-64) for package: 1:java-11-openjdk-headless-11.0.13.0.8-1.amzn2.0.3.x86_64
--> Processing Dependency: log4j-cve-2021-44228-cve-mitigations for package: 1:java-11-openjdk-headless-11.0.13.0.8-1.amzn2.0.3.x86_64
--> Processing Dependency: lksctp-tools(x86-64) for package: 1:java-11-openjdk-headless-11.0.13.0.8-1.amzn2.0.3.x86_64
--> Processing Dependency: libasound.so.2(ALSA_0.9.0rc4)(64bit) for package: 1:java-11-openjdk-headless-11.0.13.0.8-1.amzn2.0.3.x86_64
--> Processing Dependency: libasound.so.2(ALSA_0.9)(64bit) for package: 1:java-11-openjdk-headless-11.0.13.0.8-1.amzn2.0.3.x86_64
--> Processing Dependency: javapackages-tools for package: 1:java-11-openjdk-headless-11.0.13.0.8-1.amzn2.0.3.x86_64
--> Processing Dependency: cups-libs(x86-64) for package: 1:java-11-openjdk-headless-11.0.13.0.8-1.amzn2.0.3.x86_64
--> Processing Dependency: libasound.so.2()(64bit) for package: 1:java-11-openjdk-headless-11.0.13.0.8-1.amzn2.0.3.x86_64
---> Package libX11.x86_64 0:1.6.7-3.amzn2.0.2 will be installed
--> Processing Dependency: libX11-common >= 1.6.7-3.amzn2.0.2 for package: libX11-1.6.7-3.amzn2.0.2.x86_64
--> Processing Dependency: libxcb.so.1()(64bit) for package: libX11-1.6.7-3.amzn2.0.2.x86_64
---> Package libXext.x86_64 0:1.3.3-3.amzn2.0.2 will be installed
---> Package libXi.x86_64 0:1.7.9-1.amzn2.0.2 will be installed
---> Package libXrender.x86_64 0:0.9.10-1.amzn2.0.2 will be installed
---> Package libXtst.x86_64 0:1.2.3-1.amzn2.0.2 will be installed
---> Package xorg-x11-fonts-Type1.noarch 0:7.5-9.amzn2 will be installed
--> Processing Dependency: ttmkfdir for package: xorg-x11-fonts-Type1-7.5-9.amzn2.noarch
--> Processing Dependency: ttmkfdir for package: xorg-x11-fonts-Type1-7.5-9.amzn2.noarch
--> Processing Dependency: mkfontdir for package: xorg-x11-fonts-Type1-7.5-9.amzn2.noarch
--> Processing Dependency: mkfontdir for package: xorg-x11-fonts-Type1-7.5-9.amzn2.noarch
--> Running transaction check
---> Package alsa-lib.x86_64 0:1.1.4.1-2.amzn2 will be installed
---> Package copy-jdk-configs.noarch 0:3.3-10.amzn2 will be installed
---> Package cups-libs.x86_64 1:1.6.3-51.amzn2 will be installed
--> Processing Dependency: libavahi-common.so.3()(64bit) for package: 1:cups-libs-1.6.3-51.amzn2.x86_64
--> Processing Dependency: libavahi-client.so.3()(64bit) for package: 1:cups-libs-1.6.3-51.amzn2.x86_64
---> Package dejavu-sans-fonts.noarch 0:2.33-6.amzn2 will be installed
--> Processing Dependency: dejavu-fonts-common = 2.33-6.amzn2 for package: dejavu-sans-fonts-2.33-6.amzn2.noarch
---> Package fontpackages-filesystem.noarch 0:1.44-8.amzn2 will be installed
---> Package javapackages-tools.noarch 0:3.4.1-11.amzn2 will be installed
--> Processing Dependency: python-javapackages = 3.4.1-11.amzn2 for package: javapackages-tools-3.4.1-11.amzn2.noarch
--> Processing Dependency: libxslt for package: javapackages-tools-3.4.1-11.amzn2.noarch
---> Package libICE.x86_64 0:1.0.9-9.amzn2.0.2 will be installed
---> Package libSM.x86_64 0:1.2.2-2.amzn2.0.2 will be installed
---> Package libX11-common.noarch 0:1.6.7-3.amzn2.0.2 will be installed
---> Package libxcb.x86_64 0:1.12-1.amzn2.0.2 will be installed
--> Processing Dependency: libXau.so.6()(64bit) for package: libxcb-1.12-1.amzn2.0.2.x86_64
---> Package lksctp-tools.x86_64 0:1.0.17-2.amzn2.0.2 will be installed
---> Package log4j-cve-2021-44228-hotpatch.noarch 0:1.1-16.amzn2 will be installed
---> Package pcsc-lite-libs.x86_64 0:1.8.8-7.amzn2 will be installed
---> Package ttmkfdir.x86_64 0:3.0.9-42.amzn2.0.2 will be installed
---> Package tzdata-java.noarch 0:2022a-1.amzn2 will be installed
---> Package xorg-x11-font-utils.x86_64 1:7.5-21.amzn2 will be installed
--> Processing Dependency: libfontenc.so.1()(64bit) for package: 1:xorg-x11-font-utils-7.5-21.amzn2.x86_64
--> Running transaction check
---> Package avahi-libs.x86_64 0:0.6.31-20.amzn2 will be installed
---> Package dejavu-fonts-common.noarch 0:2.33-6.amzn2 will be installed
---> Package libXau.x86_64 0:1.0.8-2.1.amzn2.0.2 will be installed
---> Package libfontenc.x86_64 0:1.1.3-3.amzn2.0.2 will be installed
---> Package libxslt.x86_64 0:1.1.28-6.amzn2 will be installed
---> Package python-javapackages.noarch 0:3.4.1-11.amzn2 will be installed
--> Processing Dependency: python-lxml for package: python-javapackages-3.4.1-11.amzn2.noarch
--> Running transaction check
---> Package python-lxml.x86_64 0:3.2.1-4.amzn2.0.3 will be installed
--> Finished Dependency Resolution

Dependencies Resolved

==========================================================================================================================
 Package                             Arch         Version                           Repository                       Size
==========================================================================================================================
Installing:
 java-11-openjdk                     x86_64       1:11.0.13.0.8-1.amzn2.0.3         amzn2extra-java-openjdk11       232 k
Installing for dependencies:
 alsa-lib                            x86_64       1.1.4.1-2.amzn2                   amzn2-core                      425 k
 avahi-libs                          x86_64       0.6.31-20.amzn2                   amzn2-core                       61 k
 copy-jdk-configs                    noarch       3.3-10.amzn2                      amzn2-core                       21 k
 cups-libs                           x86_64       1:1.6.3-51.amzn2                  amzn2-core                      356 k
 dejavu-fonts-common                 noarch       2.33-6.amzn2                      amzn2-core                       64 k
 dejavu-sans-fonts                   noarch       2.33-6.amzn2                      amzn2-core                      1.4 M
 fontconfig                          x86_64       2.13.0-4.3.amzn2                  amzn2-core                      253 k
 fontpackages-filesystem             noarch       1.44-8.amzn2                      amzn2-core                       10 k
 giflib                              x86_64       4.1.6-9.amzn2.0.2                 amzn2-core                       40 k
 java-11-openjdk-headless            x86_64       1:11.0.13.0.8-1.amzn2.0.3         amzn2extra-java-openjdk11        39 M
 javapackages-tools                  noarch       3.4.1-11.amzn2                    amzn2-core                       73 k
 libICE                              x86_64       1.0.9-9.amzn2.0.2                 amzn2-core                       67 k
 libSM                               x86_64       1.2.2-2.amzn2.0.2                 amzn2-core                       39 k
 libX11                              x86_64       1.6.7-3.amzn2.0.2                 amzn2-core                      606 k
 libX11-common                       noarch       1.6.7-3.amzn2.0.2                 amzn2-core                      165 k
 libXau                              x86_64       1.0.8-2.1.amzn2.0.2               amzn2-core                       29 k
 libXext                             x86_64       1.3.3-3.amzn2.0.2                 amzn2-core                       39 k
 libXi                               x86_64       1.7.9-1.amzn2.0.2                 amzn2-core                       41 k
 libXrender                          x86_64       0.9.10-1.amzn2.0.2                amzn2-core                       26 k
 libXtst                             x86_64       1.2.3-1.amzn2.0.2                 amzn2-core                       20 k
 libfontenc                          x86_64       1.1.3-3.amzn2.0.2                 amzn2-core                       31 k
 libxcb                              x86_64       1.12-1.amzn2.0.2                  amzn2-core                      216 k
 libxslt                             x86_64       1.1.28-6.amzn2                    amzn2-core                      240 k
 lksctp-tools                        x86_64       1.0.17-2.amzn2.0.2                amzn2-core                       88 k
 log4j-cve-2021-44228-hotpatch       noarch       1.1-16.amzn2                      amzn2-core                      148 k
 pcsc-lite-libs                      x86_64       1.8.8-7.amzn2                     amzn2-core                       35 k
 python-javapackages                 noarch       3.4.1-11.amzn2                    amzn2-core                       31 k
 python-lxml                         x86_64       3.2.1-4.amzn2.0.3                 amzn2-core                      1.0 M
 ttmkfdir                            x86_64       3.0.9-42.amzn2.0.2                amzn2-core                       50 k
 tzdata-java                         noarch       2022a-1.amzn2                     amzn2-core                      190 k
 xorg-x11-font-utils                 x86_64       1:7.5-21.amzn2                    amzn2-core                      103 k
 xorg-x11-fonts-Type1                noarch       7.5-9.amzn2                       amzn2-core                      521 k

Transaction Summary
==========================================================================================================================
Install  1 Package (+32 Dependent packages)

Total download size: 46 M
Installed size: 183 M
Downloading packages:
(1/33): avahi-libs-0.6.31-20.amzn2.x86_64.rpm                                                      |  61 kB  00:00:00
(2/33): alsa-lib-1.1.4.1-2.amzn2.x86_64.rpm                                                        | 425 kB  00:00:00
(3/33): copy-jdk-configs-3.3-10.amzn2.noarch.rpm                                                   |  21 kB  00:00:00
(4/33): cups-libs-1.6.3-51.amzn2.x86_64.rpm                                                        | 356 kB  00:00:00
(5/33): dejavu-fonts-common-2.33-6.amzn2.noarch.rpm                                                |  64 kB  00:00:00
(6/33): fontconfig-2.13.0-4.3.amzn2.x86_64.rpm                                                     | 253 kB  00:00:00
(7/33): dejavu-sans-fonts-2.33-6.amzn2.noarch.rpm                                                  | 1.4 MB  00:00:00
(8/33): fontpackages-filesystem-1.44-8.amzn2.noarch.rpm                                            |  10 kB  00:00:00
(9/33): giflib-4.1.6-9.amzn2.0.2.x86_64.rpm                                                        |  40 kB  00:00:00
(10/33): javapackages-tools-3.4.1-11.amzn2.noarch.rpm                                              |  73 kB  00:00:00
(11/33): libICE-1.0.9-9.amzn2.0.2.x86_64.rpm                                                       |  67 kB  00:00:00
(12/33): libSM-1.2.2-2.amzn2.0.2.x86_64.rpm                                                        |  39 kB  00:00:00
(13/33): libX11-1.6.7-3.amzn2.0.2.x86_64.rpm                                                       | 606 kB  00:00:00
(14/33): libX11-common-1.6.7-3.amzn2.0.2.noarch.rpm                                                | 165 kB  00:00:00
(15/33): java-11-openjdk-11.0.13.0.8-1.amzn2.0.3.x86_64.rpm                                        | 232 kB  00:00:00
(16/33): libXau-1.0.8-2.1.amzn2.0.2.x86_64.rpm                                                     |  29 kB  00:00:00
(17/33): libXext-1.3.3-3.amzn2.0.2.x86_64.rpm                                                      |  39 kB  00:00:00
(18/33): libXi-1.7.9-1.amzn2.0.2.x86_64.rpm                                                        |  41 kB  00:00:00
(19/33): libXrender-0.9.10-1.amzn2.0.2.x86_64.rpm                                                  |  26 kB  00:00:00
(20/33): libXtst-1.2.3-1.amzn2.0.2.x86_64.rpm                                                      |  20 kB  00:00:00
(21/33): libxcb-1.12-1.amzn2.0.2.x86_64.rpm                                                        | 216 kB  00:00:00
(22/33): libfontenc-1.1.3-3.amzn2.0.2.x86_64.rpm                                                   |  31 kB  00:00:00
(23/33): lksctp-tools-1.0.17-2.amzn2.0.2.x86_64.rpm                                                |  88 kB  00:00:00
(24/33): libxslt-1.1.28-6.amzn2.x86_64.rpm                                                         | 240 kB  00:00:00
(25/33): pcsc-lite-libs-1.8.8-7.amzn2.x86_64.rpm                                                   |  35 kB  00:00:00
(26/33): log4j-cve-2021-44228-hotpatch-1.1-16.amzn2.noarch.rpm                                     | 148 kB  00:00:00
(27/33): python-javapackages-3.4.1-11.amzn2.noarch.rpm                                             |  31 kB  00:00:00
(28/33): ttmkfdir-3.0.9-42.amzn2.0.2.x86_64.rpm                                                    |  50 kB  00:00:00
(29/33): python-lxml-3.2.1-4.amzn2.0.3.x86_64.rpm                                                  | 1.0 MB  00:00:00
(30/33): tzdata-java-2022a-1.amzn2.noarch.rpm                                                      | 190 kB  00:00:00
(31/33): xorg-x11-font-utils-7.5-21.amzn2.x86_64.rpm                                               | 103 kB  00:00:00
(32/33): xorg-x11-fonts-Type1-7.5-9.amzn2.noarch.rpm                                               | 521 kB  00:00:00
(33/33): java-11-openjdk-headless-11.0.13.0.8-1.amzn2.0.3.x86_64.rpm                               |  39 MB  00:00:00
--------------------------------------------------------------------------------------------------------------------------
Total                                                                                      53 MB/s |  46 MB  00:00:00
Running transaction check
Running transaction test
Transaction test succeeded
Running transaction
  Installing : libICE-1.0.9-9.amzn2.0.2.x86_64                                                                       1/33
  Installing : libxslt-1.1.28-6.amzn2.x86_64                                                                         2/33
  Installing : fontpackages-filesystem-1.44-8.amzn2.noarch                                                           3/33
  Installing : dejavu-fonts-common-2.33-6.amzn2.noarch                                                               4/33
  Installing : dejavu-sans-fonts-2.33-6.amzn2.noarch                                                                 5/33
  Installing : fontconfig-2.13.0-4.3.amzn2.x86_64                                                                    6/33
  Installing : python-lxml-3.2.1-4.amzn2.0.3.x86_64                                                                  7/33
  Installing : python-javapackages-3.4.1-11.amzn2.noarch                                                             8/33
  Installing : javapackages-tools-3.4.1-11.amzn2.noarch                                                              9/33
  Installing : libSM-1.2.2-2.amzn2.0.2.x86_64                                                                       10/33
  Installing : log4j-cve-2021-44228-hotpatch-1.1-16.amzn2.noarch                                                    11/33
Created symlink from /etc/systemd/system/multi-user.target.wants/log4j-cve-2021-44228-hotpatch.service to /usr/lib/systemd/system/log4j-cve-2021-44228-hotpatch.service.
  Installing : tzdata-java-2022a-1.amzn2.noarch                                                                     12/33
  Installing : alsa-lib-1.1.4.1-2.amzn2.x86_64                                                                      13/33
  Installing : copy-jdk-configs-3.3-10.amzn2.noarch                                                                 14/33
  Installing : pcsc-lite-libs-1.8.8-7.amzn2.x86_64                                                                  15/33
  Installing : avahi-libs-0.6.31-20.amzn2.x86_64                                                                    16/33
  Installing : 1:cups-libs-1.6.3-51.amzn2.x86_64                                                                    17/33
  Installing : libfontenc-1.1.3-3.amzn2.0.2.x86_64                                                                  18/33
  Installing : 1:xorg-x11-font-utils-7.5-21.amzn2.x86_64                                                            19/33
  Installing : libXau-1.0.8-2.1.amzn2.0.2.x86_64                                                                    20/33
  Installing : libxcb-1.12-1.amzn2.0.2.x86_64                                                                       21/33
  Installing : libX11-common-1.6.7-3.amzn2.0.2.noarch                                                               22/33
  Installing : libX11-1.6.7-3.amzn2.0.2.x86_64                                                                      23/33
  Installing : libXext-1.3.3-3.amzn2.0.2.x86_64                                                                     24/33
  Installing : libXi-1.7.9-1.amzn2.0.2.x86_64                                                                       25/33
  Installing : libXtst-1.2.3-1.amzn2.0.2.x86_64                                                                     26/33
  Installing : libXrender-0.9.10-1.amzn2.0.2.x86_64                                                                 27/33
  Installing : giflib-4.1.6-9.amzn2.0.2.x86_64                                                                      28/33
  Installing : ttmkfdir-3.0.9-42.amzn2.0.2.x86_64                                                                   29/33
  Installing : xorg-x11-fonts-Type1-7.5-9.amzn2.noarch                                                              30/33
  Installing : lksctp-tools-1.0.17-2.amzn2.0.2.x86_64                                                               31/33
  Installing : 1:java-11-openjdk-headless-11.0.13.0.8-1.amzn2.0.3.x86_64                                            32/33
  Installing : 1:java-11-openjdk-11.0.13.0.8-1.amzn2.0.3.x86_64                                                     33/33
  Verifying  : 1:java-11-openjdk-11.0.13.0.8-1.amzn2.0.3.x86_64                                                      1/33
  Verifying  : libSM-1.2.2-2.amzn2.0.2.x86_64                                                                        2/33
  Verifying  : python-lxml-3.2.1-4.amzn2.0.3.x86_64                                                                  3/33
  Verifying  : fontpackages-filesystem-1.44-8.amzn2.noarch                                                           4/33
  Verifying  : libxcb-1.12-1.amzn2.0.2.x86_64                                                                        5/33
  Verifying  : libXext-1.3.3-3.amzn2.0.2.x86_64                                                                      6/33
  Verifying  : libX11-1.6.7-3.amzn2.0.2.x86_64                                                                       7/33
  Verifying  : lksctp-tools-1.0.17-2.amzn2.0.2.x86_64                                                                8/33
  Verifying  : ttmkfdir-3.0.9-42.amzn2.0.2.x86_64                                                                    9/33
  Verifying  : libX11-common-1.6.7-3.amzn2.0.2.noarch                                                               10/33
  Verifying  : dejavu-fonts-common-2.33-6.amzn2.noarch                                                              11/33
  Verifying  : 1:cups-libs-1.6.3-51.amzn2.x86_64                                                                    12/33
  Verifying  : libXau-1.0.8-2.1.amzn2.0.2.x86_64                                                                    13/33
  Verifying  : libfontenc-1.1.3-3.amzn2.0.2.x86_64                                                                  14/33
  Verifying  : xorg-x11-fonts-Type1-7.5-9.amzn2.noarch                                                              15/33
  Verifying  : 1:java-11-openjdk-headless-11.0.13.0.8-1.amzn2.0.3.x86_64                                            16/33
  Verifying  : 1:xorg-x11-font-utils-7.5-21.amzn2.x86_64                                                            17/33
  Verifying  : libXrender-0.9.10-1.amzn2.0.2.x86_64                                                                 18/33
  Verifying  : avahi-libs-0.6.31-20.amzn2.x86_64                                                                    19/33
  Verifying  : dejavu-sans-fonts-2.33-6.amzn2.noarch                                                                20/33
  Verifying  : fontconfig-2.13.0-4.3.amzn2.x86_64                                                                   21/33
  Verifying  : pcsc-lite-libs-1.8.8-7.amzn2.x86_64                                                                  22/33
  Verifying  : giflib-4.1.6-9.amzn2.0.2.x86_64                                                                      23/33
  Verifying  : libXi-1.7.9-1.amzn2.0.2.x86_64                                                                       24/33
  Verifying  : libxslt-1.1.28-6.amzn2.x86_64                                                                        25/33
  Verifying  : python-javapackages-3.4.1-11.amzn2.noarch                                                            26/33
  Verifying  : libXtst-1.2.3-1.amzn2.0.2.x86_64                                                                     27/33
  Verifying  : copy-jdk-configs-3.3-10.amzn2.noarch                                                                 28/33
  Verifying  : alsa-lib-1.1.4.1-2.amzn2.x86_64                                                                      29/33
  Verifying  : libICE-1.0.9-9.amzn2.0.2.x86_64                                                                      30/33
  Verifying  : tzdata-java-2022a-1.amzn2.noarch                                                                     31/33
  Verifying  : log4j-cve-2021-44228-hotpatch-1.1-16.amzn2.noarch                                                    32/33
  Verifying  : javapackages-tools-3.4.1-11.amzn2.noarch                                                             33/33

Installed:
  java-11-openjdk.x86_64 1:11.0.13.0.8-1.amzn2.0.3

Dependency Installed:
  alsa-lib.x86_64 0:1.1.4.1-2.amzn2                        avahi-libs.x86_64 0:0.6.31-20.amzn2
  copy-jdk-configs.noarch 0:3.3-10.amzn2                   cups-libs.x86_64 1:1.6.3-51.amzn2
  dejavu-fonts-common.noarch 0:2.33-6.amzn2                dejavu-sans-fonts.noarch 0:2.33-6.amzn2
  fontconfig.x86_64 0:2.13.0-4.3.amzn2                     fontpackages-filesystem.noarch 0:1.44-8.amzn2
  giflib.x86_64 0:4.1.6-9.amzn2.0.2                        java-11-openjdk-headless.x86_64 1:11.0.13.0.8-1.amzn2.0.3
  javapackages-tools.noarch 0:3.4.1-11.amzn2               libICE.x86_64 0:1.0.9-9.amzn2.0.2
  libSM.x86_64 0:1.2.2-2.amzn2.0.2                         libX11.x86_64 0:1.6.7-3.amzn2.0.2
  libX11-common.noarch 0:1.6.7-3.amzn2.0.2                 libXau.x86_64 0:1.0.8-2.1.amzn2.0.2
  libXext.x86_64 0:1.3.3-3.amzn2.0.2                       libXi.x86_64 0:1.7.9-1.amzn2.0.2
  libXrender.x86_64 0:0.9.10-1.amzn2.0.2                   libXtst.x86_64 0:1.2.3-1.amzn2.0.2
  libfontenc.x86_64 0:1.1.3-3.amzn2.0.2                    libxcb.x86_64 0:1.12-1.amzn2.0.2
  libxslt.x86_64 0:1.1.28-6.amzn2                          lksctp-tools.x86_64 0:1.0.17-2.amzn2.0.2
  log4j-cve-2021-44228-hotpatch.noarch 0:1.1-16.amzn2      pcsc-lite-libs.x86_64 0:1.8.8-7.amzn2
  python-javapackages.noarch 0:3.4.1-11.amzn2              python-lxml.x86_64 0:3.2.1-4.amzn2.0.3
  ttmkfdir.x86_64 0:3.0.9-42.amzn2.0.2                     tzdata-java.noarch 0:2022a-1.amzn2
  xorg-x11-font-utils.x86_64 1:7.5-21.amzn2                xorg-x11-fonts-Type1.noarch 0:7.5-9.amzn2

Complete!
  0  ansible2                 available    \
        [ =2.4.2  =2.4.6  =2.8  =stable ]
  2  httpd_modules            available    [ =1.0  =stable ]
  3  memcached1.5             available    \
        [ =1.5.1  =1.5.16  =1.5.17 ]
  5  postgresql9.6            available    \
        [ =9.6.6  =9.6.8  =stable ]
  6  postgresql10             available    [ =10  =stable ]
  9  R3.4                     available    [ =3.4.3  =stable ]
 10  rust1                    available    \
        [ =1.22.1  =1.26.0  =1.26.1  =1.27.2  =1.31.0  =1.38.0
          =stable ]
 11  vim                      available    [ =8.0  =stable ]
 18  libreoffice              available    \
        [ =5.0.6.2_15  =5.3.6.1  =stable ]
 19  gimp                     available    [ =2.8.22 ]
 20  docker=latest            enabled      \
        [ =17.12.1  =18.03.1  =18.06.1  =18.09.9  =stable ]
 21  mate-desktop1.x          available    \
        [ =1.19.0  =1.20.0  =stable ]
 22  GraphicsMagick1.3        available    \
        [ =1.3.29  =1.3.32  =1.3.34  =stable ]
 23  tomcat8.5                available    \
        [ =8.5.31  =8.5.32  =8.5.38  =8.5.40  =8.5.42  =8.5.50
          =stable ]
 24  epel                     available    [ =7.11  =stable ]
 25  testing                  available    [ =1.0  =stable ]
 26  ecs                      available    [ =stable ]
 27  corretto8                available    \
        [ =1.8.0_192  =1.8.0_202  =1.8.0_212  =1.8.0_222  =1.8.0_232
          =1.8.0_242  =stable ]
 28  firecracker              available    [ =0.11  =stable ]
 29  golang1.11               available    \
        [ =1.11.3  =1.11.11  =1.11.13  =stable ]
 30  squid4                   available    [ =4  =stable ]
 32  lustre2.10               available    \
        [ =2.10.5  =2.10.8  =stable ]
 33  java-openjdk11=latest    enabled      [ =11  =stable ]
 34  lynis                    available    [ =stable ]
 35  kernel-ng                available    [ =stable ]
 36  BCC                      available    [ =0.x  =stable ]
 37  mono                     available    [ =5.x  =stable ]
 38  nginx1                   available    [ =stable ]
 39  ruby2.6                  available    [ =2.6  =stable ]
 40  mock                     available    [ =stable ]
 41  postgresql11             available    [ =11  =stable ]
 42  php7.4                   available    [ =stable ]
 43  livepatch                available    [ =stable ]
 44  python3.8                available    [ =stable ]
 45  haproxy2                 available    [ =stable ]
 46  collectd                 available    [ =stable ]
 47  aws-nitro-enclaves-cli   available    [ =stable ]
 48  R4                       available    [ =stable ]
  _  kernel-5.4               available    [ =stable ]
 50  selinux-ng               available    [ =stable ]
 51  php8.0                   available    [ =stable ]
 52  tomcat9                  available    [ =stable ]
 53  unbound1.13              available    [ =stable ]
 54  mariadb10.5              available    [ =stable ]
 55  kernel-5.10=latest       enabled      [ =stable ]
 56  redis6                   available    [ =stable ]
 57  ruby3.0                  available    [ =stable ]
 58  postgresql12             available    [ =stable ]
 59  postgresql13             available    [ =stable ]
 60  mock2                    available    [ =stable ]
 61  dnsmasq2.85              available    [ =stable ]
[root@ip-172-31-94-176 ec2-user]# java -version
openjdk version "11.0.13" 2021-10-19 LTS
OpenJDK Runtime Environment 18.9 (build 11.0.13+8-LTS)
OpenJDK 64-Bit Server VM 18.9 (build 11.0.13+8-LTS, mixed mode, sharing)
[root@ip-172-31-94-176 ec2-user]# sudo /usr/sbin/alternatives --config java

There is 1 program that provides 'java'.

  Selection    Command
-----------------------------------------------
*+ 1           java-11-openjdk.x86_64 (/usr/lib/jvm/java-11-openjdk-11.0.13.0.8-1.amzn2.0.3.x86_64/bin/java)

Enter to keep the current selection[+], or type selection number:
[root@ip-172-31-94-176 ec2-user]# java -version
openjdk version "11.0.13" 2021-10-19 LTS
OpenJDK Runtime Environment 18.9 (build 11.0.13+8-LTS)
OpenJDK 64-Bit Server VM 18.9 (build 11.0.13+8-LTS, mixed mode, sharing)
[root@ip-172-31-94-176 ec2-user]# sudo amazon-linux-extras install java-openjdk10 -y
Topic java-openjdk10 is not found.
[root@ip-172-31-94-176 ec2-user]# sudo amazon-linux-extras install java-openjdk8 -y
Topic java-openjdk8 is not found.
[root@ip-172-31-94-176 ec2-user]# sudo amazon-linux-extras install java-openjdk12 -y
Topic java-openjdk12 is not found.
[root@ip-172-31-94-176 ec2-user]# sudo amazon-linux-extras install java-openjdk1.8 -y
Topic java-openjdk1.8 is not found.
[root@ip-172-31-94-176 ec2-user]# sudo amazon-linux-extras install openjdk-8-jdk -y
Topic openjdk-8-jdk is not found.
[root@ip-172-31-94-176 ec2-user]# sudo yum install java-1.8.0-openjdk
Loaded plugins: extras_suggestions, langpacks, priorities, update-motd
amzn2-core                                                                                         | 3.7 kB  00:00:00
Resolving Dependencies
--> Running transaction check
---> Package java-1.8.0-openjdk.x86_64 1:1.8.0.312.b07-1.amzn2.0.2 will be installed
--> Processing Dependency: java-1.8.0-openjdk-headless(x86-64) = 1:1.8.0.312.b07-1.amzn2.0.2 for package: 1:java-1.8.0-openjdk-1.8.0.312.b07-1.amzn2.0.2.x86_64
--> Processing Dependency: libjava.so(SUNWprivate_1.1)(64bit) for package: 1:java-1.8.0-openjdk-1.8.0.312.b07-1.amzn2.0.2.x86_64
--> Processing Dependency: libXcomposite(x86-64) for package: 1:java-1.8.0-openjdk-1.8.0.312.b07-1.amzn2.0.2.x86_64
--> Processing Dependency: gtk2(x86-64) for package: 1:java-1.8.0-openjdk-1.8.0.312.b07-1.amzn2.0.2.x86_64
--> Running transaction check
---> Package gtk2.x86_64 0:2.24.31-1.amzn2.0.2 will be installed
--> Processing Dependency: pango >= 1.20.0-1 for package: gtk2-2.24.31-1.amzn2.0.2.x86_64
--> Processing Dependency: libXrandr >= 1.2.99.4-2 for package: gtk2-2.24.31-1.amzn2.0.2.x86_64
--> Processing Dependency: atk >= 1.29.4-2 for package: gtk2-2.24.31-1.amzn2.0.2.x86_64
--> Processing Dependency: hicolor-icon-theme for package: gtk2-2.24.31-1.amzn2.0.2.x86_64
--> Processing Dependency: gtk-update-icon-cache for package: gtk2-2.24.31-1.amzn2.0.2.x86_64
--> Processing Dependency: libpangoft2-1.0.so.0()(64bit) for package: gtk2-2.24.31-1.amzn2.0.2.x86_64
--> Processing Dependency: libpangocairo-1.0.so.0()(64bit) for package: gtk2-2.24.31-1.amzn2.0.2.x86_64
--> Processing Dependency: libpango-1.0.so.0()(64bit) for package: gtk2-2.24.31-1.amzn2.0.2.x86_64
--> Processing Dependency: libgdk_pixbuf-2.0.so.0()(64bit) for package: gtk2-2.24.31-1.amzn2.0.2.x86_64
--> Processing Dependency: libcairo.so.2()(64bit) for package: gtk2-2.24.31-1.amzn2.0.2.x86_64
--> Processing Dependency: libatk-1.0.so.0()(64bit) for package: gtk2-2.24.31-1.amzn2.0.2.x86_64
--> Processing Dependency: libXrandr.so.2()(64bit) for package: gtk2-2.24.31-1.amzn2.0.2.x86_64
--> Processing Dependency: libXinerama.so.1()(64bit) for package: gtk2-2.24.31-1.amzn2.0.2.x86_64
--> Processing Dependency: libXfixes.so.3()(64bit) for package: gtk2-2.24.31-1.amzn2.0.2.x86_64
--> Processing Dependency: libXdamage.so.1()(64bit) for package: gtk2-2.24.31-1.amzn2.0.2.x86_64
--> Processing Dependency: libXcursor.so.1()(64bit) for package: gtk2-2.24.31-1.amzn2.0.2.x86_64
---> Package java-1.8.0-openjdk-headless.x86_64 1:1.8.0.312.b07-1.amzn2.0.2 will be installed
---> Package libXcomposite.x86_64 0:0.4.4-4.1.amzn2.0.2 will be installed
--> Running transaction check
---> Package atk.x86_64 0:2.22.0-3.amzn2.0.2 will be installed
---> Package cairo.x86_64 0:1.15.12-4.amzn2 will be installed
--> Processing Dependency: libpixman-1.so.0()(64bit) for package: cairo-1.15.12-4.amzn2.x86_64
--> Processing Dependency: libGL.so.1()(64bit) for package: cairo-1.15.12-4.amzn2.x86_64
--> Processing Dependency: libEGL.so.1()(64bit) for package: cairo-1.15.12-4.amzn2.x86_64
---> Package gdk-pixbuf2.x86_64 0:2.36.12-3.amzn2 will be installed
--> Processing Dependency: libjasper.so.1()(64bit) for package: gdk-pixbuf2-2.36.12-3.amzn2.x86_64
---> Package gtk-update-icon-cache.x86_64 0:3.22.30-3.amzn2 will be installed
---> Package hicolor-icon-theme.noarch 0:0.12-7.amzn2 will be installed
---> Package libXcursor.x86_64 0:1.1.15-1.amzn2 will be installed
---> Package libXdamage.x86_64 0:1.1.4-4.1.amzn2.0.2 will be installed
---> Package libXfixes.x86_64 0:5.0.3-1.amzn2.0.2 will be installed
---> Package libXinerama.x86_64 0:1.1.3-2.1.amzn2.0.2 will be installed
---> Package libXrandr.x86_64 0:1.5.1-2.amzn2.0.3 will be installed
---> Package pango.x86_64 0:1.42.4-4.amzn2 will be installed
--> Processing Dependency: libthai(x86-64) >= 0.1.9 for package: pango-1.42.4-4.amzn2.x86_64
--> Processing Dependency: libXft(x86-64) >= 2.0.0 for package: pango-1.42.4-4.amzn2.x86_64
--> Processing Dependency: harfbuzz(x86-64) >= 1.4.2 for package: pango-1.42.4-4.amzn2.x86_64
--> Processing Dependency: fribidi(x86-64) >= 1.0 for package: pango-1.42.4-4.amzn2.x86_64
--> Processing Dependency: libthai.so.0(LIBTHAI_0.1)(64bit) for package: pango-1.42.4-4.amzn2.x86_64
--> Processing Dependency: libthai.so.0()(64bit) for package: pango-1.42.4-4.amzn2.x86_64
--> Processing Dependency: libharfbuzz.so.0()(64bit) for package: pango-1.42.4-4.amzn2.x86_64
--> Processing Dependency: libfribidi.so.0()(64bit) for package: pango-1.42.4-4.amzn2.x86_64
--> Processing Dependency: libXft.so.2()(64bit) for package: pango-1.42.4-4.amzn2.x86_64
--> Running transaction check
---> Package fribidi.x86_64 0:1.0.2-1.amzn2.1 will be installed
---> Package harfbuzz.x86_64 0:1.7.5-2.amzn2 will be installed
--> Processing Dependency: libgraphite2.so.3()(64bit) for package: harfbuzz-1.7.5-2.amzn2.x86_64
---> Package jasper-libs.x86_64 0:1.900.1-33.amzn2 will be installed
---> Package libXft.x86_64 0:2.3.2-2.amzn2.0.2 will be installed
---> Package libglvnd-egl.x86_64 1:1.0.1-0.1.git5baa1e5.amzn2.0.1 will be installed
--> Processing Dependency: libglvnd(x86-64) = 1:1.0.1-0.1.git5baa1e5.amzn2.0.1 for package: 1:libglvnd-egl-1.0.1-0.1.git5baa1e5.amzn2.0.1.x86_64
--> Processing Dependency: mesa-libEGL(x86-64) >= 13.0.4-1 for package: 1:libglvnd-egl-1.0.1-0.1.git5baa1e5.amzn2.0.1.x86_64
--> Processing Dependency: libGLdispatch.so.0()(64bit) for package: 1:libglvnd-egl-1.0.1-0.1.git5baa1e5.amzn2.0.1.x86_64
---> Package libglvnd-glx.x86_64 1:1.0.1-0.1.git5baa1e5.amzn2.0.1 will be installed
--> Processing Dependency: mesa-libGL(x86-64) >= 13.0.4-1 for package: 1:libglvnd-glx-1.0.1-0.1.git5baa1e5.amzn2.0.1.x86_64
---> Package libthai.x86_64 0:0.1.14-9.amzn2.0.2 will be installed
---> Package pixman.x86_64 0:0.34.0-1.amzn2.0.2 will be installed
--> Running transaction check
---> Package graphite2.x86_64 0:1.3.10-1.amzn2.0.2 will be installed
---> Package libglvnd.x86_64 1:1.0.1-0.1.git5baa1e5.amzn2.0.1 will be installed
---> Package mesa-libEGL.x86_64 0:18.3.4-5.amzn2.0.1 will be installed
--> Processing Dependency: mesa-libgbm = 18.3.4-5.amzn2.0.1 for package: mesa-libEGL-18.3.4-5.amzn2.0.1.x86_64
--> Processing Dependency: libxshmfence.so.1()(64bit) for package: mesa-libEGL-18.3.4-5.amzn2.0.1.x86_64
--> Processing Dependency: libwayland-server.so.0()(64bit) for package: mesa-libEGL-18.3.4-5.amzn2.0.1.x86_64
--> Processing Dependency: libwayland-client.so.0()(64bit) for package: mesa-libEGL-18.3.4-5.amzn2.0.1.x86_64
--> Processing Dependency: libglapi.so.0()(64bit) for package: mesa-libEGL-18.3.4-5.amzn2.0.1.x86_64
--> Processing Dependency: libgbm.so.1()(64bit) for package: mesa-libEGL-18.3.4-5.amzn2.0.1.x86_64
---> Package mesa-libGL.x86_64 0:18.3.4-5.amzn2.0.1 will be installed
--> Processing Dependency: libXxf86vm.so.1()(64bit) for package: mesa-libGL-18.3.4-5.amzn2.0.1.x86_64
--> Running transaction check
---> Package libXxf86vm.x86_64 0:1.1.4-1.amzn2.0.2 will be installed
---> Package libwayland-client.x86_64 0:1.17.0-1.amzn2 will be installed
---> Package libwayland-server.x86_64 0:1.17.0-1.amzn2 will be installed
---> Package libxshmfence.x86_64 0:1.2-1.amzn2.0.2 will be installed
---> Package mesa-libgbm.x86_64 0:18.3.4-5.amzn2.0.1 will be installed
---> Package mesa-libglapi.x86_64 0:18.3.4-5.amzn2.0.1 will be installed
--> Finished Dependency Resolution

Dependencies Resolved

==========================================================================================================================
 Package                              Arch            Version                                   Repository           Size
==========================================================================================================================
Installing:
 java-1.8.0-openjdk                   x86_64          1:1.8.0.312.b07-1.amzn2.0.2               amzn2-core          310 k
Installing for dependencies:
 atk                                  x86_64          2.22.0-3.amzn2.0.2                        amzn2-core          258 k
 cairo                                x86_64          1.15.12-4.amzn2                           amzn2-core          732 k
 fribidi                              x86_64          1.0.2-1.amzn2.1                           amzn2-core           79 k
 gdk-pixbuf2                          x86_64          2.36.12-3.amzn2                           amzn2-core          568 k
 graphite2                            x86_64          1.3.10-1.amzn2.0.2                        amzn2-core          115 k
 gtk-update-icon-cache                x86_64          3.22.30-3.amzn2                           amzn2-core           26 k
 gtk2                                 x86_64          2.24.31-1.amzn2.0.2                       amzn2-core          3.4 M
 harfbuzz                             x86_64          1.7.5-2.amzn2                             amzn2-core          279 k
 hicolor-icon-theme                   noarch          0.12-7.amzn2                              amzn2-core           43 k
 jasper-libs                          x86_64          1.900.1-33.amzn2                          amzn2-core          150 k
 java-1.8.0-openjdk-headless          x86_64          1:1.8.0.312.b07-1.amzn2.0.2               amzn2-core           33 M
 libXcomposite                        x86_64          0.4.4-4.1.amzn2.0.2                       amzn2-core           22 k
 libXcursor                           x86_64          1.1.15-1.amzn2                            amzn2-core           30 k
 libXdamage                           x86_64          1.1.4-4.1.amzn2.0.2                       amzn2-core           20 k
 libXfixes                            x86_64          5.0.3-1.amzn2.0.2                         amzn2-core           18 k
 libXft                               x86_64          2.3.2-2.amzn2.0.2                         amzn2-core           60 k
 libXinerama                          x86_64          1.1.3-2.1.amzn2.0.2                       amzn2-core           14 k
 libXrandr                            x86_64          1.5.1-2.amzn2.0.3                         amzn2-core           27 k
 libXxf86vm                           x86_64          1.1.4-1.amzn2.0.2                         amzn2-core           17 k
 libglvnd                             x86_64          1:1.0.1-0.1.git5baa1e5.amzn2.0.1          amzn2-core           89 k
 libglvnd-egl                         x86_64          1:1.0.1-0.1.git5baa1e5.amzn2.0.1          amzn2-core           43 k
 libglvnd-glx                         x86_64          1:1.0.1-0.1.git5baa1e5.amzn2.0.1          amzn2-core          125 k
 libthai                              x86_64          0.1.14-9.amzn2.0.2                        amzn2-core          187 k
 libwayland-client                    x86_64          1.17.0-1.amzn2                            amzn2-core           34 k
 libwayland-server                    x86_64          1.17.0-1.amzn2                            amzn2-core           40 k
 libxshmfence                         x86_64          1.2-1.amzn2.0.2                           amzn2-core          7.2 k
 mesa-libEGL                          x86_64          18.3.4-5.amzn2.0.1                        amzn2-core          108 k
 mesa-libGL                           x86_64          18.3.4-5.amzn2.0.1                        amzn2-core          162 k
 mesa-libgbm                          x86_64          18.3.4-5.amzn2.0.1                        amzn2-core           38 k
 mesa-libglapi                        x86_64          18.3.4-5.amzn2.0.1                        amzn2-core           45 k
 pango                                x86_64          1.42.4-4.amzn2                            amzn2-core          280 k
 pixman                               x86_64          0.34.0-1.amzn2.0.2                        amzn2-core          254 k

Transaction Summary
==========================================================================================================================
Install  1 Package (+32 Dependent packages)

Total download size: 41 M
Installed size: 136 M
Is this ok [y/d/N]: y
Downloading packages:
(1/33): atk-2.22.0-3.amzn2.0.2.x86_64.rpm                                                          | 258 kB  00:00:00
(2/33): cairo-1.15.12-4.amzn2.x86_64.rpm                                                           | 732 kB  00:00:00
(3/33): fribidi-1.0.2-1.amzn2.1.x86_64.rpm                                                         |  79 kB  00:00:00
(4/33): graphite2-1.3.10-1.amzn2.0.2.x86_64.rpm                                                    | 115 kB  00:00:00
(5/33): gdk-pixbuf2-2.36.12-3.amzn2.x86_64.rpm                                                     | 568 kB  00:00:00
(6/33): gtk-update-icon-cache-3.22.30-3.amzn2.x86_64.rpm                                           |  26 kB  00:00:00
(7/33): harfbuzz-1.7.5-2.amzn2.x86_64.rpm                                                          | 279 kB  00:00:00
(8/33): hicolor-icon-theme-0.12-7.amzn2.noarch.rpm                                                 |  43 kB  00:00:00
(9/33): jasper-libs-1.900.1-33.amzn2.x86_64.rpm                                                    | 150 kB  00:00:00
(10/33): java-1.8.0-openjdk-1.8.0.312.b07-1.amzn2.0.2.x86_64.rpm                                   | 310 kB  00:00:00
(11/33): gtk2-2.24.31-1.amzn2.0.2.x86_64.rpm                                                       | 3.4 MB  00:00:00
(12/33): libXcomposite-0.4.4-4.1.amzn2.0.2.x86_64.rpm                                              |  22 kB  00:00:00
(13/33): libXcursor-1.1.15-1.amzn2.x86_64.rpm                                                      |  30 kB  00:00:00
(14/33): libXdamage-1.1.4-4.1.amzn2.0.2.x86_64.rpm                                                 |  20 kB  00:00:00
(15/33): libXfixes-5.0.3-1.amzn2.0.2.x86_64.rpm                                                    |  18 kB  00:00:00
(16/33): libXft-2.3.2-2.amzn2.0.2.x86_64.rpm                                                       |  60 kB  00:00:00
(17/33): libXinerama-1.1.3-2.1.amzn2.0.2.x86_64.rpm                                                |  14 kB  00:00:00
(18/33): libXrandr-1.5.1-2.amzn2.0.3.x86_64.rpm                                                    |  27 kB  00:00:00
(19/33): libXxf86vm-1.1.4-1.amzn2.0.2.x86_64.rpm                                                   |  17 kB  00:00:00
(20/33): libglvnd-1.0.1-0.1.git5baa1e5.amzn2.0.1.x86_64.rpm                                        |  89 kB  00:00:00
(21/33): libglvnd-egl-1.0.1-0.1.git5baa1e5.amzn2.0.1.x86_64.rpm                                    |  43 kB  00:00:00
(22/33): libglvnd-glx-1.0.1-0.1.git5baa1e5.amzn2.0.1.x86_64.rpm                                    | 125 kB  00:00:00
(23/33): libthai-0.1.14-9.amzn2.0.2.x86_64.rpm                                                     | 187 kB  00:00:00
(24/33): libwayland-client-1.17.0-1.amzn2.x86_64.rpm                                               |  34 kB  00:00:00
(25/33): libwayland-server-1.17.0-1.amzn2.x86_64.rpm                                               |  40 kB  00:00:00
(26/33): libxshmfence-1.2-1.amzn2.0.2.x86_64.rpm                                                   | 7.2 kB  00:00:00
(27/33): mesa-libEGL-18.3.4-5.amzn2.0.1.x86_64.rpm                                                 | 108 kB  00:00:00
(28/33): mesa-libGL-18.3.4-5.amzn2.0.1.x86_64.rpm                                                  | 162 kB  00:00:00
(29/33): mesa-libgbm-18.3.4-5.amzn2.0.1.x86_64.rpm                                                 |  38 kB  00:00:00
(30/33): mesa-libglapi-18.3.4-5.amzn2.0.1.x86_64.rpm                                               |  45 kB  00:00:00
(31/33): pango-1.42.4-4.amzn2.x86_64.rpm                                                           | 280 kB  00:00:00
(32/33): pixman-0.34.0-1.amzn2.0.2.x86_64.rpm                                                      | 254 kB  00:00:00
(33/33): java-1.8.0-openjdk-headless-1.8.0.312.b07-1.amzn2.0.2.x86_64.rpm                          |  33 MB  00:00:01
--------------------------------------------------------------------------------------------------------------------------
Total                                                                                      20 MB/s |  41 MB  00:00:02
Running transaction check
Running transaction test
Transaction test succeeded
Running transaction
  Installing : libXfixes-5.0.3-1.amzn2.0.2.x86_64                                                                    1/33
  Installing : mesa-libglapi-18.3.4-5.amzn2.0.1.x86_64                                                               2/33
  Installing : libXdamage-1.1.4-4.1.amzn2.0.2.x86_64                                                                 3/33
  Installing : libXcomposite-0.4.4-4.1.amzn2.0.2.x86_64                                                              4/33
  Installing : 1:libglvnd-1.0.1-0.1.git5baa1e5.amzn2.0.1.x86_64                                                      5/33
  Installing : libxshmfence-1.2-1.amzn2.0.2.x86_64                                                                   6/33
  Installing : libwayland-server-1.17.0-1.amzn2.x86_64                                                               7/33
  Installing : mesa-libgbm-18.3.4-5.amzn2.0.1.x86_64                                                                 8/33
  Installing : libXcursor-1.1.15-1.amzn2.x86_64                                                                      9/33
  Installing : graphite2-1.3.10-1.amzn2.0.2.x86_64                                                                  10/33
  Installing : harfbuzz-1.7.5-2.amzn2.x86_64                                                                        11/33
  Installing : fribidi-1.0.2-1.amzn2.1.x86_64                                                                       12/33
  Installing : jasper-libs-1.900.1-33.amzn2.x86_64                                                                  13/33
  Installing : gdk-pixbuf2-2.36.12-3.amzn2.x86_64                                                                   14/33
  Installing : gtk-update-icon-cache-3.22.30-3.amzn2.x86_64                                                         15/33
  Installing : libthai-0.1.14-9.amzn2.0.2.x86_64                                                                    16/33
  Installing : 1:java-1.8.0-openjdk-headless-1.8.0.312.b07-1.amzn2.0.2.x86_64                                       17/33
  Installing : libwayland-client-1.17.0-1.amzn2.x86_64                                                              18/33
  Installing : 1:libglvnd-egl-1.0.1-0.1.git5baa1e5.amzn2.0.1.x86_64                                                 19/33
  Installing : mesa-libEGL-18.3.4-5.amzn2.0.1.x86_64                                                                20/33
  Installing : libXxf86vm-1.1.4-1.amzn2.0.2.x86_64                                                                  21/33
  Installing : 1:libglvnd-glx-1.0.1-0.1.git5baa1e5.amzn2.0.1.x86_64                                                 22/33
  Installing : mesa-libGL-18.3.4-5.amzn2.0.1.x86_64                                                                 23/33
  Installing : libXinerama-1.1.3-2.1.amzn2.0.2.x86_64                                                               24/33
  Installing : hicolor-icon-theme-0.12-7.amzn2.noarch                                                               25/33
  Installing : atk-2.22.0-3.amzn2.0.2.x86_64                                                                        26/33
  Installing : libXft-2.3.2-2.amzn2.0.2.x86_64                                                                      27/33
  Installing : libXrandr-1.5.1-2.amzn2.0.3.x86_64                                                                   28/33
  Installing : pixman-0.34.0-1.amzn2.0.2.x86_64                                                                     29/33
  Installing : cairo-1.15.12-4.amzn2.x86_64                                                                         30/33
  Installing : pango-1.42.4-4.amzn2.x86_64                                                                          31/33
  Installing : gtk2-2.24.31-1.amzn2.0.2.x86_64                                                                      32/33
  Installing : 1:java-1.8.0-openjdk-1.8.0.312.b07-1.amzn2.0.2.x86_64                                                33/33
  Verifying  : libwayland-server-1.17.0-1.amzn2.x86_64                                                               1/33
  Verifying  : libxshmfence-1.2-1.amzn2.0.2.x86_64                                                                   2/33
  Verifying  : 1:libglvnd-1.0.1-0.1.git5baa1e5.amzn2.0.1.x86_64                                                      3/33
  Verifying  : 1:libglvnd-egl-1.0.1-0.1.git5baa1e5.amzn2.0.1.x86_64                                                  4/33
  Verifying  : mesa-libEGL-18.3.4-5.amzn2.0.1.x86_64                                                                 5/33
  Verifying  : libXdamage-1.1.4-4.1.amzn2.0.2.x86_64                                                                 6/33
  Verifying  : pango-1.42.4-4.amzn2.x86_64                                                                           7/33
  Verifying  : pixman-0.34.0-1.amzn2.0.2.x86_64                                                                      8/33
  Verifying  : libXrandr-1.5.1-2.amzn2.0.3.x86_64                                                                    9/33
  Verifying  : mesa-libGL-18.3.4-5.amzn2.0.1.x86_64                                                                 10/33
  Verifying  : 1:java-1.8.0-openjdk-1.8.0.312.b07-1.amzn2.0.2.x86_64                                                11/33
  Verifying  : mesa-libglapi-18.3.4-5.amzn2.0.1.x86_64                                                              12/33
  Verifying  : libXcursor-1.1.15-1.amzn2.x86_64                                                                     13/33
  Verifying  : gtk-update-icon-cache-3.22.30-3.amzn2.x86_64                                                         14/33
  Verifying  : libXcomposite-0.4.4-4.1.amzn2.0.2.x86_64                                                             15/33
  Verifying  : libXft-2.3.2-2.amzn2.0.2.x86_64                                                                      16/33
  Verifying  : atk-2.22.0-3.amzn2.0.2.x86_64                                                                        17/33
  Verifying  : gtk2-2.24.31-1.amzn2.0.2.x86_64                                                                      18/33
  Verifying  : gdk-pixbuf2-2.36.12-3.amzn2.x86_64                                                                   19/33
  Verifying  : hicolor-icon-theme-0.12-7.amzn2.noarch                                                               20/33
  Verifying  : harfbuzz-1.7.5-2.amzn2.x86_64                                                                        21/33
  Verifying  : mesa-libgbm-18.3.4-5.amzn2.0.1.x86_64                                                                22/33
  Verifying  : libXinerama-1.1.3-2.1.amzn2.0.2.x86_64                                                               23/33
  Verifying  : cairo-1.15.12-4.amzn2.x86_64                                                                         24/33
  Verifying  : libXxf86vm-1.1.4-1.amzn2.0.2.x86_64                                                                  25/33
  Verifying  : libwayland-client-1.17.0-1.amzn2.x86_64                                                              26/33
  Verifying  : 1:java-1.8.0-openjdk-headless-1.8.0.312.b07-1.amzn2.0.2.x86_64                                       27/33
  Verifying  : libthai-0.1.14-9.amzn2.0.2.x86_64                                                                    28/33
  Verifying  : jasper-libs-1.900.1-33.amzn2.x86_64                                                                  29/33
  Verifying  : 1:libglvnd-glx-1.0.1-0.1.git5baa1e5.amzn2.0.1.x86_64                                                 30/33
  Verifying  : libXfixes-5.0.3-1.amzn2.0.2.x86_64                                                                   31/33
  Verifying  : fribidi-1.0.2-1.amzn2.1.x86_64                                                                       32/33
  Verifying  : graphite2-1.3.10-1.amzn2.0.2.x86_64                                                                  33/33

Installed:
  java-1.8.0-openjdk.x86_64 1:1.8.0.312.b07-1.amzn2.0.2

Dependency Installed:
  atk.x86_64 0:2.22.0-3.amzn2.0.2                                  cairo.x86_64 0:1.15.12-4.amzn2
  fribidi.x86_64 0:1.0.2-1.amzn2.1                                 gdk-pixbuf2.x86_64 0:2.36.12-3.amzn2
  graphite2.x86_64 0:1.3.10-1.amzn2.0.2                            gtk-update-icon-cache.x86_64 0:3.22.30-3.amzn2
  gtk2.x86_64 0:2.24.31-1.amzn2.0.2                                harfbuzz.x86_64 0:1.7.5-2.amzn2
  hicolor-icon-theme.noarch 0:0.12-7.amzn2                         jasper-libs.x86_64 0:1.900.1-33.amzn2
  java-1.8.0-openjdk-headless.x86_64 1:1.8.0.312.b07-1.amzn2.0.2   libXcomposite.x86_64 0:0.4.4-4.1.amzn2.0.2
  libXcursor.x86_64 0:1.1.15-1.amzn2                               libXdamage.x86_64 0:1.1.4-4.1.amzn2.0.2
  libXfixes.x86_64 0:5.0.3-1.amzn2.0.2                             libXft.x86_64 0:2.3.2-2.amzn2.0.2
  libXinerama.x86_64 0:1.1.3-2.1.amzn2.0.2                         libXrandr.x86_64 0:1.5.1-2.amzn2.0.3
  libXxf86vm.x86_64 0:1.1.4-1.amzn2.0.2                            libglvnd.x86_64 1:1.0.1-0.1.git5baa1e5.amzn2.0.1
  libglvnd-egl.x86_64 1:1.0.1-0.1.git5baa1e5.amzn2.0.1             libglvnd-glx.x86_64 1:1.0.1-0.1.git5baa1e5.amzn2.0.1
  libthai.x86_64 0:0.1.14-9.amzn2.0.2                              libwayland-client.x86_64 0:1.17.0-1.amzn2
  libwayland-server.x86_64 0:1.17.0-1.amzn2                        libxshmfence.x86_64 0:1.2-1.amzn2.0.2
  mesa-libEGL.x86_64 0:18.3.4-5.amzn2.0.1                          mesa-libGL.x86_64 0:18.3.4-5.amzn2.0.1
  mesa-libgbm.x86_64 0:18.3.4-5.amzn2.0.1                          mesa-libglapi.x86_64 0:18.3.4-5.amzn2.0.1
  pango.x86_64 0:1.42.4-4.amzn2                                    pixman.x86_64 0:0.34.0-1.amzn2.0.2

Complete!
[root@ip-172-31-94-176 ec2-user]# sudo /usr/sbin/alternatives --config java

There are 2 programs which provide 'java'.

  Selection    Command
-----------------------------------------------
 + 1           java-11-openjdk.x86_64 (/usr/lib/jvm/java-11-openjdk-11.0.13.0.8-1.amzn2.0.3.x86_64/bin/java)
*  2           java-1.8.0-openjdk.x86_64 (/usr/lib/jvm/java-1.8.0-openjdk-1.8.0.312.b07-1.amzn2.0.2.x86_64/jre/bin/java)

Enter to keep the current selection[+], or type selection number: 1
[root@ip-172-31-94-176 ec2-user]# sudo /usr/sbin/alternatives --config java

There are 2 programs which provide 'java'.

  Selection    Command
-----------------------------------------------
 + 1           java-11-openjdk.x86_64 (/usr/lib/jvm/java-11-openjdk-11.0.13.0.8-1.amzn2.0.3.x86_64/bin/java)
*  2           java-1.8.0-openjdk.x86_64 (/usr/lib/jvm/java-1.8.0-openjdk-1.8.0.312.b07-1.amzn2.0.2.x86_64/jre/bin/java)

Enter to keep the current selection[+], or type selection number: 1
[root@ip-172-31-94-176 ec2-user]# java -version
openjdk version "11.0.13" 2021-10-19 LTS
OpenJDK Runtime Environment 18.9 (build 11.0.13+8-LTS)
OpenJDK 64-Bit Server VM 18.9 (build 11.0.13+8-LTS, mixed mode, sharing)
[root@ip-172-31-94-176 ec2-user]# sudo yum install jenkins -y
Loaded plugins: extras_suggestions, langpacks, priorities, update-motd
Resolving Dependencies
--> Running transaction check
---> Package jenkins.noarch 0:2.332.3-1.1 will be installed
--> Finished Dependency Resolution

Dependencies Resolved

==========================================================================================================================
 Package                     Arch                       Version                         Repository                   Size
==========================================================================================================================
Installing:
 jenkins                     noarch                     2.332.3-1.1                     jenkins                      90 M

Transaction Summary
==========================================================================================================================
Install  1 Package

Total download size: 90 M
Installed size: 91 M
Downloading packages:
jenkins-2.332.3-1.1.noarch.rpm                                                                     |  90 MB  00:00:12
Running transaction check
Running transaction test
Transaction test succeeded
Running transaction
  Installing : jenkins-2.332.3-1.1.noarch                                                                             1/1
  Verifying  : jenkins-2.332.3-1.1.noarch                                                                             1/1

Installed:
  jenkins.noarch 0:2.332.3-1.1

Complete!
[root@ip-172-31-94-176 ec2-user]# sudo systemctl enable jenkins
Created symlink from /etc/systemd/system/multi-user.target.wants/jenkins.service to /usr/lib/systemd/system/jenkins.service.
[root@ip-172-31-94-176 ec2-user]# sudo systemctl start jenkins
[root@ip-172-31-94-176 ec2-user]# sudo systemctl status jenkins
● jenkins.service - Jenkins Continuous Integration Server
   Loaded: loaded (/usr/lib/systemd/system/jenkins.service; enabled; vendor preset: disabled)
   Active: active (running) since Tue 2022-05-31 01:54:52 UTC; 1min 5s ago
 Main PID: 10499 (java)
   CGroup: /system.slice/jenkins.service
           └─10499 /usr/bin/java -Djava.awt.headless=true -jar /usr/share/java/jenkins.war --webroot=%C/jenkins/war --h...

May 31 01:54:32 ip-172-31-94-176.ec2.internal jenkins[10499]: This may also be found at: /var/lib/jenkins/secrets/in...ord
May 31 01:54:32 ip-172-31-94-176.ec2.internal jenkins[10499]: ******************************************************...***
May 31 01:54:32 ip-172-31-94-176.ec2.internal jenkins[10499]: ******************************************************...***
May 31 01:54:32 ip-172-31-94-176.ec2.internal jenkins[10499]: ******************************************************...***
May 31 01:54:52 ip-172-31-94-176.ec2.internal jenkins[10499]: 2022-05-31 01:54:52.368+0000 [id=30]        INFO      ...ion
May 31 01:54:52 ip-172-31-94-176.ec2.internal jenkins[10499]: 2022-05-31 01:54:52.394+0000 [id=23]        INFO      ...ing
May 31 01:54:52 ip-172-31-94-176.ec2.internal systemd[1]: Started Jenkins Continuous Integration Server.
May 31 01:54:52 ip-172-31-94-176.ec2.internal jenkins[10499]: 2022-05-31 01:54:52.530+0000 [id=46]        INFO      ...ler
May 31 01:54:52 ip-172-31-94-176.ec2.internal jenkins[10499]: 2022-05-31 01:54:52.530+0000 [id=46]        INFO      ... #1
May 31 01:54:52 ip-172-31-94-176.ec2.internal jenkins[10499]: 2022-05-31 01:54:52.533+0000 [id=46]        INFO      ... ms
Hint: Some lines were ellipsized, use -l to show in full.
[root@ip-172-31-94-176 ec2-user]# sudo systemctl status jenkins -l
● jenkins.service - Jenkins Continuous Integration Server
   Loaded: loaded (/usr/lib/systemd/system/jenkins.service; enabled; vendor preset: disabled)
   Active: active (running) since Tue 2022-05-31 01:54:52 UTC; 1min 56s ago
 Main PID: 10499 (java)
   CGroup: /system.slice/jenkins.service
           └─10499 /usr/bin/java -Djava.awt.headless=true -jar /usr/share/java/jenkins.war --webroot=%C/jenkins/war --httpPort=8080

May 31 01:54:32 ip-172-31-94-176.ec2.internal jenkins[10499]: This may also be found at: /var/lib/jenkins/secrets/initialAdminPassword
May 31 01:54:32 ip-172-31-94-176.ec2.internal jenkins[10499]: *************************************************************
May 31 01:54:32 ip-172-31-94-176.ec2.internal jenkins[10499]: *************************************************************
May 31 01:54:32 ip-172-31-94-176.ec2.internal jenkins[10499]: *************************************************************
May 31 01:54:52 ip-172-31-94-176.ec2.internal jenkins[10499]: 2022-05-31 01:54:52.368+0000 [id=30]        INFO        jenkins.InitReactorRunner$1#onAttained: Completed initialization
May 31 01:54:52 ip-172-31-94-176.ec2.internal jenkins[10499]: 2022-05-31 01:54:52.394+0000 [id=23]        INFO        hudson.lifecycle.Lifecycle#onReady: Jenkins is fully up and running
May 31 01:54:52 ip-172-31-94-176.ec2.internal systemd[1]: Started Jenkins Continuous Integration Server.
May 31 01:54:52 ip-172-31-94-176.ec2.internal jenkins[10499]: 2022-05-31 01:54:52.530+0000 [id=46]        INFO        h.m.DownloadService$Downloadable#load: Obtained the updated data file for hudson.tasks.Maven.MavenInstaller
May 31 01:54:52 ip-172-31-94-176.ec2.internal jenkins[10499]: 2022-05-31 01:54:52.530+0000 [id=46]        INFO        hudson.util.Retrier#start: Performed the action check updates server successfully at the attempt #1
May 31 01:54:52 ip-172-31-94-176.ec2.internal jenkins[10499]: 2022-05-31 01:54:52.533+0000 [id=46]        INFO        hudson.model.AsyncPeriodicWork#lambda$doRun$1: Finished Download metadata. 20,627 ms
[root@ip-172-31-94-176 ec2-user]#
[root@ip-172-31-94-176 ec2-user]#
[root@ip-172-31-94-176 ec2-user]#
[root@ip-172-31-94-176 ec2-user]#
[root@ip-172-31-94-176 ec2-user]# cat /var/lib/jenkins/secrets/initialAdminPassword
f70005e5419740749e1abde7c5437b5e
[root@ip-172-31-94-176 ec2-user]# sudo groupadd --system tomcat
[root@ip-172-31-94-176 ec2-user]# sudo useradd -d /usr/share/tomcat -r -s /bin/false -g tomcat tomcat
[root@ip-172-31-94-176 ec2-user]# getent passwd tomcat
tomcat:x:994:992::/usr/share/tomcat:/bin/false
[root@ip-172-31-94-176 ec2-user]# getent group tomcat
tomcat:x:992:
[root@ip-172-31-94-176 ec2-user]# sudo yum -y install wget
Loaded plugins: extras_suggestions, langpacks, priorities, update-motd
amzn2-core                                                                                         | 3.7 kB  00:00:00
Package wget-1.14-18.amzn2.1.x86_64 already installed and latest version
Nothing to do
[root@ip-172-31-94-176 ec2-user]# export VER="9.0.39"
[root@ip-172-31-94-176 ec2-user]# wget https://archive.apache.org/dist/tomcat/tomcat-9/v${VER}/bin/apache-tomcat-${VER}.tar.gz
--2022-05-31 02:14:07--  https://archive.apache.org/dist/tomcat/tomcat-9/v9.0.39/bin/apache-tomcat-9.0.39.tar.gz
Resolving archive.apache.org (archive.apache.org)... 138.201.131.134, 2a01:4f8:172:2ec5::2
Connecting to archive.apache.org (archive.apache.org)|138.201.131.134|:443... connected.
HTTP request sent, awaiting response... 200 OK
Length: 11282879 (11M) [application/x-gzip]
Saving to: ‘apache-tomcat-9.0.39.tar.gz’

100%[================================================================================>] 11,282,879  7.76MB/s   in 1.4s

2022-05-31 02:14:09 (7.76 MB/s) - ‘apache-tomcat-9.0.39.tar.gz’ saved [11282879/11282879]

[root@ip-172-31-94-176 ec2-user]# sudo tar xvf apache-tomcat-${VER}.tar.gz -C /usr/share/
apache-tomcat-9.0.39/conf/
apache-tomcat-9.0.39/conf/catalina.policy
apache-tomcat-9.0.39/conf/catalina.properties
apache-tomcat-9.0.39/conf/context.xml
apache-tomcat-9.0.39/conf/jaspic-providers.xml
apache-tomcat-9.0.39/conf/jaspic-providers.xsd
apache-tomcat-9.0.39/conf/logging.properties
apache-tomcat-9.0.39/conf/server.xml
apache-tomcat-9.0.39/conf/tomcat-users.xml
apache-tomcat-9.0.39/conf/tomcat-users.xsd
apache-tomcat-9.0.39/conf/web.xml
apache-tomcat-9.0.39/bin/
apache-tomcat-9.0.39/lib/
apache-tomcat-9.0.39/logs/
apache-tomcat-9.0.39/temp/
apache-tomcat-9.0.39/webapps/
apache-tomcat-9.0.39/webapps/ROOT/
apache-tomcat-9.0.39/webapps/ROOT/WEB-INF/
apache-tomcat-9.0.39/webapps/docs/
apache-tomcat-9.0.39/webapps/docs/WEB-INF/
apache-tomcat-9.0.39/webapps/docs/annotationapi/
apache-tomcat-9.0.39/webapps/docs/api/
apache-tomcat-9.0.39/webapps/docs/appdev/
apache-tomcat-9.0.39/webapps/docs/appdev/sample/
apache-tomcat-9.0.39/webapps/docs/appdev/sample/docs/
apache-tomcat-9.0.39/webapps/docs/appdev/sample/src/
apache-tomcat-9.0.39/webapps/docs/appdev/sample/src/mypackage/
apache-tomcat-9.0.39/webapps/docs/appdev/sample/web/
apache-tomcat-9.0.39/webapps/docs/appdev/sample/web/WEB-INF/
apache-tomcat-9.0.39/webapps/docs/appdev/sample/web/images/
apache-tomcat-9.0.39/webapps/docs/architecture/
apache-tomcat-9.0.39/webapps/docs/architecture/requestProcess/
apache-tomcat-9.0.39/webapps/docs/architecture/startup/
apache-tomcat-9.0.39/webapps/docs/config/
apache-tomcat-9.0.39/webapps/docs/elapi/
apache-tomcat-9.0.39/webapps/docs/images/
apache-tomcat-9.0.39/webapps/docs/images/fonts/
apache-tomcat-9.0.39/webapps/docs/jaspicapi/
apache-tomcat-9.0.39/webapps/docs/jspapi/
apache-tomcat-9.0.39/webapps/docs/servletapi/
apache-tomcat-9.0.39/webapps/docs/tribes/
apache-tomcat-9.0.39/webapps/docs/websocketapi/
apache-tomcat-9.0.39/webapps/examples/
apache-tomcat-9.0.39/webapps/examples/WEB-INF/
apache-tomcat-9.0.39/webapps/examples/WEB-INF/classes/
apache-tomcat-9.0.39/webapps/examples/WEB-INF/classes/async/
apache-tomcat-9.0.39/webapps/examples/WEB-INF/classes/cal/
apache-tomcat-9.0.39/webapps/examples/WEB-INF/classes/checkbox/
apache-tomcat-9.0.39/webapps/examples/WEB-INF/classes/colors/
apache-tomcat-9.0.39/webapps/examples/WEB-INF/classes/compressionFilters/
apache-tomcat-9.0.39/webapps/examples/WEB-INF/classes/dates/
apache-tomcat-9.0.39/webapps/examples/WEB-INF/classes/error/
apache-tomcat-9.0.39/webapps/examples/WEB-INF/classes/examples/
apache-tomcat-9.0.39/webapps/examples/WEB-INF/classes/filters/
apache-tomcat-9.0.39/webapps/examples/WEB-INF/classes/http2/
apache-tomcat-9.0.39/webapps/examples/WEB-INF/classes/jsp2/
apache-tomcat-9.0.39/webapps/examples/WEB-INF/classes/jsp2/examples/
apache-tomcat-9.0.39/webapps/examples/WEB-INF/classes/jsp2/examples/el/
apache-tomcat-9.0.39/webapps/examples/WEB-INF/classes/jsp2/examples/simpletag/
apache-tomcat-9.0.39/webapps/examples/WEB-INF/classes/listeners/
apache-tomcat-9.0.39/webapps/examples/WEB-INF/classes/nonblocking/
apache-tomcat-9.0.39/webapps/examples/WEB-INF/classes/num/
apache-tomcat-9.0.39/webapps/examples/WEB-INF/classes/sessions/
apache-tomcat-9.0.39/webapps/examples/WEB-INF/classes/trailers/
apache-tomcat-9.0.39/webapps/examples/WEB-INF/classes/util/
apache-tomcat-9.0.39/webapps/examples/WEB-INF/classes/validators/
apache-tomcat-9.0.39/webapps/examples/WEB-INF/classes/websocket/
apache-tomcat-9.0.39/webapps/examples/WEB-INF/classes/websocket/chat/
apache-tomcat-9.0.39/webapps/examples/WEB-INF/classes/websocket/drawboard/
apache-tomcat-9.0.39/webapps/examples/WEB-INF/classes/websocket/drawboard/wsmessages/
apache-tomcat-9.0.39/webapps/examples/WEB-INF/classes/websocket/echo/
apache-tomcat-9.0.39/webapps/examples/WEB-INF/classes/websocket/snake/
apache-tomcat-9.0.39/webapps/examples/WEB-INF/jsp/
apache-tomcat-9.0.39/webapps/examples/WEB-INF/jsp2/
apache-tomcat-9.0.39/webapps/examples/WEB-INF/jsp/applet/
apache-tomcat-9.0.39/webapps/examples/WEB-INF/lib/
apache-tomcat-9.0.39/webapps/examples/WEB-INF/tags/
apache-tomcat-9.0.39/webapps/examples/jsp/
apache-tomcat-9.0.39/webapps/examples/jsp/async/
apache-tomcat-9.0.39/webapps/examples/jsp/cal/
apache-tomcat-9.0.39/webapps/examples/jsp/checkbox/
apache-tomcat-9.0.39/webapps/examples/jsp/colors/
apache-tomcat-9.0.39/webapps/examples/jsp/dates/
apache-tomcat-9.0.39/webapps/examples/jsp/error/
apache-tomcat-9.0.39/webapps/examples/jsp/forward/
apache-tomcat-9.0.39/webapps/examples/jsp/images/
apache-tomcat-9.0.39/webapps/examples/jsp/include/
apache-tomcat-9.0.39/webapps/examples/jsp/jsp2/
apache-tomcat-9.0.39/webapps/examples/jsp/jsp2/el/
apache-tomcat-9.0.39/webapps/examples/jsp/jsp2/jspattribute/
apache-tomcat-9.0.39/webapps/examples/jsp/jsp2/jspx/
apache-tomcat-9.0.39/webapps/examples/jsp/jsp2/misc/
apache-tomcat-9.0.39/webapps/examples/jsp/jsp2/simpletag/
apache-tomcat-9.0.39/webapps/examples/jsp/jsp2/tagfiles/
apache-tomcat-9.0.39/webapps/examples/jsp/jsptoserv/
apache-tomcat-9.0.39/webapps/examples/jsp/num/
apache-tomcat-9.0.39/webapps/examples/jsp/plugin/
apache-tomcat-9.0.39/webapps/examples/jsp/plugin/applet/
apache-tomcat-9.0.39/webapps/examples/jsp/security/
apache-tomcat-9.0.39/webapps/examples/jsp/security/protected/
apache-tomcat-9.0.39/webapps/examples/jsp/sessions/
apache-tomcat-9.0.39/webapps/examples/jsp/simpletag/
apache-tomcat-9.0.39/webapps/examples/jsp/snp/
apache-tomcat-9.0.39/webapps/examples/jsp/tagplugin/
apache-tomcat-9.0.39/webapps/examples/jsp/xml/
apache-tomcat-9.0.39/webapps/examples/servlets/
apache-tomcat-9.0.39/webapps/examples/servlets/images/
apache-tomcat-9.0.39/webapps/examples/servlets/nonblocking/
apache-tomcat-9.0.39/webapps/examples/websocket/
apache-tomcat-9.0.39/webapps/host-manager/
apache-tomcat-9.0.39/webapps/host-manager/META-INF/
apache-tomcat-9.0.39/webapps/host-manager/WEB-INF/
apache-tomcat-9.0.39/webapps/host-manager/WEB-INF/jsp/
apache-tomcat-9.0.39/webapps/host-manager/images/
apache-tomcat-9.0.39/webapps/manager/
apache-tomcat-9.0.39/webapps/manager/META-INF/
apache-tomcat-9.0.39/webapps/manager/WEB-INF/
apache-tomcat-9.0.39/webapps/manager/WEB-INF/jsp/
apache-tomcat-9.0.39/webapps/manager/css/
apache-tomcat-9.0.39/webapps/manager/images/
apache-tomcat-9.0.39/work/
apache-tomcat-9.0.39/BUILDING.txt
apache-tomcat-9.0.39/CONTRIBUTING.md
apache-tomcat-9.0.39/LICENSE
apache-tomcat-9.0.39/NOTICE
apache-tomcat-9.0.39/README.md
apache-tomcat-9.0.39/RELEASE-NOTES
apache-tomcat-9.0.39/RUNNING.txt
apache-tomcat-9.0.39/bin/bootstrap.jar
apache-tomcat-9.0.39/bin/catalina-tasks.xml
apache-tomcat-9.0.39/bin/catalina.bat
apache-tomcat-9.0.39/bin/ciphers.bat
apache-tomcat-9.0.39/bin/commons-daemon-native.tar.gz
apache-tomcat-9.0.39/bin/commons-daemon.jar
apache-tomcat-9.0.39/bin/configtest.bat
apache-tomcat-9.0.39/bin/digest.bat
apache-tomcat-9.0.39/bin/makebase.bat
apache-tomcat-9.0.39/bin/setclasspath.bat
apache-tomcat-9.0.39/bin/shutdown.bat
apache-tomcat-9.0.39/bin/startup.bat
apache-tomcat-9.0.39/bin/tomcat-juli.jar
apache-tomcat-9.0.39/bin/tomcat-native.tar.gz
apache-tomcat-9.0.39/bin/tool-wrapper.bat
apache-tomcat-9.0.39/bin/version.bat
apache-tomcat-9.0.39/lib/annotations-api.jar
apache-tomcat-9.0.39/lib/catalina-ant.jar
apache-tomcat-9.0.39/lib/catalina-ha.jar
apache-tomcat-9.0.39/lib/catalina-ssi.jar
apache-tomcat-9.0.39/lib/catalina-storeconfig.jar
apache-tomcat-9.0.39/lib/catalina-tribes.jar
apache-tomcat-9.0.39/lib/catalina.jar
apache-tomcat-9.0.39/lib/ecj-4.15.jar
apache-tomcat-9.0.39/lib/el-api.jar
apache-tomcat-9.0.39/lib/jasper-el.jar
apache-tomcat-9.0.39/lib/jasper.jar
apache-tomcat-9.0.39/lib/jaspic-api.jar
apache-tomcat-9.0.39/lib/jsp-api.jar
apache-tomcat-9.0.39/lib/servlet-api.jar
apache-tomcat-9.0.39/lib/tomcat-api.jar
apache-tomcat-9.0.39/lib/tomcat-coyote.jar
apache-tomcat-9.0.39/lib/tomcat-dbcp.jar
apache-tomcat-9.0.39/lib/tomcat-i18n-cs.jar
apache-tomcat-9.0.39/lib/tomcat-i18n-de.jar
apache-tomcat-9.0.39/lib/tomcat-i18n-es.jar
apache-tomcat-9.0.39/lib/tomcat-i18n-fr.jar
apache-tomcat-9.0.39/lib/tomcat-i18n-ja.jar
apache-tomcat-9.0.39/lib/tomcat-i18n-ko.jar
apache-tomcat-9.0.39/lib/tomcat-i18n-pt-BR.jar
apache-tomcat-9.0.39/lib/tomcat-i18n-ru.jar
apache-tomcat-9.0.39/lib/tomcat-i18n-zh-CN.jar
apache-tomcat-9.0.39/lib/tomcat-jdbc.jar
apache-tomcat-9.0.39/lib/tomcat-jni.jar
apache-tomcat-9.0.39/lib/tomcat-util-scan.jar
apache-tomcat-9.0.39/lib/tomcat-util.jar
apache-tomcat-9.0.39/lib/tomcat-websocket.jar
apache-tomcat-9.0.39/lib/websocket-api.jar
apache-tomcat-9.0.39/temp/safeToDelete.tmp
apache-tomcat-9.0.39/webapps/ROOT/RELEASE-NOTES.txt
apache-tomcat-9.0.39/webapps/ROOT/WEB-INF/web.xml
apache-tomcat-9.0.39/webapps/ROOT/asf-logo-wide.svg
apache-tomcat-9.0.39/webapps/ROOT/bg-button.png
apache-tomcat-9.0.39/webapps/ROOT/bg-middle.png
apache-tomcat-9.0.39/webapps/ROOT/bg-nav.png
apache-tomcat-9.0.39/webapps/ROOT/bg-upper.png
apache-tomcat-9.0.39/webapps/ROOT/favicon.ico
apache-tomcat-9.0.39/webapps/ROOT/index.jsp
apache-tomcat-9.0.39/webapps/ROOT/tomcat-power.gif
apache-tomcat-9.0.39/webapps/ROOT/tomcat.css
apache-tomcat-9.0.39/webapps/ROOT/tomcat.gif
apache-tomcat-9.0.39/webapps/ROOT/tomcat.png
apache-tomcat-9.0.39/webapps/ROOT/tomcat.svg
apache-tomcat-9.0.39/webapps/docs/BUILDING.txt
apache-tomcat-9.0.39/webapps/docs/RELEASE-NOTES.txt
apache-tomcat-9.0.39/webapps/docs/RUNNING.txt
apache-tomcat-9.0.39/webapps/docs/WEB-INF/web.xml
apache-tomcat-9.0.39/webapps/docs/aio.html
apache-tomcat-9.0.39/webapps/docs/annotationapi/index.html
apache-tomcat-9.0.39/webapps/docs/api/index.html
apache-tomcat-9.0.39/webapps/docs/appdev/build.xml.txt
apache-tomcat-9.0.39/webapps/docs/appdev/deployment.html
apache-tomcat-9.0.39/webapps/docs/appdev/index.html
apache-tomcat-9.0.39/webapps/docs/appdev/installation.html
apache-tomcat-9.0.39/webapps/docs/appdev/introduction.html
apache-tomcat-9.0.39/webapps/docs/appdev/processes.html
apache-tomcat-9.0.39/webapps/docs/appdev/sample/build.xml
apache-tomcat-9.0.39/webapps/docs/appdev/sample/docs/README.txt
apache-tomcat-9.0.39/webapps/docs/appdev/sample/index.html
apache-tomcat-9.0.39/webapps/docs/appdev/sample/sample.war
apache-tomcat-9.0.39/webapps/docs/appdev/sample/src/mypackage/Hello.java
apache-tomcat-9.0.39/webapps/docs/appdev/sample/web/WEB-INF/web.xml
apache-tomcat-9.0.39/webapps/docs/appdev/sample/web/hello.jsp
apache-tomcat-9.0.39/webapps/docs/appdev/sample/web/images/tomcat.gif
apache-tomcat-9.0.39/webapps/docs/appdev/sample/web/index.html
apache-tomcat-9.0.39/webapps/docs/appdev/source.html
apache-tomcat-9.0.39/webapps/docs/appdev/web.xml.txt
apache-tomcat-9.0.39/webapps/docs/apr.html
apache-tomcat-9.0.39/webapps/docs/architecture/index.html
apache-tomcat-9.0.39/webapps/docs/architecture/overview.html
apache-tomcat-9.0.39/webapps/docs/architecture/requestProcess.html
apache-tomcat-9.0.39/webapps/docs/architecture/requestProcess/authentication-process.png
apache-tomcat-9.0.39/webapps/docs/architecture/requestProcess/request-process.png
apache-tomcat-9.0.39/webapps/docs/architecture/startup.html
apache-tomcat-9.0.39/webapps/docs/architecture/startup/serverStartup.pdf
apache-tomcat-9.0.39/webapps/docs/architecture/startup/serverStartup.txt
apache-tomcat-9.0.39/webapps/docs/balancer-howto.html
apache-tomcat-9.0.39/webapps/docs/building.html
apache-tomcat-9.0.39/webapps/docs/cdi.html
apache-tomcat-9.0.39/webapps/docs/cgi-howto.html
apache-tomcat-9.0.39/webapps/docs/changelog.html
apache-tomcat-9.0.39/webapps/docs/class-loader-howto.html
apache-tomcat-9.0.39/webapps/docs/cluster-howto.html
apache-tomcat-9.0.39/webapps/docs/comments.html
apache-tomcat-9.0.39/webapps/docs/config/ajp.html
apache-tomcat-9.0.39/webapps/docs/config/automatic-deployment.html
apache-tomcat-9.0.39/webapps/docs/config/cluster-channel.html
apache-tomcat-9.0.39/webapps/docs/config/cluster-deployer.html
apache-tomcat-9.0.39/webapps/docs/config/cluster-interceptor.html
apache-tomcat-9.0.39/webapps/docs/config/cluster-listener.html
apache-tomcat-9.0.39/webapps/docs/config/cluster-manager.html
apache-tomcat-9.0.39/webapps/docs/config/cluster-membership.html
apache-tomcat-9.0.39/webapps/docs/config/cluster-receiver.html
apache-tomcat-9.0.39/webapps/docs/config/cluster-sender.html
apache-tomcat-9.0.39/webapps/docs/config/cluster-valve.html
apache-tomcat-9.0.39/webapps/docs/config/cluster.html
apache-tomcat-9.0.39/webapps/docs/config/context.html
apache-tomcat-9.0.39/webapps/docs/config/cookie-processor.html
apache-tomcat-9.0.39/webapps/docs/config/credentialhandler.html
apache-tomcat-9.0.39/webapps/docs/config/engine.html
apache-tomcat-9.0.39/webapps/docs/config/executor.html
apache-tomcat-9.0.39/webapps/docs/config/filter.html
apache-tomcat-9.0.39/webapps/docs/config/globalresources.html
apache-tomcat-9.0.39/webapps/docs/config/host.html
apache-tomcat-9.0.39/webapps/docs/config/http.html
apache-tomcat-9.0.39/webapps/docs/config/http2.html
apache-tomcat-9.0.39/webapps/docs/config/index.html
apache-tomcat-9.0.39/webapps/docs/config/jar-scan-filter.html
apache-tomcat-9.0.39/webapps/docs/config/jar-scanner.html
apache-tomcat-9.0.39/webapps/docs/config/jaspic.html
apache-tomcat-9.0.39/webapps/docs/config/listeners.html
apache-tomcat-9.0.39/webapps/docs/config/loader.html
apache-tomcat-9.0.39/webapps/docs/config/manager.html
apache-tomcat-9.0.39/webapps/docs/config/realm.html
apache-tomcat-9.0.39/webapps/docs/config/resources.html
apache-tomcat-9.0.39/webapps/docs/config/server.html
apache-tomcat-9.0.39/webapps/docs/config/service.html
apache-tomcat-9.0.39/webapps/docs/config/sessionidgenerator.html
apache-tomcat-9.0.39/webapps/docs/config/systemprops.html
apache-tomcat-9.0.39/webapps/docs/config/valve.html
apache-tomcat-9.0.39/webapps/docs/connectors.html
apache-tomcat-9.0.39/webapps/docs/default-servlet.html
apache-tomcat-9.0.39/webapps/docs/deployer-howto.html
apache-tomcat-9.0.39/webapps/docs/developers.html
apache-tomcat-9.0.39/webapps/docs/elapi/index.html
apache-tomcat-9.0.39/webapps/docs/graal.html
apache-tomcat-9.0.39/webapps/docs/host-manager-howto.html
apache-tomcat-9.0.39/webapps/docs/html-host-manager-howto.html
apache-tomcat-9.0.39/webapps/docs/html-manager-howto.html
apache-tomcat-9.0.39/webapps/docs/images/add.gif
apache-tomcat-9.0.39/webapps/docs/images/asf-logo.svg
apache-tomcat-9.0.39/webapps/docs/images/code.gif
apache-tomcat-9.0.39/webapps/docs/images/cors-flowchart.png
apache-tomcat-9.0.39/webapps/docs/images/design.gif
apache-tomcat-9.0.39/webapps/docs/images/docs-stylesheet.css
apache-tomcat-9.0.39/webapps/docs/images/docs.gif
apache-tomcat-9.0.39/webapps/docs/images/fix.gif
apache-tomcat-9.0.39/webapps/docs/images/fonts/OpenSans400.woff
apache-tomcat-9.0.39/webapps/docs/images/fonts/OpenSans400italic.woff
apache-tomcat-9.0.39/webapps/docs/images/fonts/OpenSans600.woff
apache-tomcat-9.0.39/webapps/docs/images/fonts/OpenSans600italic.woff
apache-tomcat-9.0.39/webapps/docs/images/fonts/OpenSans700.woff
apache-tomcat-9.0.39/webapps/docs/images/fonts/OpenSans700italic.woff
apache-tomcat-9.0.39/webapps/docs/images/fonts/fonts.css
apache-tomcat-9.0.39/webapps/docs/images/tomcat.gif
apache-tomcat-9.0.39/webapps/docs/images/tomcat.png
apache-tomcat-9.0.39/webapps/docs/images/update.gif
apache-tomcat-9.0.39/webapps/docs/images/void.gif
apache-tomcat-9.0.39/webapps/docs/index.html
apache-tomcat-9.0.39/webapps/docs/introduction.html
apache-tomcat-9.0.39/webapps/docs/jasper-howto.html
apache-tomcat-9.0.39/webapps/docs/jaspicapi/index.html
apache-tomcat-9.0.39/webapps/docs/jdbc-pool.html
apache-tomcat-9.0.39/webapps/docs/jndi-datasource-examples-howto.html
apache-tomcat-9.0.39/webapps/docs/jndi-resources-howto.html
apache-tomcat-9.0.39/webapps/docs/jspapi/index.html
apache-tomcat-9.0.39/webapps/docs/logging.html
apache-tomcat-9.0.39/webapps/docs/manager-howto.html
apache-tomcat-9.0.39/webapps/docs/maven-jars.html
apache-tomcat-9.0.39/webapps/docs/mbeans-descriptors-howto.html
apache-tomcat-9.0.39/webapps/docs/mbeans-descriptors.dtd
apache-tomcat-9.0.39/webapps/docs/monitoring.html
apache-tomcat-9.0.39/webapps/docs/proxy-howto.html
apache-tomcat-9.0.39/webapps/docs/realm-howto.html
apache-tomcat-9.0.39/webapps/docs/rewrite.html
apache-tomcat-9.0.39/webapps/docs/security-howto.html
apache-tomcat-9.0.39/webapps/docs/security-manager-howto.html
apache-tomcat-9.0.39/webapps/docs/servletapi/index.html
apache-tomcat-9.0.39/webapps/docs/setup.html
apache-tomcat-9.0.39/webapps/docs/ssi-howto.html
apache-tomcat-9.0.39/webapps/docs/ssl-howto.html
apache-tomcat-9.0.39/webapps/docs/tribes/developers.html
apache-tomcat-9.0.39/webapps/docs/tribes/faq.html
apache-tomcat-9.0.39/webapps/docs/tribes/interceptors.html
apache-tomcat-9.0.39/webapps/docs/tribes/introduction.html
apache-tomcat-9.0.39/webapps/docs/tribes/membership.html
apache-tomcat-9.0.39/webapps/docs/tribes/setup.html
apache-tomcat-9.0.39/webapps/docs/tribes/status.html
apache-tomcat-9.0.39/webapps/docs/tribes/transport.html
apache-tomcat-9.0.39/webapps/docs/virtual-hosting-howto.html
apache-tomcat-9.0.39/webapps/docs/web-socket-howto.html
apache-tomcat-9.0.39/webapps/docs/websocketapi/index.html
apache-tomcat-9.0.39/webapps/docs/windows-auth-howto.html
apache-tomcat-9.0.39/webapps/docs/windows-service-howto.html
apache-tomcat-9.0.39/webapps/examples/WEB-INF/classes/CookieExample.class
apache-tomcat-9.0.39/webapps/examples/WEB-INF/classes/CookieExample.java
apache-tomcat-9.0.39/webapps/examples/WEB-INF/classes/HelloWorldExample.class
apache-tomcat-9.0.39/webapps/examples/WEB-INF/classes/HelloWorldExample.java
apache-tomcat-9.0.39/webapps/examples/WEB-INF/classes/LocalStrings.properties
apache-tomcat-9.0.39/webapps/examples/WEB-INF/classes/LocalStrings_cs.properties
apache-tomcat-9.0.39/webapps/examples/WEB-INF/classes/LocalStrings_de.properties
apache-tomcat-9.0.39/webapps/examples/WEB-INF/classes/LocalStrings_es.properties
apache-tomcat-9.0.39/webapps/examples/WEB-INF/classes/LocalStrings_fr.properties
apache-tomcat-9.0.39/webapps/examples/WEB-INF/classes/LocalStrings_ja.properties
apache-tomcat-9.0.39/webapps/examples/WEB-INF/classes/LocalStrings_ko.properties
apache-tomcat-9.0.39/webapps/examples/WEB-INF/classes/LocalStrings_pt.properties
apache-tomcat-9.0.39/webapps/examples/WEB-INF/classes/LocalStrings_pt_BR.properties
apache-tomcat-9.0.39/webapps/examples/WEB-INF/classes/LocalStrings_ru.properties
apache-tomcat-9.0.39/webapps/examples/WEB-INF/classes/LocalStrings_zh_CN.properties
apache-tomcat-9.0.39/webapps/examples/WEB-INF/classes/RequestHeaderExample.class
apache-tomcat-9.0.39/webapps/examples/WEB-INF/classes/RequestHeaderExample.java
apache-tomcat-9.0.39/webapps/examples/WEB-INF/classes/RequestInfoExample.class
apache-tomcat-9.0.39/webapps/examples/WEB-INF/classes/RequestInfoExample.java
apache-tomcat-9.0.39/webapps/examples/WEB-INF/classes/RequestParamExample.class
apache-tomcat-9.0.39/webapps/examples/WEB-INF/classes/RequestParamExample.java
apache-tomcat-9.0.39/webapps/examples/WEB-INF/classes/ServletToJsp.class
apache-tomcat-9.0.39/webapps/examples/WEB-INF/classes/ServletToJsp.java
apache-tomcat-9.0.39/webapps/examples/WEB-INF/classes/SessionExample.class
apache-tomcat-9.0.39/webapps/examples/WEB-INF/classes/SessionExample.java
apache-tomcat-9.0.39/webapps/examples/WEB-INF/classes/async/Async0$1.class
apache-tomcat-9.0.39/webapps/examples/WEB-INF/classes/async/Async0.class
apache-tomcat-9.0.39/webapps/examples/WEB-INF/classes/async/Async0.java
apache-tomcat-9.0.39/webapps/examples/WEB-INF/classes/async/Async1$1.class
apache-tomcat-9.0.39/webapps/examples/WEB-INF/classes/async/Async1.class
apache-tomcat-9.0.39/webapps/examples/WEB-INF/classes/async/Async1.java
apache-tomcat-9.0.39/webapps/examples/WEB-INF/classes/async/Async2$1.class
apache-tomcat-9.0.39/webapps/examples/WEB-INF/classes/async/Async2.class
apache-tomcat-9.0.39/webapps/examples/WEB-INF/classes/async/Async2.java
apache-tomcat-9.0.39/webapps/examples/WEB-INF/classes/async/Async3.class
apache-tomcat-9.0.39/webapps/examples/WEB-INF/classes/async/Async3.java
apache-tomcat-9.0.39/webapps/examples/WEB-INF/classes/async/AsyncStockContextListener.class
apache-tomcat-9.0.39/webapps/examples/WEB-INF/classes/async/AsyncStockContextListener.java
apache-tomcat-9.0.39/webapps/examples/WEB-INF/classes/async/AsyncStockServlet.class
apache-tomcat-9.0.39/webapps/examples/WEB-INF/classes/async/AsyncStockServlet.java
apache-tomcat-9.0.39/webapps/examples/WEB-INF/classes/async/Stockticker$Stock.class
apache-tomcat-9.0.39/webapps/examples/WEB-INF/classes/async/Stockticker$TickListener.class
apache-tomcat-9.0.39/webapps/examples/WEB-INF/classes/async/Stockticker.class
apache-tomcat-9.0.39/webapps/examples/WEB-INF/classes/async/Stockticker.java
apache-tomcat-9.0.39/webapps/examples/WEB-INF/classes/cal/Entries.class
apache-tomcat-9.0.39/webapps/examples/WEB-INF/classes/cal/Entries.java
apache-tomcat-9.0.39/webapps/examples/WEB-INF/classes/cal/Entry.class
apache-tomcat-9.0.39/webapps/examples/WEB-INF/classes/cal/Entry.java
apache-tomcat-9.0.39/webapps/examples/WEB-INF/classes/cal/JspCalendar.class
apache-tomcat-9.0.39/webapps/examples/WEB-INF/classes/cal/JspCalendar.java
apache-tomcat-9.0.39/webapps/examples/WEB-INF/classes/cal/TableBean.class
apache-tomcat-9.0.39/webapps/examples/WEB-INF/classes/cal/TableBean.java
apache-tomcat-9.0.39/webapps/examples/WEB-INF/classes/checkbox/CheckTest.class
apache-tomcat-9.0.39/webapps/examples/WEB-INF/classes/checkbox/CheckTest.java
apache-tomcat-9.0.39/webapps/examples/WEB-INF/classes/colors/ColorGameBean.class
apache-tomcat-9.0.39/webapps/examples/WEB-INF/classes/colors/ColorGameBean.java
apache-tomcat-9.0.39/webapps/examples/WEB-INF/classes/compressionFilters/CompressionFilter.class
apache-tomcat-9.0.39/webapps/examples/WEB-INF/classes/compressionFilters/CompressionFilter.java
apache-tomcat-9.0.39/webapps/examples/WEB-INF/classes/compressionFilters/CompressionFilterTestServlet.class
apache-tomcat-9.0.39/webapps/examples/WEB-INF/classes/compressionFilters/CompressionFilterTestServlet.java
apache-tomcat-9.0.39/webapps/examples/WEB-INF/classes/compressionFilters/CompressionResponseStream.class
apache-tomcat-9.0.39/webapps/examples/WEB-INF/classes/compressionFilters/CompressionResponseStream.java
apache-tomcat-9.0.39/webapps/examples/WEB-INF/classes/compressionFilters/CompressionServletResponseWrapper.class
apache-tomcat-9.0.39/webapps/examples/WEB-INF/classes/compressionFilters/CompressionServletResponseWrapper.java
apache-tomcat-9.0.39/webapps/examples/WEB-INF/classes/dates/JspCalendar.class
apache-tomcat-9.0.39/webapps/examples/WEB-INF/classes/dates/JspCalendar.java
apache-tomcat-9.0.39/webapps/examples/WEB-INF/classes/error/Smart.class
apache-tomcat-9.0.39/webapps/examples/WEB-INF/classes/error/Smart.java
apache-tomcat-9.0.39/webapps/examples/WEB-INF/classes/examples/ExampleTagBase.class
apache-tomcat-9.0.39/webapps/examples/WEB-INF/classes/examples/ExampleTagBase.java
apache-tomcat-9.0.39/webapps/examples/WEB-INF/classes/examples/FooTag.class
apache-tomcat-9.0.39/webapps/examples/WEB-INF/classes/examples/FooTag.java
apache-tomcat-9.0.39/webapps/examples/WEB-INF/classes/examples/FooTagExtraInfo.class
apache-tomcat-9.0.39/webapps/examples/WEB-INF/classes/examples/FooTagExtraInfo.java
apache-tomcat-9.0.39/webapps/examples/WEB-INF/classes/examples/LogTag.class
apache-tomcat-9.0.39/webapps/examples/WEB-INF/classes/examples/LogTag.java
apache-tomcat-9.0.39/webapps/examples/WEB-INF/classes/examples/ValuesTag.class
apache-tomcat-9.0.39/webapps/examples/WEB-INF/classes/examples/ValuesTag.java
apache-tomcat-9.0.39/webapps/examples/WEB-INF/classes/filters/ExampleFilter.class
apache-tomcat-9.0.39/webapps/examples/WEB-INF/classes/filters/ExampleFilter.java
apache-tomcat-9.0.39/webapps/examples/WEB-INF/classes/http2/SimpleImagePush.class
apache-tomcat-9.0.39/webapps/examples/WEB-INF/classes/http2/SimpleImagePush.java
apache-tomcat-9.0.39/webapps/examples/WEB-INF/classes/jsp2/examples/BookBean.class
apache-tomcat-9.0.39/webapps/examples/WEB-INF/classes/jsp2/examples/BookBean.java
apache-tomcat-9.0.39/webapps/examples/WEB-INF/classes/jsp2/examples/FooBean.class
apache-tomcat-9.0.39/webapps/examples/WEB-INF/classes/jsp2/examples/FooBean.java
apache-tomcat-9.0.39/webapps/examples/WEB-INF/classes/jsp2/examples/ValuesBean.class
apache-tomcat-9.0.39/webapps/examples/WEB-INF/classes/jsp2/examples/ValuesBean.java
apache-tomcat-9.0.39/webapps/examples/WEB-INF/classes/jsp2/examples/el/Functions.class
apache-tomcat-9.0.39/webapps/examples/WEB-INF/classes/jsp2/examples/el/Functions.java
apache-tomcat-9.0.39/webapps/examples/WEB-INF/classes/jsp2/examples/simpletag/EchoAttributesTag.class
apache-tomcat-9.0.39/webapps/examples/WEB-INF/classes/jsp2/examples/simpletag/EchoAttributesTag.java
apache-tomcat-9.0.39/webapps/examples/WEB-INF/classes/jsp2/examples/simpletag/FindBookSimpleTag.class
apache-tomcat-9.0.39/webapps/examples/WEB-INF/classes/jsp2/examples/simpletag/FindBookSimpleTag.java
apache-tomcat-9.0.39/webapps/examples/WEB-INF/classes/jsp2/examples/simpletag/HelloWorldSimpleTag.class
apache-tomcat-9.0.39/webapps/examples/WEB-INF/classes/jsp2/examples/simpletag/HelloWorldSimpleTag.java
apache-tomcat-9.0.39/webapps/examples/WEB-INF/classes/jsp2/examples/simpletag/RepeatSimpleTag.class
apache-tomcat-9.0.39/webapps/examples/WEB-INF/classes/jsp2/examples/simpletag/RepeatSimpleTag.java
apache-tomcat-9.0.39/webapps/examples/WEB-INF/classes/jsp2/examples/simpletag/ShuffleSimpleTag.class
apache-tomcat-9.0.39/webapps/examples/WEB-INF/classes/jsp2/examples/simpletag/ShuffleSimpleTag.java
apache-tomcat-9.0.39/webapps/examples/WEB-INF/classes/jsp2/examples/simpletag/TileSimpleTag.class
apache-tomcat-9.0.39/webapps/examples/WEB-INF/classes/jsp2/examples/simpletag/TileSimpleTag.java
apache-tomcat-9.0.39/webapps/examples/WEB-INF/classes/listeners/ContextListener.class
apache-tomcat-9.0.39/webapps/examples/WEB-INF/classes/listeners/ContextListener.java
apache-tomcat-9.0.39/webapps/examples/WEB-INF/classes/listeners/SessionListener.class
apache-tomcat-9.0.39/webapps/examples/WEB-INF/classes/listeners/SessionListener.java
apache-tomcat-9.0.39/webapps/examples/WEB-INF/classes/nonblocking/ByteCounter$1.class
apache-tomcat-9.0.39/webapps/examples/WEB-INF/classes/nonblocking/ByteCounter$CounterListener.class
apache-tomcat-9.0.39/webapps/examples/WEB-INF/classes/nonblocking/ByteCounter.class
apache-tomcat-9.0.39/webapps/examples/WEB-INF/classes/nonblocking/ByteCounter.java
apache-tomcat-9.0.39/webapps/examples/WEB-INF/classes/nonblocking/NumberWriter$1.class
apache-tomcat-9.0.39/webapps/examples/WEB-INF/classes/nonblocking/NumberWriter$NumberWriterListener.class
apache-tomcat-9.0.39/webapps/examples/WEB-INF/classes/nonblocking/NumberWriter.class
apache-tomcat-9.0.39/webapps/examples/WEB-INF/classes/nonblocking/NumberWriter.java
apache-tomcat-9.0.39/webapps/examples/WEB-INF/classes/num/NumberGuessBean.class
apache-tomcat-9.0.39/webapps/examples/WEB-INF/classes/num/NumberGuessBean.java
apache-tomcat-9.0.39/webapps/examples/WEB-INF/classes/sessions/DummyCart.class
apache-tomcat-9.0.39/webapps/examples/WEB-INF/classes/sessions/DummyCart.java
apache-tomcat-9.0.39/webapps/examples/WEB-INF/classes/trailers/ResponseTrailers$1.class
apache-tomcat-9.0.39/webapps/examples/WEB-INF/classes/trailers/ResponseTrailers$TrailerFieldSupplier.class
apache-tomcat-9.0.39/webapps/examples/WEB-INF/classes/trailers/ResponseTrailers.class
apache-tomcat-9.0.39/webapps/examples/WEB-INF/classes/trailers/ResponseTrailers.java
apache-tomcat-9.0.39/webapps/examples/WEB-INF/classes/util/CookieFilter.class
apache-tomcat-9.0.39/webapps/examples/WEB-INF/classes/util/CookieFilter.java
apache-tomcat-9.0.39/webapps/examples/WEB-INF/classes/util/HTMLFilter.class
apache-tomcat-9.0.39/webapps/examples/WEB-INF/classes/util/HTMLFilter.java
apache-tomcat-9.0.39/webapps/examples/WEB-INF/classes/validators/DebugValidator.class
apache-tomcat-9.0.39/webapps/examples/WEB-INF/classes/validators/DebugValidator.java
apache-tomcat-9.0.39/webapps/examples/WEB-INF/classes/websocket/ExamplesConfig.class
apache-tomcat-9.0.39/webapps/examples/WEB-INF/classes/websocket/ExamplesConfig.java
apache-tomcat-9.0.39/webapps/examples/WEB-INF/classes/websocket/chat/ChatAnnotation.class
apache-tomcat-9.0.39/webapps/examples/WEB-INF/classes/websocket/chat/ChatAnnotation.java
apache-tomcat-9.0.39/webapps/examples/WEB-INF/classes/websocket/drawboard/Client$1.class
apache-tomcat-9.0.39/webapps/examples/WEB-INF/classes/websocket/drawboard/Client.class
apache-tomcat-9.0.39/webapps/examples/WEB-INF/classes/websocket/drawboard/Client.java
apache-tomcat-9.0.39/webapps/examples/WEB-INF/classes/websocket/drawboard/DrawMessage$ParseException.class
apache-tomcat-9.0.39/webapps/examples/WEB-INF/classes/websocket/drawboard/DrawMessage.class
apache-tomcat-9.0.39/webapps/examples/WEB-INF/classes/websocket/drawboard/DrawMessage.java
apache-tomcat-9.0.39/webapps/examples/WEB-INF/classes/websocket/drawboard/DrawboardContextListener.class
apache-tomcat-9.0.39/webapps/examples/WEB-INF/classes/websocket/drawboard/DrawboardContextListener.java
apache-tomcat-9.0.39/webapps/examples/WEB-INF/classes/websocket/drawboard/DrawboardEndpoint$1.class
apache-tomcat-9.0.39/webapps/examples/WEB-INF/classes/websocket/drawboard/DrawboardEndpoint$2.class
apache-tomcat-9.0.39/webapps/examples/WEB-INF/classes/websocket/drawboard/DrawboardEndpoint$3$1.class
apache-tomcat-9.0.39/webapps/examples/WEB-INF/classes/websocket/drawboard/DrawboardEndpoint$3.class
apache-tomcat-9.0.39/webapps/examples/WEB-INF/classes/websocket/drawboard/DrawboardEndpoint.class
apache-tomcat-9.0.39/webapps/examples/WEB-INF/classes/websocket/drawboard/DrawboardEndpoint.java
apache-tomcat-9.0.39/webapps/examples/WEB-INF/classes/websocket/drawboard/Room$1$1.class
apache-tomcat-9.0.39/webapps/examples/WEB-INF/classes/websocket/drawboard/Room$1.class
apache-tomcat-9.0.39/webapps/examples/WEB-INF/classes/websocket/drawboard/Room$2.class
apache-tomcat-9.0.39/webapps/examples/WEB-INF/classes/websocket/drawboard/Room$MessageType.class
apache-tomcat-9.0.39/webapps/examples/WEB-INF/classes/websocket/drawboard/Room$Player.class
apache-tomcat-9.0.39/webapps/examples/WEB-INF/classes/websocket/drawboard/Room.class
apache-tomcat-9.0.39/webapps/examples/WEB-INF/classes/websocket/drawboard/Room.java
apache-tomcat-9.0.39/webapps/examples/WEB-INF/classes/websocket/drawboard/wsmessages/AbstractWebsocketMessage.class
apache-tomcat-9.0.39/webapps/examples/WEB-INF/classes/websocket/drawboard/wsmessages/AbstractWebsocketMessage.java
apache-tomcat-9.0.39/webapps/examples/WEB-INF/classes/websocket/drawboard/wsmessages/BinaryWebsocketMessage.class
apache-tomcat-9.0.39/webapps/examples/WEB-INF/classes/websocket/drawboard/wsmessages/BinaryWebsocketMessage.java
apache-tomcat-9.0.39/webapps/examples/WEB-INF/classes/websocket/drawboard/wsmessages/CloseWebsocketMessage.class
apache-tomcat-9.0.39/webapps/examples/WEB-INF/classes/websocket/drawboard/wsmessages/CloseWebsocketMessage.java
apache-tomcat-9.0.39/webapps/examples/WEB-INF/classes/websocket/drawboard/wsmessages/StringWebsocketMessage.class
apache-tomcat-9.0.39/webapps/examples/WEB-INF/classes/websocket/drawboard/wsmessages/StringWebsocketMessage.java
apache-tomcat-9.0.39/webapps/examples/WEB-INF/classes/websocket/echo/EchoAnnotation.class
apache-tomcat-9.0.39/webapps/examples/WEB-INF/classes/websocket/echo/EchoAnnotation.java
apache-tomcat-9.0.39/webapps/examples/WEB-INF/classes/websocket/echo/EchoAsyncAnnotation$1.class
apache-tomcat-9.0.39/webapps/examples/WEB-INF/classes/websocket/echo/EchoAsyncAnnotation$CompletedFuture.class
apache-tomcat-9.0.39/webapps/examples/WEB-INF/classes/websocket/echo/EchoAsyncAnnotation.class
apache-tomcat-9.0.39/webapps/examples/WEB-INF/classes/websocket/echo/EchoAsyncAnnotation.java
apache-tomcat-9.0.39/webapps/examples/WEB-INF/classes/websocket/echo/EchoEndpoint$1.class
apache-tomcat-9.0.39/webapps/examples/WEB-INF/classes/websocket/echo/EchoEndpoint$EchoMessageHandlerBinary.class
apache-tomcat-9.0.39/webapps/examples/WEB-INF/classes/websocket/echo/EchoEndpoint$EchoMessageHandlerText.class
apache-tomcat-9.0.39/webapps/examples/WEB-INF/classes/websocket/echo/EchoEndpoint.class
apache-tomcat-9.0.39/webapps/examples/WEB-INF/classes/websocket/echo/EchoEndpoint.java
apache-tomcat-9.0.39/webapps/examples/WEB-INF/classes/websocket/echo/EchoStreamAnnotation.class
apache-tomcat-9.0.39/webapps/examples/WEB-INF/classes/websocket/echo/EchoStreamAnnotation.java
apache-tomcat-9.0.39/webapps/examples/WEB-INF/classes/websocket/echo/servers.json
apache-tomcat-9.0.39/webapps/examples/WEB-INF/classes/websocket/snake/Direction.class
apache-tomcat-9.0.39/webapps/examples/WEB-INF/classes/websocket/snake/Direction.java
apache-tomcat-9.0.39/webapps/examples/WEB-INF/classes/websocket/snake/Location$1.class
apache-tomcat-9.0.39/webapps/examples/WEB-INF/classes/websocket/snake/Location.class
apache-tomcat-9.0.39/webapps/examples/WEB-INF/classes/websocket/snake/Location.java
apache-tomcat-9.0.39/webapps/examples/WEB-INF/classes/websocket/snake/Snake.class
apache-tomcat-9.0.39/webapps/examples/WEB-INF/classes/websocket/snake/Snake.java
apache-tomcat-9.0.39/webapps/examples/WEB-INF/classes/websocket/snake/SnakeAnnotation.class
apache-tomcat-9.0.39/webapps/examples/WEB-INF/classes/websocket/snake/SnakeAnnotation.java
apache-tomcat-9.0.39/webapps/examples/WEB-INF/classes/websocket/snake/SnakeTimer$1.class
apache-tomcat-9.0.39/webapps/examples/WEB-INF/classes/websocket/snake/SnakeTimer.class
apache-tomcat-9.0.39/webapps/examples/WEB-INF/classes/websocket/snake/SnakeTimer.java
apache-tomcat-9.0.39/webapps/examples/WEB-INF/jsp2/jsp2-example-taglib.tld
apache-tomcat-9.0.39/webapps/examples/WEB-INF/jsp/applet/Clock2.java
apache-tomcat-9.0.39/webapps/examples/WEB-INF/jsp/debug-taglib.tld
apache-tomcat-9.0.39/webapps/examples/WEB-INF/jsp/example-taglib.tld
apache-tomcat-9.0.39/webapps/examples/WEB-INF/lib/taglibs-standard-impl-1.2.5.jar
apache-tomcat-9.0.39/webapps/examples/WEB-INF/lib/taglibs-standard-spec-1.2.5.jar
apache-tomcat-9.0.39/webapps/examples/WEB-INF/tags/displayProducts.tag
apache-tomcat-9.0.39/webapps/examples/WEB-INF/tags/helloWorld.tag
apache-tomcat-9.0.39/webapps/examples/WEB-INF/tags/panel.tag
apache-tomcat-9.0.39/webapps/examples/WEB-INF/web.xml
apache-tomcat-9.0.39/webapps/examples/index.html
apache-tomcat-9.0.39/webapps/examples/jsp/async/async1.jsp
apache-tomcat-9.0.39/webapps/examples/jsp/async/async1.jsp.html
apache-tomcat-9.0.39/webapps/examples/jsp/async/async3.jsp
apache-tomcat-9.0.39/webapps/examples/jsp/async/async3.jsp.html
apache-tomcat-9.0.39/webapps/examples/jsp/async/index.jsp
apache-tomcat-9.0.39/webapps/examples/jsp/async/index.jsp.html
apache-tomcat-9.0.39/webapps/examples/jsp/cal/Entries.java.html
apache-tomcat-9.0.39/webapps/examples/jsp/cal/Entry.java.html
apache-tomcat-9.0.39/webapps/examples/jsp/cal/JspCalendar.java.html
apache-tomcat-9.0.39/webapps/examples/jsp/cal/TableBean.java.html
apache-tomcat-9.0.39/webapps/examples/jsp/cal/cal1.jsp
apache-tomcat-9.0.39/webapps/examples/jsp/cal/cal1.jsp.html
apache-tomcat-9.0.39/webapps/examples/jsp/cal/cal2.jsp
apache-tomcat-9.0.39/webapps/examples/jsp/cal/cal2.jsp.html
apache-tomcat-9.0.39/webapps/examples/jsp/cal/calendar.html
apache-tomcat-9.0.39/webapps/examples/jsp/cal/login.html
apache-tomcat-9.0.39/webapps/examples/jsp/checkbox/CheckTest.html
apache-tomcat-9.0.39/webapps/examples/jsp/checkbox/check.html
apache-tomcat-9.0.39/webapps/examples/jsp/checkbox/checkresult.jsp
apache-tomcat-9.0.39/webapps/examples/jsp/checkbox/checkresult.jsp.html
apache-tomcat-9.0.39/webapps/examples/jsp/checkbox/cresult.html
apache-tomcat-9.0.39/webapps/examples/jsp/colors/ColorGameBean.html
apache-tomcat-9.0.39/webapps/examples/jsp/colors/clr.html
apache-tomcat-9.0.39/webapps/examples/jsp/colors/colors.html
apache-tomcat-9.0.39/webapps/examples/jsp/colors/colrs.jsp
apache-tomcat-9.0.39/webapps/examples/jsp/colors/colrs.jsp.html
apache-tomcat-9.0.39/webapps/examples/jsp/dates/date.html
apache-tomcat-9.0.39/webapps/examples/jsp/dates/date.jsp
apache-tomcat-9.0.39/webapps/examples/jsp/dates/date.jsp.html
apache-tomcat-9.0.39/webapps/examples/jsp/error/er.html
apache-tomcat-9.0.39/webapps/examples/jsp/error/err.jsp
apache-tomcat-9.0.39/webapps/examples/jsp/error/err.jsp.html
apache-tomcat-9.0.39/webapps/examples/jsp/error/error.html
apache-tomcat-9.0.39/webapps/examples/jsp/error/errorpge.jsp
apache-tomcat-9.0.39/webapps/examples/jsp/error/errorpge.jsp.html
apache-tomcat-9.0.39/webapps/examples/jsp/forward/forward.jsp
apache-tomcat-9.0.39/webapps/examples/jsp/forward/forward.jsp.html
apache-tomcat-9.0.39/webapps/examples/jsp/forward/fwd.html
apache-tomcat-9.0.39/webapps/examples/jsp/forward/one.jsp
apache-tomcat-9.0.39/webapps/examples/jsp/forward/one.jsp.html
apache-tomcat-9.0.39/webapps/examples/jsp/forward/two.html
apache-tomcat-9.0.39/webapps/examples/jsp/images/code.gif
apache-tomcat-9.0.39/webapps/examples/jsp/images/execute.gif
apache-tomcat-9.0.39/webapps/examples/jsp/images/return.gif
apache-tomcat-9.0.39/webapps/examples/jsp/include/foo.html
apache-tomcat-9.0.39/webapps/examples/jsp/include/foo.jsp
apache-tomcat-9.0.39/webapps/examples/jsp/include/foo.jsp.html
apache-tomcat-9.0.39/webapps/examples/jsp/include/inc.html
apache-tomcat-9.0.39/webapps/examples/jsp/include/include.jsp
apache-tomcat-9.0.39/webapps/examples/jsp/include/include.jsp.html
apache-tomcat-9.0.39/webapps/examples/jsp/index.html
apache-tomcat-9.0.39/webapps/examples/jsp/jsp2/el/Functions.java.html
apache-tomcat-9.0.39/webapps/examples/jsp/jsp2/el/ValuesBean.java.html
apache-tomcat-9.0.39/webapps/examples/jsp/jsp2/el/ValuesTag.java.html
apache-tomcat-9.0.39/webapps/examples/jsp/jsp2/el/basic-arithmetic.html
apache-tomcat-9.0.39/webapps/examples/jsp/jsp2/el/basic-arithmetic.jsp
apache-tomcat-9.0.39/webapps/examples/jsp/jsp2/el/basic-arithmetic.jsp.html
apache-tomcat-9.0.39/webapps/examples/jsp/jsp2/el/basic-comparisons.html
apache-tomcat-9.0.39/webapps/examples/jsp/jsp2/el/basic-comparisons.jsp
apache-tomcat-9.0.39/webapps/examples/jsp/jsp2/el/basic-comparisons.jsp.html
apache-tomcat-9.0.39/webapps/examples/jsp/jsp2/el/composite.html
apache-tomcat-9.0.39/webapps/examples/jsp/jsp2/el/composite.jsp
apache-tomcat-9.0.39/webapps/examples/jsp/jsp2/el/composite.jsp.html
apache-tomcat-9.0.39/webapps/examples/jsp/jsp2/el/functions.html
apache-tomcat-9.0.39/webapps/examples/jsp/jsp2/el/functions.jsp
apache-tomcat-9.0.39/webapps/examples/jsp/jsp2/el/functions.jsp.html
apache-tomcat-9.0.39/webapps/examples/jsp/jsp2/el/implicit-objects.html
apache-tomcat-9.0.39/webapps/examples/jsp/jsp2/el/implicit-objects.jsp
apache-tomcat-9.0.39/webapps/examples/jsp/jsp2/el/implicit-objects.jsp.html
apache-tomcat-9.0.39/webapps/examples/jsp/jsp2/jspattribute/FooBean.java.html
apache-tomcat-9.0.39/webapps/examples/jsp/jsp2/jspattribute/HelloWorldSimpleTag.java.html
apache-tomcat-9.0.39/webapps/examples/jsp/jsp2/jspattribute/ShuffleSimpleTag.java.html
apache-tomcat-9.0.39/webapps/examples/jsp/jsp2/jspattribute/TileSimpleTag.java.html
apache-tomcat-9.0.39/webapps/examples/jsp/jsp2/jspattribute/jspattribute.html
apache-tomcat-9.0.39/webapps/examples/jsp/jsp2/jspattribute/jspattribute.jsp
apache-tomcat-9.0.39/webapps/examples/jsp/jsp2/jspattribute/jspattribute.jsp.html
apache-tomcat-9.0.39/webapps/examples/jsp/jsp2/jspattribute/shuffle.html
apache-tomcat-9.0.39/webapps/examples/jsp/jsp2/jspattribute/shuffle.jsp
apache-tomcat-9.0.39/webapps/examples/jsp/jsp2/jspattribute/shuffle.jsp.html
apache-tomcat-9.0.39/webapps/examples/jsp/jsp2/jspx/basic.html
apache-tomcat-9.0.39/webapps/examples/jsp/jsp2/jspx/basic.jspx
apache-tomcat-9.0.39/webapps/examples/jsp/jsp2/jspx/basic.jspx.html
apache-tomcat-9.0.39/webapps/examples/jsp/jsp2/jspx/svgexample.html
apache-tomcat-9.0.39/webapps/examples/jsp/jsp2/jspx/textRotate.html
apache-tomcat-9.0.39/webapps/examples/jsp/jsp2/jspx/textRotate.jpg
apache-tomcat-9.0.39/webapps/examples/jsp/jsp2/jspx/textRotate.jspx
apache-tomcat-9.0.39/webapps/examples/jsp/jsp2/jspx/textRotate.jspx.html
apache-tomcat-9.0.39/webapps/examples/jsp/jsp2/misc/EchoAttributesTag.java.html
apache-tomcat-9.0.39/webapps/examples/jsp/jsp2/misc/coda.jspf
apache-tomcat-9.0.39/webapps/examples/jsp/jsp2/misc/coda.jspf.html
apache-tomcat-9.0.39/webapps/examples/jsp/jsp2/misc/config.html
apache-tomcat-9.0.39/webapps/examples/jsp/jsp2/misc/config.jsp
apache-tomcat-9.0.39/webapps/examples/jsp/jsp2/misc/config.jsp.html
apache-tomcat-9.0.39/webapps/examples/jsp/jsp2/misc/dynamicattrs.html
apache-tomcat-9.0.39/webapps/examples/jsp/jsp2/misc/dynamicattrs.jsp
apache-tomcat-9.0.39/webapps/examples/jsp/jsp2/misc/dynamicattrs.jsp.html
apache-tomcat-9.0.39/webapps/examples/jsp/jsp2/misc/prelude.jspf
apache-tomcat-9.0.39/webapps/examples/jsp/jsp2/misc/prelude.jspf.html
apache-tomcat-9.0.39/webapps/examples/jsp/jsp2/simpletag/BookBean.java.html
apache-tomcat-9.0.39/webapps/examples/jsp/jsp2/simpletag/FindBookSimpleTag.java.html
apache-tomcat-9.0.39/webapps/examples/jsp/jsp2/simpletag/Functions.java.html
apache-tomcat-9.0.39/webapps/examples/jsp/jsp2/simpletag/HelloWorldSimpleTag.java.html
apache-tomcat-9.0.39/webapps/examples/jsp/jsp2/simpletag/RepeatSimpleTag.java.html
apache-tomcat-9.0.39/webapps/examples/jsp/jsp2/simpletag/book.html
apache-tomcat-9.0.39/webapps/examples/jsp/jsp2/simpletag/book.jsp
apache-tomcat-9.0.39/webapps/examples/jsp/jsp2/simpletag/book.jsp.html
apache-tomcat-9.0.39/webapps/examples/jsp/jsp2/simpletag/hello.html
apache-tomcat-9.0.39/webapps/examples/jsp/jsp2/simpletag/hello.jsp
apache-tomcat-9.0.39/webapps/examples/jsp/jsp2/simpletag/hello.jsp.html
apache-tomcat-9.0.39/webapps/examples/jsp/jsp2/simpletag/repeat.html
apache-tomcat-9.0.39/webapps/examples/jsp/jsp2/simpletag/repeat.jsp
apache-tomcat-9.0.39/webapps/examples/jsp/jsp2/simpletag/repeat.jsp.html
apache-tomcat-9.0.39/webapps/examples/jsp/jsp2/tagfiles/displayProducts.tag.html
apache-tomcat-9.0.39/webapps/examples/jsp/jsp2/tagfiles/hello.html
apache-tomcat-9.0.39/webapps/examples/jsp/jsp2/tagfiles/hello.jsp
apache-tomcat-9.0.39/webapps/examples/jsp/jsp2/tagfiles/hello.jsp.html
apache-tomcat-9.0.39/webapps/examples/jsp/jsp2/tagfiles/helloWorld.tag.html
apache-tomcat-9.0.39/webapps/examples/jsp/jsp2/tagfiles/panel.html
apache-tomcat-9.0.39/webapps/examples/jsp/jsp2/tagfiles/panel.jsp
apache-tomcat-9.0.39/webapps/examples/jsp/jsp2/tagfiles/panel.jsp.html
apache-tomcat-9.0.39/webapps/examples/jsp/jsp2/tagfiles/panel.tag.html
apache-tomcat-9.0.39/webapps/examples/jsp/jsp2/tagfiles/products.html
apache-tomcat-9.0.39/webapps/examples/jsp/jsp2/tagfiles/products.jsp
apache-tomcat-9.0.39/webapps/examples/jsp/jsp2/tagfiles/products.jsp.html
apache-tomcat-9.0.39/webapps/examples/jsp/jsptoserv/ServletToJsp.java.html
apache-tomcat-9.0.39/webapps/examples/jsp/jsptoserv/hello.jsp
apache-tomcat-9.0.39/webapps/examples/jsp/jsptoserv/hello.jsp.html
apache-tomcat-9.0.39/webapps/examples/jsp/jsptoserv/jsptoservlet.jsp
apache-tomcat-9.0.39/webapps/examples/jsp/jsptoserv/jsptoservlet.jsp.html
apache-tomcat-9.0.39/webapps/examples/jsp/jsptoserv/jts.html
apache-tomcat-9.0.39/webapps/examples/jsp/num/numguess.html
apache-tomcat-9.0.39/webapps/examples/jsp/num/numguess.jsp
apache-tomcat-9.0.39/webapps/examples/jsp/num/numguess.jsp.html
apache-tomcat-9.0.39/webapps/examples/jsp/plugin/applet/Clock2.class
apache-tomcat-9.0.39/webapps/examples/jsp/plugin/applet/Clock2.java
apache-tomcat-9.0.39/webapps/examples/jsp/plugin/plugin.html
apache-tomcat-9.0.39/webapps/examples/jsp/plugin/plugin.jsp
apache-tomcat-9.0.39/webapps/examples/jsp/plugin/plugin.jsp.html
apache-tomcat-9.0.39/webapps/examples/jsp/security/protected/error.jsp
apache-tomcat-9.0.39/webapps/examples/jsp/security/protected/error.jsp.html
apache-tomcat-9.0.39/webapps/examples/jsp/security/protected/index.jsp
apache-tomcat-9.0.39/webapps/examples/jsp/security/protected/index.jsp.html
apache-tomcat-9.0.39/webapps/examples/jsp/security/protected/login.jsp
apache-tomcat-9.0.39/webapps/examples/jsp/security/protected/login.jsp.html
apache-tomcat-9.0.39/webapps/examples/jsp/sessions/DummyCart.html
apache-tomcat-9.0.39/webapps/examples/jsp/sessions/carts.html
apache-tomcat-9.0.39/webapps/examples/jsp/sessions/carts.jsp
apache-tomcat-9.0.39/webapps/examples/jsp/sessions/carts.jsp.html
apache-tomcat-9.0.39/webapps/examples/jsp/sessions/crt.html
apache-tomcat-9.0.39/webapps/examples/jsp/simpletag/foo.html
apache-tomcat-9.0.39/webapps/examples/jsp/simpletag/foo.jsp
apache-tomcat-9.0.39/webapps/examples/jsp/simpletag/foo.jsp.html
apache-tomcat-9.0.39/webapps/examples/jsp/snp/snoop.html
apache-tomcat-9.0.39/webapps/examples/jsp/snp/snoop.jsp
apache-tomcat-9.0.39/webapps/examples/jsp/snp/snoop.jsp.html
apache-tomcat-9.0.39/webapps/examples/jsp/tagplugin/choose.html
apache-tomcat-9.0.39/webapps/examples/jsp/tagplugin/choose.jsp
apache-tomcat-9.0.39/webapps/examples/jsp/tagplugin/choose.jsp.html
apache-tomcat-9.0.39/webapps/examples/jsp/tagplugin/foreach.html
apache-tomcat-9.0.39/webapps/examples/jsp/tagplugin/foreach.jsp
apache-tomcat-9.0.39/webapps/examples/jsp/tagplugin/foreach.jsp.html
apache-tomcat-9.0.39/webapps/examples/jsp/tagplugin/howto.html
apache-tomcat-9.0.39/webapps/examples/jsp/tagplugin/if.html
apache-tomcat-9.0.39/webapps/examples/jsp/tagplugin/if.jsp
apache-tomcat-9.0.39/webapps/examples/jsp/tagplugin/if.jsp.html
apache-tomcat-9.0.39/webapps/examples/jsp/tagplugin/notes.html
apache-tomcat-9.0.39/webapps/examples/jsp/xml/xml.html
apache-tomcat-9.0.39/webapps/examples/jsp/xml/xml.jsp
apache-tomcat-9.0.39/webapps/examples/jsp/xml/xml.jsp.html
apache-tomcat-9.0.39/webapps/examples/servlets/cookies.html
apache-tomcat-9.0.39/webapps/examples/servlets/helloworld.html
apache-tomcat-9.0.39/webapps/examples/servlets/images/code.gif
apache-tomcat-9.0.39/webapps/examples/servlets/images/execute.gif
apache-tomcat-9.0.39/webapps/examples/servlets/images/return.gif
apache-tomcat-9.0.39/webapps/examples/servlets/index.html
apache-tomcat-9.0.39/webapps/examples/servlets/nonblocking/bytecounter.html
apache-tomcat-9.0.39/webapps/examples/servlets/reqheaders.html
apache-tomcat-9.0.39/webapps/examples/servlets/reqinfo.html
apache-tomcat-9.0.39/webapps/examples/servlets/reqparams.html
apache-tomcat-9.0.39/webapps/examples/servlets/sessions.html
apache-tomcat-9.0.39/webapps/examples/websocket/chat.xhtml
apache-tomcat-9.0.39/webapps/examples/websocket/drawboard.xhtml
apache-tomcat-9.0.39/webapps/examples/websocket/echo.xhtml
apache-tomcat-9.0.39/webapps/examples/websocket/index.xhtml
apache-tomcat-9.0.39/webapps/examples/websocket/snake.xhtml
apache-tomcat-9.0.39/webapps/host-manager/META-INF/context.xml
apache-tomcat-9.0.39/webapps/host-manager/WEB-INF/jsp/401.jsp
apache-tomcat-9.0.39/webapps/host-manager/WEB-INF/jsp/403.jsp
apache-tomcat-9.0.39/webapps/host-manager/WEB-INF/jsp/404.jsp
apache-tomcat-9.0.39/webapps/host-manager/WEB-INF/web.xml
apache-tomcat-9.0.39/webapps/host-manager/images/asf-logo.svg
apache-tomcat-9.0.39/webapps/host-manager/images/tomcat.gif
apache-tomcat-9.0.39/webapps/host-manager/index.jsp
apache-tomcat-9.0.39/webapps/host-manager/manager.xml
apache-tomcat-9.0.39/webapps/manager/META-INF/context.xml
apache-tomcat-9.0.39/webapps/manager/WEB-INF/jsp/401.jsp
apache-tomcat-9.0.39/webapps/manager/WEB-INF/jsp/403.jsp
apache-tomcat-9.0.39/webapps/manager/WEB-INF/jsp/404.jsp
apache-tomcat-9.0.39/webapps/manager/WEB-INF/jsp/connectorCerts.jsp
apache-tomcat-9.0.39/webapps/manager/WEB-INF/jsp/connectorCiphers.jsp
apache-tomcat-9.0.39/webapps/manager/WEB-INF/jsp/connectorTrustedCerts.jsp
apache-tomcat-9.0.39/webapps/manager/WEB-INF/jsp/sessionDetail.jsp
apache-tomcat-9.0.39/webapps/manager/WEB-INF/jsp/sessionsList.jsp
apache-tomcat-9.0.39/webapps/manager/WEB-INF/web.xml
apache-tomcat-9.0.39/webapps/manager/css/manager.css
apache-tomcat-9.0.39/webapps/manager/images/asf-logo.svg
apache-tomcat-9.0.39/webapps/manager/images/tomcat.svg
apache-tomcat-9.0.39/webapps/manager/index.jsp
apache-tomcat-9.0.39/webapps/manager/status.xsd
apache-tomcat-9.0.39/webapps/manager/xform.xsl
apache-tomcat-9.0.39/bin/catalina.sh
apache-tomcat-9.0.39/bin/ciphers.sh
apache-tomcat-9.0.39/bin/configtest.sh
apache-tomcat-9.0.39/bin/daemon.sh
apache-tomcat-9.0.39/bin/digest.sh
apache-tomcat-9.0.39/bin/makebase.sh
apache-tomcat-9.0.39/bin/setclasspath.sh
apache-tomcat-9.0.39/bin/shutdown.sh
apache-tomcat-9.0.39/bin/startup.sh
apache-tomcat-9.0.39/bin/tool-wrapper.sh
apache-tomcat-9.0.39/bin/version.sh
[root@ip-172-31-94-176 ec2-user]# ll
total 11020
-rw-r--r-- 1 root root 11282879 Oct  6  2020 apache-tomcat-9.0.39.tar.gz
[root@ip-172-31-94-176 ec2-user]# sudo ln -s /usr/share/apache-tomcat-$VER/ /usr/share/tomcat
[root@ip-172-31-94-176 ec2-user]# pwd
/home/ec2-user
[root@ip-172-31-94-176 ec2-user]# cd /usr/share/tomcat
[root@ip-172-31-94-176 tomcat]# ll
total 124
drwxr-x--- 2 root root  4096 May 31 02:14 bin
-rw-r----- 1 root root 18982 Oct  6  2020 BUILDING.txt
drwx------ 2 root root   238 Oct  6  2020 conf
-rw-r----- 1 root root  5409 Oct  6  2020 CONTRIBUTING.md
drwxr-x--- 2 root root  4096 May 31 02:14 lib
-rw-r----- 1 root root 57092 Oct  6  2020 LICENSE
drwxr-x--- 2 root root     6 Oct  6  2020 logs
-rw-r----- 1 root root  2333 Oct  6  2020 NOTICE
-rw-r----- 1 root root  3257 Oct  6  2020 README.md
-rw-r----- 1 root root  6898 Oct  6  2020 RELEASE-NOTES
-rw-r----- 1 root root 16262 Oct  6  2020 RUNNING.txt
drwxr-x--- 2 root root    30 May 31 02:14 temp
drwxr-x--- 7 root root    81 Oct  6  2020 webapps
drwxr-x--- 2 root root     6 Oct  6  2020 work
[root@ip-172-31-94-176 tomcat]# cd ../
[root@ip-172-31-94-176 share]# ll
total 100
drwxr-xr-x   2 root root    39 May 31 01:44 aclocal
drwxr-xr-x   7 root root    93 May 31 01:44 alsa
drwxr-xr-x   4 root root    33 Apr 28 19:54 anaconda
drwxr-xr-x   9 root root   220 May 31 02:14 apache-tomcat-9.0.39
drwxr-xr-x   2 root root   132 May 31 01:50 applications
drwxr-xr-x   3 root root    20 Apr 28 19:53 augeas
drwxr-xr-x   2 root root  4096 Apr 28 19:54 authconfig
drwxr-xr-x   2 root root  4096 Apr 28 19:54 awk
drwxr-xr-x   2 root root     6 Apr  9  2019 backgrounds
drwxr-xr-x   4 root root    63 Apr 28 19:54 bash-completion
drwxr-xr-x   2 root root   163 Apr 28 19:54 cracklib
drwxr-xr-x   5 root root   102 Apr 28 19:54 dbus-1
drwxr-xr-x   2 root root     6 Apr  9  2019 desktop-directories
drwxr-xr-x   2 root root    38 Apr 28 19:54 dict
drwxr-xr-x 385 root root 12288 May 31 01:50 doc
drwxr-xr-x   3 root root    37 May 31 01:50 egl
dr-xr-xr-x   2 root root     6 Apr  9  2019 empty
drwxr-xr-x   2 root root    19 Apr 28 19:54 file
drwxr-xr-x   3 root root    20 Apr 28 19:54 firstboot
drwxr-xr-x   3 root root    24 May 31 01:44 fontconfig
drwxr-xr-x   3 root root    33 May 31 01:44 fonts
drwxr-xr-x   2 root root     6 Apr  9  2019 games
drwxr-xr-x   3 root root    20 Apr 28 19:53 gcc-7
drwxr-xr-x   3 root root    23 Apr 28 19:53 gdb
drwxr-xr-x   2 root root    94 Apr 28 19:54 GeoIP
drwxr-xr-x   5 root root    58 Apr 28 19:54 gettext
drwxr-xr-x   3 root root    17 Apr 28 19:54 gettext-0.19.8
drwxr-xr-x   3 root root    20 Apr 28 19:53 ghostscript
drwxr-xr-x   3 root root    21 Apr 28 19:54 glib-2.0
drwxr-xr-x   3 root root    26 May 31 01:50 glvnd
drwxr-xr-x   2 root root     6 Apr  9  2019 gnome
drwxr-xr-x   2 root root  4096 Apr 28 19:54 gnupg
drwxr-xr-x   3 root root    35 Apr 28 19:54 groff
drwxr-xr-x   2 root root    83 Apr 28 19:54 grub
drwxr-xr-x   2 root root     6 Jul 31  2018 gtk-2.0
drwxr-xr-x   2 root root    97 Apr 28 19:54 hwdata
drwxr-xr-x   4 root root    37 Apr 28 19:53 i18n
drwxr-xr-x   5 root root    50 May 31 01:50 icons
drwxr-xr-x   2 root root     6 Apr  9  2019 idl
drwxr-xr-x   2 root root  4096 Apr 28 19:54 info
drwxr-xr-x   2 root root    25 May 31 01:53 java
drwxr-xr-x   2 root root     6 Oct 19  2017 java-1.5.0
drwxr-xr-x   2 root root     6 Oct 19  2017 java-1.6.0
drwxr-xr-x   2 root root     6 Oct 19  2017 java-1.7.0
drwxr-xr-x   2 root root     6 Oct 19  2017 java-1.8.0
drwxr-xr-x   2 root root     6 Oct 19  2017 javadoc
drwxr-xr-x   2 root root     6 Oct 19  2017 java-ext
drwxr-xr-x   2 root root   158 May 31 01:44 java-utils
drwxr-xr-x  13 root root  4096 May 31 01:44 javazi
drwxr-xr-x   2 root root    22 May 31 01:44 javazi-1.8
drwxr-xr-x   2 root root    21 May 31 01:53 jenkins
drwxr-xr-x   2 root root     6 Oct 19  2017 jvm
drwxr-xr-x   2 root root     6 Oct 19  2017 jvm-commmon
drwxr-xr-x   3 root root    18 Apr 28 19:54 kde4
drwxr-xr-x   2 root root    34 Apr 28 19:54 keyutils
drwxr-xr-x   3 root root   149 Apr 28 19:53 langtable
drwxr-xr-x   2 root root    24 Apr 28 19:54 libdrm
drwxr-xr-x   2 root root    23 May 31 01:50 libthai
drwxr-xr-x 100 root root  4096 May 31 01:50 licenses
drwxr-xr-x 596 root root 12288 Apr 28 19:54 locale
drwxr-xr-x   5 root root    44 May 31 01:44 log4j-cve-2021-44228-hotpatch
drwxr-xr-x   3 root root    17 Apr 28 19:54 lua
lrwxrwxrwx   1 root root    10 Apr 28 19:54 magic -> misc/magic
drwxr-xr-x  47 root root  4096 Apr 28 19:55 man
drwxr-xr-x   2 root root     6 Oct 19  2017 maven-effective-poms
drwxr-xr-x   2 root root    37 May 31 01:44 maven-fragments
drwxr-xr-x   2 root root     6 Oct 19  2017 maven-poms
drwxr-xr-x   4 root root    51 Apr 28 19:54 microcode_ctl
drwxr-xr-x  14 root root  4096 Apr 28 19:55 mime
drwxr-xr-x   2 root root     6 Apr  9  2019 mime-info
drwxr-xr-x   2 root root    36 Apr 28 19:54 misc
drwxr-xr-x   2 root root  4096 Apr 28 19:54 myspell
drwxr-xr-x  26 root root  4096 Apr 28 19:54 mysql
drwxr-xr-x   2 root root  4096 Apr 28 19:54 nano
drwxr-xr-x   2 root root     6 Apr  9  2019 omf
drwxr-xr-x   2 root root    23 Apr 28 19:54 os-prober
drwxr-xr-x   3 root root    21 Apr 28 19:54 p11-kit
drwxr-xr-x  46 root root  4096 Apr 28 19:54 perl5
drwxr-xr-x   4 root root   149 Apr 28 19:54 pixmaps
drwxr-xr-x   2 root root    91 Apr 28 19:54 pkgconfig
drwxr-xr-x   4 root root    52 Apr 28 19:54 pki
drwxr-xr-x   3 root root    75 Apr 28 19:54 plymouth
drwxr-xr-x   3 root root    21 Apr 28 19:54 polkit-1
drwxr-xr-x   3 root root    27 Apr 28 19:54 screen
drwxr-xr-x   4 root root    38 Apr 28 19:54 selinux
drwxr-xr-x   3 root root    25 Apr 28 19:54 setuptool
drwxr-xr-x   2 root root     6 Apr  9  2019 sounds
drwxr-xr-x   2 root root    56 Apr 28 19:54 systemd
drwxr-xr-x   3 root root    20 Apr 28 19:54 systemtap
drwxr-xr-x   2 root root    57 Apr 28 19:53 tabset
drwxr-xr-x  23 root root   195 Apr 28 19:53 terminfo
drwxr-xr-x   5 root root    49 May 31 01:50 themes
drwxr-xr-x   2 root root    48 May 31 01:50 thumbnailers
lrwxrwxrwx   1 root root    32 May 31 02:15 tomcat -> /usr/share/apache-tomcat-9.0.39/
drwxr-xr-x   4 root root    35 Apr 28 19:53 vim
drwxr-xr-x   4 root root    49 May 31 01:44 X11
drwxr-xr-x   3 root root    24 May 31 01:44 xml
drwxr-xr-x   2 root root     6 Apr  9  2019 xsessions
drwxr-xr-x   2 root root   285 Apr 28 19:54 yum-cli
drwxr-xr-x   2 root root     6 Feb 25  2021 yum-plugins
drwxr-xr-x  20 root root  4096 Apr 28 19:53 zoneinfo
drwxr-xr-x   3 root root    28 Apr 28 23:28 zsh
[root@ip-172-31-94-176 share]# cd /usr/share/apache-tomcat-9.0.39/
[root@ip-172-31-94-176 apache-tomcat-9.0.39]# ll
total 124
drwxr-x--- 2 root root  4096 May 31 02:14 bin
-rw-r----- 1 root root 18982 Oct  6  2020 BUILDING.txt
drwx------ 2 root root   238 Oct  6  2020 conf
-rw-r----- 1 root root  5409 Oct  6  2020 CONTRIBUTING.md
drwxr-x--- 2 root root  4096 May 31 02:14 lib
-rw-r----- 1 root root 57092 Oct  6  2020 LICENSE
drwxr-x--- 2 root root     6 Oct  6  2020 logs
-rw-r----- 1 root root  2333 Oct  6  2020 NOTICE
-rw-r----- 1 root root  3257 Oct  6  2020 README.md
-rw-r----- 1 root root  6898 Oct  6  2020 RELEASE-NOTES
-rw-r----- 1 root root 16262 Oct  6  2020 RUNNING.txt
drwxr-x--- 2 root root    30 May 31 02:14 temp
drwxr-x--- 7 root root    81 Oct  6  2020 webapps
drwxr-x--- 2 root root     6 Oct  6  2020 work
[root@ip-172-31-94-176 apache-tomcat-9.0.39]# sudo chown -R tomcat:tomcat /usr/share/tomcat
[root@ip-172-31-94-176 apache-tomcat-9.0.39]# sudo chown -R tomcat:tomcat /usr/share/apache-tomcat-$VER/
[root@ip-172-31-94-176 apache-tomcat-9.0.39]# cd /usr/share/tomcat
[root@ip-172-31-94-176 tomcat]# ll
total 124
drwxr-x--- 2 tomcat tomcat  4096 May 31 02:14 bin
-rw-r----- 1 tomcat tomcat 18982 Oct  6  2020 BUILDING.txt
drwx------ 2 tomcat tomcat   238 Oct  6  2020 conf
-rw-r----- 1 tomcat tomcat  5409 Oct  6  2020 CONTRIBUTING.md
drwxr-x--- 2 tomcat tomcat  4096 May 31 02:14 lib
-rw-r----- 1 tomcat tomcat 57092 Oct  6  2020 LICENSE
drwxr-x--- 2 tomcat tomcat     6 Oct  6  2020 logs
-rw-r----- 1 tomcat tomcat  2333 Oct  6  2020 NOTICE
-rw-r----- 1 tomcat tomcat  3257 Oct  6  2020 README.md
-rw-r----- 1 tomcat tomcat  6898 Oct  6  2020 RELEASE-NOTES
-rw-r----- 1 tomcat tomcat 16262 Oct  6  2020 RUNNING.txt
drwxr-x--- 2 tomcat tomcat    30 May 31 02:14 temp
drwxr-x--- 7 tomcat tomcat    81 Oct  6  2020 webapps
drwxr-x--- 2 tomcat tomcat     6 Oct  6  2020 work
[root@ip-172-31-94-176 tomcat]# cd bin
[root@ip-172-31-94-176 bin]# pwd
/usr/share/tomcat/bin
[root@ip-172-31-94-176 bin]# ll
total 876
-rw-r----- 1 tomcat tomcat  35909 Oct  6  2020 bootstrap.jar
-rw-r----- 1 tomcat tomcat  16655 Oct  6  2020 catalina.bat
-rwxr-x--- 1 tomcat tomcat  25121 Oct  6  2020 catalina.sh
-rw-r----- 1 tomcat tomcat   1664 Oct  6  2020 catalina-tasks.xml
-rw-r----- 1 tomcat tomcat   2123 Oct  6  2020 ciphers.bat
-rwxr-x--- 1 tomcat tomcat   1997 Oct  6  2020 ciphers.sh
-rw-r----- 1 tomcat tomcat  25287 Oct  6  2020 commons-daemon.jar
-rw-r----- 1 tomcat tomcat 208136 Oct  6  2020 commons-daemon-native.tar.gz
-rw-r----- 1 tomcat tomcat   2040 Oct  6  2020 configtest.bat
-rwxr-x--- 1 tomcat tomcat   1922 Oct  6  2020 configtest.sh
-rwxr-x--- 1 tomcat tomcat   9100 Oct  6  2020 daemon.sh
-rw-r----- 1 tomcat tomcat   2091 Oct  6  2020 digest.bat
-rwxr-x--- 1 tomcat tomcat   1965 Oct  6  2020 digest.sh
-rw-r----- 1 tomcat tomcat   3606 Oct  6  2020 makebase.bat
-rwxr-x--- 1 tomcat tomcat   3382 Oct  6  2020 makebase.sh
-rw-r----- 1 tomcat tomcat   3460 Oct  6  2020 setclasspath.bat
-rwxr-x--- 1 tomcat tomcat   3708 Oct  6  2020 setclasspath.sh
-rw-r----- 1 tomcat tomcat   2020 Oct  6  2020 shutdown.bat
-rwxr-x--- 1 tomcat tomcat   1902 Oct  6  2020 shutdown.sh
-rw-r----- 1 tomcat tomcat   2022 Oct  6  2020 startup.bat
-rwxr-x--- 1 tomcat tomcat   1904 Oct  6  2020 startup.sh
-rw-r----- 1 tomcat tomcat  49769 Oct  6  2020 tomcat-juli.jar
-rw-r----- 1 tomcat tomcat 421399 Oct  6  2020 tomcat-native.tar.gz
-rw-r----- 1 tomcat tomcat   4574 Oct  6  2020 tool-wrapper.bat
-rwxr-x--- 1 tomcat tomcat   5540 Oct  6  2020 tool-wrapper.sh
-rw-r----- 1 tomcat tomcat   2026 Oct  6  2020 version.bat
-rwxr-x--- 1 tomcat tomcat   1908 Oct  6  2020 version.sh
[root@ip-172-31-94-176 bin]# cd ../
[root@ip-172-31-94-176 tomcat]# ll
total 124
drwxr-x--- 2 tomcat tomcat  4096 May 31 02:14 bin
-rw-r----- 1 tomcat tomcat 18982 Oct  6  2020 BUILDING.txt
drwx------ 2 tomcat tomcat   238 Oct  6  2020 conf
-rw-r----- 1 tomcat tomcat  5409 Oct  6  2020 CONTRIBUTING.md
drwxr-x--- 2 tomcat tomcat  4096 May 31 02:14 lib
-rw-r----- 1 tomcat tomcat 57092 Oct  6  2020 LICENSE
drwxr-x--- 2 tomcat tomcat     6 Oct  6  2020 logs
-rw-r----- 1 tomcat tomcat  2333 Oct  6  2020 NOTICE
-rw-r----- 1 tomcat tomcat  3257 Oct  6  2020 README.md
-rw-r----- 1 tomcat tomcat  6898 Oct  6  2020 RELEASE-NOTES
-rw-r----- 1 tomcat tomcat 16262 Oct  6  2020 RUNNING.txt
drwxr-x--- 2 tomcat tomcat    30 May 31 02:14 temp
drwxr-x--- 7 tomcat tomcat    81 Oct  6  2020 webapps
drwxr-x--- 2 tomcat tomcat     6 Oct  6  2020 work
[root@ip-172-31-94-176 tomcat]# pwd
/usr/share/tomcat
[root@ip-172-31-94-176 tomcat]# cd /var/
[root@ip-172-31-94-176 var]# ll
total 8
drwxr-xr-x  2 root root   19 Apr 28 19:54 account
drwxr-xr-x  2 root root    6 Apr  9  2019 adm
drwxr-xr-x  7 root root   78 May 31 01:53 cache
drwxr-xr-x  3 root root   18 Apr 28 19:54 db
drwxr-xr-x  3 root root   18 Apr 28 19:54 empty
drwxr-xr-x  2 root root    6 Apr  9  2019 games
drwxr-xr-x  2 root root    6 Apr  9  2019 gopher
drwxr-xr-x  3 root root   18 Apr 28 19:54 kerberos
drwxr-xr-x 31 root root 4096 May 31 01:53 lib
drwxr-xr-x  2 root root    6 Apr  9  2019 local
lrwxrwxrwx  1 root root   11 Apr 28 19:53 lock -> ../run/lock
drwxr-xr-x  8 root root 4096 May 31 01:53 log
lrwxrwxrwx  1 root root   10 Apr 28 19:53 mail -> spool/mail
drwxr-xr-x  2 root root    6 Apr  9  2019 nis
drwxr-xr-x  2 root root    6 Apr  9  2019 opt
drwxr-xr-x  2 root root    6 Apr  9  2019 preserve
lrwxrwxrwx  1 root root    6 Apr 28 19:53 run -> ../run
drwxr-xr-x  9 root root   97 Apr 28 19:54 spool
drwxrwxrwt  3 root root   85 May 31 01:53 tmp
drwxr-xr-x  2 root root    6 Apr  9  2019 yp
[root@ip-172-31-94-176 var]# cd /usr/share/tomcat
[root@ip-172-31-94-176 tomcat]# ll
total 124
drwxr-x--- 2 tomcat tomcat  4096 May 31 02:14 bin
-rw-r----- 1 tomcat tomcat 18982 Oct  6  2020 BUILDING.txt
drwx------ 2 tomcat tomcat   238 Oct  6  2020 conf
-rw-r----- 1 tomcat tomcat  5409 Oct  6  2020 CONTRIBUTING.md
drwxr-x--- 2 tomcat tomcat  4096 May 31 02:14 lib
-rw-r----- 1 tomcat tomcat 57092 Oct  6  2020 LICENSE
drwxr-x--- 2 tomcat tomcat     6 Oct  6  2020 logs
-rw-r----- 1 tomcat tomcat  2333 Oct  6  2020 NOTICE
-rw-r----- 1 tomcat tomcat  3257 Oct  6  2020 README.md
-rw-r----- 1 tomcat tomcat  6898 Oct  6  2020 RELEASE-NOTES
-rw-r----- 1 tomcat tomcat 16262 Oct  6  2020 RUNNING.txt
drwxr-x--- 2 tomcat tomcat    30 May 31 02:14 temp
drwxr-x--- 7 tomcat tomcat    81 Oct  6  2020 webapps
drwxr-x--- 2 tomcat tomcat     6 Oct  6  2020 work
[root@ip-172-31-94-176 tomcat]# cd conf
[root@ip-172-31-94-176 conf]# ll
total 232
-rw------- 1 tomcat tomcat  12873 Oct  6  2020 catalina.policy
-rw------- 1 tomcat tomcat   7262 Oct  6  2020 catalina.properties
-rw------- 1 tomcat tomcat   1400 Oct  6  2020 context.xml
-rw------- 1 tomcat tomcat   1149 Oct  6  2020 jaspic-providers.xml
-rw------- 1 tomcat tomcat   2313 Oct  6  2020 jaspic-providers.xsd
-rw------- 1 tomcat tomcat   4144 Oct  6  2020 logging.properties
-rw------- 1 tomcat tomcat   7588 Oct  6  2020 server.xml
-rw------- 1 tomcat tomcat   2164 Oct  6  2020 tomcat-users.xml
-rw------- 1 tomcat tomcat   2558 Oct  6  2020 tomcat-users.xsd
-rw------- 1 tomcat tomcat 172359 Oct  6  2020 web.xml
[root@ip-172-31-94-176 conf]# more context.xml
<?xml version="1.0" encoding="UTF-8"?>
<!--
  Licensed to the Apache Software Foundation (ASF) under one or more
  contributor license agreements.  See the NOTICE file distributed with
  this work for additional information regarding copyright ownership.
  The ASF licenses this file to You under the Apache License, Version 2.0
  (the "License"); you may not use this file except in compliance with
  the License.  You may obtain a copy of the License at

      http://www.apache.org/licenses/LICENSE-2.0

  Unless required by applicable law or agreed to in writing, software
  distributed under the License is distributed on an "AS IS" BASIS,
  WITHOUT WARRANTIES OR CONDITIONS OF ANY KIND, either express or implied.
  See the License for the specific language governing permissions and
  limitations under the License.
-->
<!-- The contents of this file will be loaded for each web application -->
<Context>

    <!-- Default set of monitored resources. If one of these changes, the    -->
    <!-- web application will be reloaded.                                   -->
    <WatchedResource>WEB-INF/web.xml</WatchedResource>
    <WatchedResource>WEB-INF/tomcat-web.xml</WatchedResource>
    <WatchedResource>${catalina.base}/conf/web.xml</WatchedResource>

    <!-- Uncomment this to disable session persistence across Tomcat restarts -->
    <!--
    <Manager pathname="" />
    -->
</Context>
[root@ip-172-31-94-176 conf]# ll
total 232
-rw------- 1 tomcat tomcat  12873 Oct  6  2020 catalina.policy
-rw------- 1 tomcat tomcat   7262 Oct  6  2020 catalina.properties
-rw------- 1 tomcat tomcat   1400 Oct  6  2020 context.xml
-rw------- 1 tomcat tomcat   1149 Oct  6  2020 jaspic-providers.xml
-rw------- 1 tomcat tomcat   2313 Oct  6  2020 jaspic-providers.xsd
-rw------- 1 tomcat tomcat   4144 Oct  6  2020 logging.properties
-rw------- 1 tomcat tomcat   7588 Oct  6  2020 server.xml
-rw------- 1 tomcat tomcat   2164 Oct  6  2020 tomcat-users.xml
-rw------- 1 tomcat tomcat   2558 Oct  6  2020 tomcat-users.xsd
-rw------- 1 tomcat tomcat 172359 Oct  6  2020 web.xml
[root@ip-172-31-94-176 conf]# cat server.xml
<?xml version="1.0" encoding="UTF-8"?>
<!--
  Licensed to the Apache Software Foundation (ASF) under one or more
  contributor license agreements.  See the NOTICE file distributed with
  this work for additional information regarding copyright ownership.
  The ASF licenses this file to You under the Apache License, Version 2.0
  (the "License"); you may not use this file except in compliance with
  the License.  You may obtain a copy of the License at

      http://www.apache.org/licenses/LICENSE-2.0

  Unless required by applicable law or agreed to in writing, software
  distributed under the License is distributed on an "AS IS" BASIS,
  WITHOUT WARRANTIES OR CONDITIONS OF ANY KIND, either express or implied.
  See the License for the specific language governing permissions and
  limitations under the License.
-->
<!-- Note:  A "Server" is not itself a "Container", so you may not
     define subcomponents such as "Valves" at this level.
     Documentation at /docs/config/server.html
 -->
<Server port="8005" shutdown="SHUTDOWN">
  <Listener className="org.apache.catalina.startup.VersionLoggerListener" />
  <!-- Security listener. Documentation at /docs/config/listeners.html
  <Listener className="org.apache.catalina.security.SecurityListener" />
  -->
  <!--APR library loader. Documentation at /docs/apr.html -->
  <Listener className="org.apache.catalina.core.AprLifecycleListener" SSLEngine="on" />
  <!-- Prevent memory leaks due to use of particular java/javax APIs-->
  <Listener className="org.apache.catalina.core.JreMemoryLeakPreventionListener" />
  <Listener className="org.apache.catalina.mbeans.GlobalResourcesLifecycleListener" />
  <Listener className="org.apache.catalina.core.ThreadLocalLeakPreventionListener" />

  <!-- Global JNDI resources
       Documentation at /docs/jndi-resources-howto.html
  -->
  <GlobalNamingResources>
    <!-- Editable user database that can also be used by
         UserDatabaseRealm to authenticate users
    -->
    <Resource name="UserDatabase" auth="Container"
              type="org.apache.catalina.UserDatabase"
              description="User database that can be updated and saved"
              factory="org.apache.catalina.users.MemoryUserDatabaseFactory"
              pathname="conf/tomcat-users.xml" />
  </GlobalNamingResources>

  <!-- A "Service" is a collection of one or more "Connectors" that share
       a single "Container" Note:  A "Service" is not itself a "Container",
       so you may not define subcomponents such as "Valves" at this level.
       Documentation at /docs/config/service.html
   -->
  <Service name="Catalina">

    <!--The connectors can use a shared executor, you can define one or more named thread pools-->
    <!--
    <Executor name="tomcatThreadPool" namePrefix="catalina-exec-"
        maxThreads="150" minSpareThreads="4"/>
    -->


    <!-- A "Connector" represents an endpoint by which requests are received
         and responses are returned. Documentation at :
         Java HTTP Connector: /docs/config/http.html
         Java AJP  Connector: /docs/config/ajp.html
         APR (HTTP/AJP) Connector: /docs/apr.html
         Define a non-SSL/TLS HTTP/1.1 Connector on port 8080
    -->
    <Connector port="8080" protocol="HTTP/1.1"
               connectionTimeout="20000"
               redirectPort="8443" />
    <!-- A "Connector" using the shared thread pool-->
    <!--
    <Connector executor="tomcatThreadPool"
               port="8080" protocol="HTTP/1.1"
               connectionTimeout="20000"
               redirectPort="8443" />
    -->
    <!-- Define an SSL/TLS HTTP/1.1 Connector on port 8443
         This connector uses the NIO implementation. The default
         SSLImplementation will depend on the presence of the APR/native
         library and the useOpenSSL attribute of the
         AprLifecycleListener.
         Either JSSE or OpenSSL style configuration may be used regardless of
         the SSLImplementation selected. JSSE style configuration is used below.
    -->
    <!--
    <Connector port="8443" protocol="org.apache.coyote.http11.Http11NioProtocol"
               maxThreads="150" SSLEnabled="true">
        <SSLHostConfig>
            <Certificate certificateKeystoreFile="conf/localhost-rsa.jks"
                         type="RSA" />
        </SSLHostConfig>
    </Connector>
    -->
    <!-- Define an SSL/TLS HTTP/1.1 Connector on port 8443 with HTTP/2
         This connector uses the APR/native implementation which always uses
         OpenSSL for TLS.
         Either JSSE or OpenSSL style configuration may be used. OpenSSL style
         configuration is used below.
    -->
    <!--
    <Connector port="8443" protocol="org.apache.coyote.http11.Http11AprProtocol"
               maxThreads="150" SSLEnabled="true" >
        <UpgradeProtocol className="org.apache.coyote.http2.Http2Protocol" />
        <SSLHostConfig>
            <Certificate certificateKeyFile="conf/localhost-rsa-key.pem"
                         certificateFile="conf/localhost-rsa-cert.pem"
                         certificateChainFile="conf/localhost-rsa-chain.pem"
                         type="RSA" />
        </SSLHostConfig>
    </Connector>
    -->

    <!-- Define an AJP 1.3 Connector on port 8009 -->
    <!--
    <Connector protocol="AJP/1.3"
               address="::1"
               port="8009"
               redirectPort="8443" />
    -->

    <!-- An Engine represents the entry point (within Catalina) that processes
         every request.  The Engine implementation for Tomcat stand alone
         analyzes the HTTP headers included with the request, and passes them
         on to the appropriate Host (virtual host).
         Documentation at /docs/config/engine.html -->

    <!-- You should set jvmRoute to support load-balancing via AJP ie :
    <Engine name="Catalina" defaultHost="localhost" jvmRoute="jvm1">
    -->
    <Engine name="Catalina" defaultHost="localhost">

      <!--For clustering, please take a look at documentation at:
          /docs/cluster-howto.html  (simple how to)
          /docs/config/cluster.html (reference documentation) -->
      <!--
      <Cluster className="org.apache.catalina.ha.tcp.SimpleTcpCluster"/>
      -->

      <!-- Use the LockOutRealm to prevent attempts to guess user passwords
           via a brute-force attack -->
      <Realm className="org.apache.catalina.realm.LockOutRealm">
        <!-- This Realm uses the UserDatabase configured in the global JNDI
             resources under the key "UserDatabase".  Any edits
             that are performed against this UserDatabase are immediately
             available for use by the Realm.  -->
        <Realm className="org.apache.catalina.realm.UserDatabaseRealm"
               resourceName="UserDatabase"/>
      </Realm>

      <Host name="localhost"  appBase="webapps"
            unpackWARs="true" autoDeploy="true">

        <!-- SingleSignOn valve, share authentication between web applications
             Documentation at: /docs/config/valve.html -->
        <!--
        <Valve className="org.apache.catalina.authenticator.SingleSignOn" />
        -->

        <!-- Access log processes all example.
             Documentation at: /docs/config/valve.html
             Note: The pattern used is equivalent to using pattern="common" -->
        <Valve className="org.apache.catalina.valves.AccessLogValve" directory="logs"
               prefix="localhost_access_log" suffix=".txt"
               pattern="%h %l %u %t &quot;%r&quot; %s %b" />

      </Host>
    </Engine>
  </Service>
</Server>
[root@ip-172-31-94-176 conf]# cd ../
[root@ip-172-31-94-176 tomcat]# ll
total 124
drwxr-x--- 2 tomcat tomcat  4096 May 31 02:14 bin
-rw-r----- 1 tomcat tomcat 18982 Oct  6  2020 BUILDING.txt
drwx------ 2 tomcat tomcat   238 Oct  6  2020 conf
-rw-r----- 1 tomcat tomcat  5409 Oct  6  2020 CONTRIBUTING.md
drwxr-x--- 2 tomcat tomcat  4096 May 31 02:14 lib
-rw-r----- 1 tomcat tomcat 57092 Oct  6  2020 LICENSE
drwxr-x--- 2 tomcat tomcat     6 Oct  6  2020 logs
-rw-r----- 1 tomcat tomcat  2333 Oct  6  2020 NOTICE
-rw-r----- 1 tomcat tomcat  3257 Oct  6  2020 README.md
-rw-r----- 1 tomcat tomcat  6898 Oct  6  2020 RELEASE-NOTES
-rw-r----- 1 tomcat tomcat 16262 Oct  6  2020 RUNNING.txt
drwxr-x--- 2 tomcat tomcat    30 May 31 02:14 temp
drwxr-x--- 7 tomcat tomcat    81 Oct  6  2020 webapps
drwxr-x--- 2 tomcat tomcat     6 Oct  6  2020 work
[root@ip-172-31-94-176 tomcat]# cd logs
[root@ip-172-31-94-176 logs]# ll
total 0
[root@ip-172-31-94-176 logs]# cd ../
[root@ip-172-31-94-176 tomcat]# ll
total 124
drwxr-x--- 2 tomcat tomcat  4096 May 31 02:14 bin
-rw-r----- 1 tomcat tomcat 18982 Oct  6  2020 BUILDING.txt
drwx------ 2 tomcat tomcat   238 Oct  6  2020 conf
-rw-r----- 1 tomcat tomcat  5409 Oct  6  2020 CONTRIBUTING.md
drwxr-x--- 2 tomcat tomcat  4096 May 31 02:14 lib
-rw-r----- 1 tomcat tomcat 57092 Oct  6  2020 LICENSE
drwxr-x--- 2 tomcat tomcat     6 Oct  6  2020 logs
-rw-r----- 1 tomcat tomcat  2333 Oct  6  2020 NOTICE
-rw-r----- 1 tomcat tomcat  3257 Oct  6  2020 README.md
-rw-r----- 1 tomcat tomcat  6898 Oct  6  2020 RELEASE-NOTES
-rw-r----- 1 tomcat tomcat 16262 Oct  6  2020 RUNNING.txt
drwxr-x--- 2 tomcat tomcat    30 May 31 02:14 temp
drwxr-x--- 7 tomcat tomcat    81 Oct  6  2020 webapps
drwxr-x--- 2 tomcat tomcat     6 Oct  6  2020 work
[root@ip-172-31-94-176 tomcat]# cd webapps/
[root@ip-172-31-94-176 webapps]# ll
total 4
drwxr-x--- 15 tomcat tomcat 4096 May 31 02:14 docs
drwxr-x---  6 tomcat tomcat   83 May 31 02:14 examples
drwxr-x---  5 tomcat tomcat   87 May 31 02:14 host-manager
drwxr-x---  6 tomcat tomcat  114 May 31 02:14 manager
drwxr-x---  3 tomcat tomcat  283 May 31 02:14 ROOT
[root@ip-172-31-94-176 webapps]# cd docs
[root@ip-172-31-94-176 docs]# ll
total 1584
-rw-r----- 1 tomcat tomcat   7004 Oct  6  2020 aio.html
drwxr-x--- 2 tomcat tomcat     24 May 31 02:14 annotationapi
drwxr-x--- 2 tomcat tomcat     24 May 31 02:14 api
drwxr-x--- 3 tomcat tomcat    192 May 31 02:14 appdev
-rw-r----- 1 tomcat tomcat  10656 Oct  6  2020 apr.html
drwxr-x--- 4 tomcat tomcat    129 May 31 02:14 architecture
-rw-r----- 1 tomcat tomcat   5521 Oct  6  2020 balancer-howto.html
-rw-r----- 1 tomcat tomcat  13688 Oct  6  2020 building.html
-rw-r----- 1 tomcat tomcat  18982 Oct  6  2020 BUILDING.txt
-rw-r----- 1 tomcat tomcat  10971 Oct  6  2020 cdi.html
-rw-r----- 1 tomcat tomcat  11554 Oct  6  2020 cgi-howto.html
-rw-r----- 1 tomcat tomcat 574882 Oct  6  2020 changelog.html
-rw-r----- 1 tomcat tomcat  17810 Oct  6  2020 class-loader-howto.html
-rw-r----- 1 tomcat tomcat  42611 Oct  6  2020 cluster-howto.html
-rw-r----- 1 tomcat tomcat   8070 Oct  6  2020 comments.html
drwxr-x--- 2 tomcat tomcat   4096 May 31 02:14 config
-rw-r----- 1 tomcat tomcat   6606 Oct  6  2020 connectors.html
-rw-r----- 1 tomcat tomcat  17672 Oct  6  2020 default-servlet.html
-rw-r----- 1 tomcat tomcat  20569 Oct  6  2020 deployer-howto.html
-rw-r----- 1 tomcat tomcat   6530 Oct  6  2020 developers.html
drwxr-x--- 2 tomcat tomcat     24 May 31 02:14 elapi
-rw-r----- 1 tomcat tomcat  12780 Oct  6  2020 graal.html
-rw-r----- 1 tomcat tomcat  14240 Oct  6  2020 host-manager-howto.html
-rw-r----- 1 tomcat tomcat  12053 Oct  6  2020 html-host-manager-howto.html
-rw-r----- 1 tomcat tomcat  28013 Oct  6  2020 html-manager-howto.html
drwxr-x--- 3 tomcat tomcat    242 May 31 02:14 images
-rw-r----- 1 tomcat tomcat  14902 Oct  6  2020 index.html
-rw-r----- 1 tomcat tomcat  15615 Oct  6  2020 introduction.html
-rw-r----- 1 tomcat tomcat  22502 Oct  6  2020 jasper-howto.html
drwxr-x--- 2 tomcat tomcat     24 May 31 02:14 jaspicapi
-rw-r----- 1 tomcat tomcat  65147 Oct  6  2020 jdbc-pool.html
-rw-r----- 1 tomcat tomcat  33375 Oct  6  2020 jndi-datasource-examples-howto.html
-rw-r----- 1 tomcat tomcat  52023 Oct  6  2020 jndi-resources-howto.html
drwxr-x--- 2 tomcat tomcat     24 May 31 02:14 jspapi
-rw-r----- 1 tomcat tomcat  23573 Oct  6  2020 logging.html
-rw-r----- 1 tomcat tomcat  74324 Oct  6  2020 manager-howto.html
-rw-r----- 1 tomcat tomcat   6052 Oct  6  2020 maven-jars.html
-rw-r----- 1 tomcat tomcat  11049 Oct  6  2020 mbeans-descriptors.dtd
-rw-r----- 1 tomcat tomcat   6317 Oct  6  2020 mbeans-descriptors-howto.html
-rw-r----- 1 tomcat tomcat  38267 Oct  6  2020 monitoring.html
-rw-r----- 1 tomcat tomcat  10835 Oct  6  2020 proxy-howto.html
-rw-r----- 1 tomcat tomcat  61175 Oct  6  2020 realm-howto.html
-rw-r----- 1 tomcat tomcat   6898 Oct  6  2020 RELEASE-NOTES.txt
-rw-r----- 1 tomcat tomcat  36905 Oct  6  2020 rewrite.html
-rw-r----- 1 tomcat tomcat  16262 Oct  6  2020 RUNNING.txt
-rw-r----- 1 tomcat tomcat  35628 Oct  6  2020 security-howto.html
-rw-r----- 1 tomcat tomcat  27581 Oct  6  2020 security-manager-howto.html
drwxr-x--- 2 tomcat tomcat     24 May 31 02:14 servletapi
-rw-r----- 1 tomcat tomcat  12547 Oct  6  2020 setup.html
-rw-r----- 1 tomcat tomcat  17981 Oct  6  2020 ssi-howto.html
-rw-r----- 1 tomcat tomcat  40272 Oct  6  2020 ssl-howto.html
drwxr-x--- 2 tomcat tomcat    177 May 31 02:14 tribes
-rw-r----- 1 tomcat tomcat  10071 Oct  6  2020 virtual-hosting-howto.html
drwxr-x--- 2 tomcat tomcat     21 May 31 02:14 WEB-INF
drwxr-x--- 2 tomcat tomcat     24 May 31 02:14 websocketapi
-rw-r----- 1 tomcat tomcat  11303 Oct  6  2020 web-socket-howto.html
-rw-r----- 1 tomcat tomcat  20745 Oct  6  2020 windows-auth-howto.html
-rw-r----- 1 tomcat tomcat  21214 Oct  6  2020 windows-service-howto.html
[root@ip-172-31-94-176 docs]# cd ../
[root@ip-172-31-94-176 webapps]# ll
total 4
drwxr-x--- 15 tomcat tomcat 4096 May 31 02:14 docs
drwxr-x---  6 tomcat tomcat   83 May 31 02:14 examples
drwxr-x---  5 tomcat tomcat   87 May 31 02:14 host-manager
drwxr-x---  6 tomcat tomcat  114 May 31 02:14 manager
drwxr-x---  3 tomcat tomcat  283 May 31 02:14 ROOT
[root@ip-172-31-94-176 webapps]# cd examples/
[root@ip-172-31-94-176 examples]# ll
total 4
-rw-r-----  1 tomcat tomcat 1126 Oct  6  2020 index.html
drwxr-x--- 21 tomcat tomcat  290 May 31 02:14 jsp
drwxr-x---  4 tomcat tomcat  186 May 31 02:14 servlets
drwxr-x---  7 tomcat tomcat   82 May 31 02:14 WEB-INF
drwxr-x---  2 tomcat tomcat  103 May 31 02:14 websocket
[root@ip-172-31-94-176 examples]# cd ../bin
bash: cd: ../bin: No such file or directory
[root@ip-172-31-94-176 examples]#
[root@ip-172-31-94-176 examples]# cd ../../bin
[root@ip-172-31-94-176 bin]# ll
total 876
-rw-r----- 1 tomcat tomcat  35909 Oct  6  2020 bootstrap.jar
-rw-r----- 1 tomcat tomcat  16655 Oct  6  2020 catalina.bat
-rwxr-x--- 1 tomcat tomcat  25121 Oct  6  2020 catalina.sh
-rw-r----- 1 tomcat tomcat   1664 Oct  6  2020 catalina-tasks.xml
-rw-r----- 1 tomcat tomcat   2123 Oct  6  2020 ciphers.bat
-rwxr-x--- 1 tomcat tomcat   1997 Oct  6  2020 ciphers.sh
-rw-r----- 1 tomcat tomcat  25287 Oct  6  2020 commons-daemon.jar
-rw-r----- 1 tomcat tomcat 208136 Oct  6  2020 commons-daemon-native.tar.gz
-rw-r----- 1 tomcat tomcat   2040 Oct  6  2020 configtest.bat
-rwxr-x--- 1 tomcat tomcat   1922 Oct  6  2020 configtest.sh
-rwxr-x--- 1 tomcat tomcat   9100 Oct  6  2020 daemon.sh
-rw-r----- 1 tomcat tomcat   2091 Oct  6  2020 digest.bat
-rwxr-x--- 1 tomcat tomcat   1965 Oct  6  2020 digest.sh
-rw-r----- 1 tomcat tomcat   3606 Oct  6  2020 makebase.bat
-rwxr-x--- 1 tomcat tomcat   3382 Oct  6  2020 makebase.sh
-rw-r----- 1 tomcat tomcat   3460 Oct  6  2020 setclasspath.bat
-rwxr-x--- 1 tomcat tomcat   3708 Oct  6  2020 setclasspath.sh
-rw-r----- 1 tomcat tomcat   2020 Oct  6  2020 shutdown.bat
-rwxr-x--- 1 tomcat tomcat   1902 Oct  6  2020 shutdown.sh
-rw-r----- 1 tomcat tomcat   2022 Oct  6  2020 startup.bat
-rwxr-x--- 1 tomcat tomcat   1904 Oct  6  2020 startup.sh
-rw-r----- 1 tomcat tomcat  49769 Oct  6  2020 tomcat-juli.jar
-rw-r----- 1 tomcat tomcat 421399 Oct  6  2020 tomcat-native.tar.gz
-rw-r----- 1 tomcat tomcat   4574 Oct  6  2020 tool-wrapper.bat
-rwxr-x--- 1 tomcat tomcat   5540 Oct  6  2020 tool-wrapper.sh
-rw-r----- 1 tomcat tomcat   2026 Oct  6  2020 version.bat
-rwxr-x--- 1 tomcat tomcat   1908 Oct  6  2020 version.sh
[root@ip-172-31-94-176 bin]# pwd
/usr/share/tomcat/bin
[root@ip-172-31-94-176 bin]# cd ../
[root@ip-172-31-94-176 tomcat]# ll
total 124
drwxr-x--- 2 tomcat tomcat  4096 May 31 02:14 bin
-rw-r----- 1 tomcat tomcat 18982 Oct  6  2020 BUILDING.txt
drwx------ 2 tomcat tomcat   238 Oct  6  2020 conf
-rw-r----- 1 tomcat tomcat  5409 Oct  6  2020 CONTRIBUTING.md
drwxr-x--- 2 tomcat tomcat  4096 May 31 02:14 lib
-rw-r----- 1 tomcat tomcat 57092 Oct  6  2020 LICENSE
drwxr-x--- 2 tomcat tomcat     6 Oct  6  2020 logs
-rw-r----- 1 tomcat tomcat  2333 Oct  6  2020 NOTICE
-rw-r----- 1 tomcat tomcat  3257 Oct  6  2020 README.md
-rw-r----- 1 tomcat tomcat  6898 Oct  6  2020 RELEASE-NOTES
-rw-r----- 1 tomcat tomcat 16262 Oct  6  2020 RUNNING.txt
drwxr-x--- 2 tomcat tomcat    30 May 31 02:14 temp
drwxr-x--- 7 tomcat tomcat    81 Oct  6  2020 webapps
drwxr-x--- 2 tomcat tomcat     6 Oct  6  2020 work
[root@ip-172-31-94-176 tomcat]# cd webapps/
[root@ip-172-31-94-176 webapps]# ll
total 4
drwxr-x--- 15 tomcat tomcat 4096 May 31 02:14 docs
drwxr-x---  6 tomcat tomcat   83 May 31 02:14 examples
drwxr-x---  5 tomcat tomcat   87 May 31 02:14 host-manager
drwxr-x---  6 tomcat tomcat  114 May 31 02:14 manager
drwxr-x---  3 tomcat tomcat  283 May 31 02:14 ROOT
[root@ip-172-31-94-176 webapps]# sudo systemctl daemon-reload
[root@ip-172-31-94-176 webapps]# sudo systemctl start tomcat
Failed to start tomcat.service: Unit not found.
[root@ip-172-31-94-176 webapps]# sudo systemctl enable tomcat
Failed to execute operation: No such file or directory
[root@ip-172-31-94-176 webapps]# sudo tee /etc/systemd/system/tomcat.service<<EOF
> [Unit]
> Description=Tomcat Server
> After=syslog.target network.target
>
> [Service]
> Type=forking
> User=tomcat
> Group=tomcat
>
> Environment=JAVA_HOME=/usr/lib/jvm/jre
> Environment='JAVA_OPTS=-Djava.awt.headless=true'
> Environment=CATALINA_HOME=/usr/share/tomcat
> Environment=CATALINA_BASE=/usr/share/tomcat
> Environment=CATALINA_PID=/usr/share/tomcat/temp/tomcat.pid
> Environment='CATALINA_OPTS=-Xms512M -Xmx1024M'
> ExecStart=/usr/share/tomcat/bin/catalina.sh start
> ExecStop=/usr/share/tomcat/bin/catalina.sh stop
>
> [Install]
> WantedBy=multi-user.target
> EOF
[Unit]
Description=Tomcat Server
After=syslog.target network.target

[Service]
Type=forking
User=tomcat
Group=tomcat

Environment=JAVA_HOME=/usr/lib/jvm/jre
Environment='JAVA_OPTS=-Djava.awt.headless=true'
Environment=CATALINA_HOME=/usr/share/tomcat
Environment=CATALINA_BASE=/usr/share/tomcat
Environment=CATALINA_PID=/usr/share/tomcat/temp/tomcat.pid
Environment='CATALINA_OPTS=-Xms512M -Xmx1024M'
ExecStart=/usr/share/tomcat/bin/catalina.sh start
ExecStop=/usr/share/tomcat/bin/catalina.sh stop

[Install]
WantedBy=multi-user.target
[root@ip-172-31-94-176 webapps]# sudo systemctl daemon-reload
[root@ip-172-31-94-176 webapps]# sudo systemctl start tomcat
[root@ip-172-31-94-176 webapps]# sudo systemctl enable tomcat
Created symlink from /etc/systemd/system/multi-user.target.wants/tomcat.service to /etc/systemd/system/tomcat.service.
[root@ip-172-31-94-176 webapps]# sudo systemctl status tomcat
● tomcat.service - Tomcat Server
   Loaded: loaded (/etc/systemd/system/tomcat.service; enabled; vendor preset: disabled)
   Active: active (running) since Tue 2022-05-31 02:33:58 UTC; 25s ago
 Main PID: 29334 (java)
   CGroup: /system.slice/tomcat.service
           └─29334 /usr/lib/jvm/jre/bin/java -Djava.util.logging.config.file=/usr/share/tomcat/conf/logging.properties ...

May 31 02:33:58 ip-172-31-94-176.ec2.internal systemd[1]: Starting Tomcat Server...
May 31 02:33:58 ip-172-31-94-176.ec2.internal systemd[1]: Started Tomcat Server.
[root@ip-172-31-94-176 webapps]# cd ../
[root@ip-172-31-94-176 tomcat]# ll
total 124
drwxr-x--- 2 tomcat tomcat  4096 May 31 02:14 bin
-rw-r----- 1 tomcat tomcat 18982 Oct  6  2020 BUILDING.txt
drwx------ 3 tomcat tomcat   254 May 31 02:33 conf
-rw-r----- 1 tomcat tomcat  5409 Oct  6  2020 CONTRIBUTING.md
drwxr-x--- 2 tomcat tomcat  4096 May 31 02:14 lib
-rw-r----- 1 tomcat tomcat 57092 Oct  6  2020 LICENSE
drwxr-x--- 2 tomcat tomcat   197 May 31 02:33 logs
-rw-r----- 1 tomcat tomcat  2333 Oct  6  2020 NOTICE
-rw-r----- 1 tomcat tomcat  3257 Oct  6  2020 README.md
-rw-r----- 1 tomcat tomcat  6898 Oct  6  2020 RELEASE-NOTES
-rw-r----- 1 tomcat tomcat 16262 Oct  6  2020 RUNNING.txt
drwxr-x--- 2 tomcat tomcat    48 May 31 02:33 temp
drwxr-x--- 7 tomcat tomcat    81 Oct  6  2020 webapps
drwxr-x--- 3 tomcat tomcat    22 May 31 02:33 work
[root@ip-172-31-94-176 tomcat]# cd conf
[root@ip-172-31-94-176 conf]# ll
total 232
drwxr-x--- 3 tomcat tomcat     23 May 31 02:33 Catalina
-rw------- 1 tomcat tomcat  12873 Oct  6  2020 catalina.policy
-rw------- 1 tomcat tomcat   7262 Oct  6  2020 catalina.properties
-rw------- 1 tomcat tomcat   1400 Oct  6  2020 context.xml
-rw------- 1 tomcat tomcat   1149 Oct  6  2020 jaspic-providers.xml
-rw------- 1 tomcat tomcat   2313 Oct  6  2020 jaspic-providers.xsd
-rw------- 1 tomcat tomcat   4144 Oct  6  2020 logging.properties
-rw------- 1 tomcat tomcat   7588 Oct  6  2020 server.xml
-rw------- 1 tomcat tomcat   2164 Oct  6  2020 tomcat-users.xml
-rw------- 1 tomcat tomcat   2558 Oct  6  2020 tomcat-users.xsd
-rw------- 1 tomcat tomcat 172359 Oct  6  2020 web.xml
[root@ip-172-31-94-176 conf]# cat server.xml
<?xml version="1.0" encoding="UTF-8"?>
<!--
  Licensed to the Apache Software Foundation (ASF) under one or more
  contributor license agreements.  See the NOTICE file distributed with
  this work for additional information regarding copyright ownership.
  The ASF licenses this file to You under the Apache License, Version 2.0
  (the "License"); you may not use this file except in compliance with
  the License.  You may obtain a copy of the License at

      http://www.apache.org/licenses/LICENSE-2.0

  Unless required by applicable law or agreed to in writing, software
  distributed under the License is distributed on an "AS IS" BASIS,
  WITHOUT WARRANTIES OR CONDITIONS OF ANY KIND, either express or implied.
  See the License for the specific language governing permissions and
  limitations under the License.
-->
<!-- Note:  A "Server" is not itself a "Container", so you may not
     define subcomponents such as "Valves" at this level.
     Documentation at /docs/config/server.html
 -->
<Server port="8005" shutdown="SHUTDOWN">
  <Listener className="org.apache.catalina.startup.VersionLoggerListener" />
  <!-- Security listener. Documentation at /docs/config/listeners.html
  <Listener className="org.apache.catalina.security.SecurityListener" />
  -->
  <!--APR library loader. Documentation at /docs/apr.html -->
  <Listener className="org.apache.catalina.core.AprLifecycleListener" SSLEngine="on" />
  <!-- Prevent memory leaks due to use of particular java/javax APIs-->
  <Listener className="org.apache.catalina.core.JreMemoryLeakPreventionListener" />
  <Listener className="org.apache.catalina.mbeans.GlobalResourcesLifecycleListener" />
  <Listener className="org.apache.catalina.core.ThreadLocalLeakPreventionListener" />

  <!-- Global JNDI resources
       Documentation at /docs/jndi-resources-howto.html
  -->
  <GlobalNamingResources>
    <!-- Editable user database that can also be used by
         UserDatabaseRealm to authenticate users
    -->
    <Resource name="UserDatabase" auth="Container"
              type="org.apache.catalina.UserDatabase"
              description="User database that can be updated and saved"
              factory="org.apache.catalina.users.MemoryUserDatabaseFactory"
              pathname="conf/tomcat-users.xml" />
  </GlobalNamingResources>

  <!-- A "Service" is a collection of one or more "Connectors" that share
       a single "Container" Note:  A "Service" is not itself a "Container",
       so you may not define subcomponents such as "Valves" at this level.
       Documentation at /docs/config/service.html
   -->
  <Service name="Catalina">

    <!--The connectors can use a shared executor, you can define one or more named thread pools-->
    <!--
    <Executor name="tomcatThreadPool" namePrefix="catalina-exec-"
        maxThreads="150" minSpareThreads="4"/>
    -->


    <!-- A "Connector" represents an endpoint by which requests are received
         and responses are returned. Documentation at :
         Java HTTP Connector: /docs/config/http.html
         Java AJP  Connector: /docs/config/ajp.html
         APR (HTTP/AJP) Connector: /docs/apr.html
         Define a non-SSL/TLS HTTP/1.1 Connector on port 8080
    -->
    <Connector port="8080" protocol="HTTP/1.1"
               connectionTimeout="20000"
               redirectPort="8443" />
    <!-- A "Connector" using the shared thread pool-->
    <!--
    <Connector executor="tomcatThreadPool"
               port="8080" protocol="HTTP/1.1"
               connectionTimeout="20000"
               redirectPort="8443" />
    -->
    <!-- Define an SSL/TLS HTTP/1.1 Connector on port 8443
         This connector uses the NIO implementation. The default
         SSLImplementation will depend on the presence of the APR/native
         library and the useOpenSSL attribute of the
         AprLifecycleListener.
         Either JSSE or OpenSSL style configuration may be used regardless of
         the SSLImplementation selected. JSSE style configuration is used below.
    -->
    <!--
    <Connector port="8443" protocol="org.apache.coyote.http11.Http11NioProtocol"
               maxThreads="150" SSLEnabled="true">
        <SSLHostConfig>
            <Certificate certificateKeystoreFile="conf/localhost-rsa.jks"
                         type="RSA" />
        </SSLHostConfig>
    </Connector>
    -->
    <!-- Define an SSL/TLS HTTP/1.1 Connector on port 8443 with HTTP/2
         This connector uses the APR/native implementation which always uses
         OpenSSL for TLS.
         Either JSSE or OpenSSL style configuration may be used. OpenSSL style
         configuration is used below.
    -->
    <!--
    <Connector port="8443" protocol="org.apache.coyote.http11.Http11AprProtocol"
               maxThreads="150" SSLEnabled="true" >
        <UpgradeProtocol className="org.apache.coyote.http2.Http2Protocol" />
        <SSLHostConfig>
            <Certificate certificateKeyFile="conf/localhost-rsa-key.pem"
                         certificateFile="conf/localhost-rsa-cert.pem"
                         certificateChainFile="conf/localhost-rsa-chain.pem"
                         type="RSA" />
        </SSLHostConfig>
    </Connector>
    -->

    <!-- Define an AJP 1.3 Connector on port 8009 -->
    <!--
    <Connector protocol="AJP/1.3"
               address="::1"
               port="8009"
               redirectPort="8443" />
    -->

    <!-- An Engine represents the entry point (within Catalina) that processes
         every request.  The Engine implementation for Tomcat stand alone
         analyzes the HTTP headers included with the request, and passes them
         on to the appropriate Host (virtual host).
         Documentation at /docs/config/engine.html -->

    <!-- You should set jvmRoute to support load-balancing via AJP ie :
    <Engine name="Catalina" defaultHost="localhost" jvmRoute="jvm1">
    -->
    <Engine name="Catalina" defaultHost="localhost">

      <!--For clustering, please take a look at documentation at:
          /docs/cluster-howto.html  (simple how to)
          /docs/config/cluster.html (reference documentation) -->
      <!--
      <Cluster className="org.apache.catalina.ha.tcp.SimpleTcpCluster"/>
      -->

      <!-- Use the LockOutRealm to prevent attempts to guess user passwords
           via a brute-force attack -->
      <Realm className="org.apache.catalina.realm.LockOutRealm">
        <!-- This Realm uses the UserDatabase configured in the global JNDI
             resources under the key "UserDatabase".  Any edits
             that are performed against this UserDatabase are immediately
             available for use by the Realm.  -->
        <Realm className="org.apache.catalina.realm.UserDatabaseRealm"
               resourceName="UserDatabase"/>
      </Realm>

      <Host name="localhost"  appBase="webapps"
            unpackWARs="true" autoDeploy="true">

        <!-- SingleSignOn valve, share authentication between web applications
             Documentation at: /docs/config/valve.html -->
        <!--
        <Valve className="org.apache.catalina.authenticator.SingleSignOn" />
        -->

        <!-- Access log processes all example.
             Documentation at: /docs/config/valve.html
             Note: The pattern used is equivalent to using pattern="common" -->
        <Valve className="org.apache.catalina.valves.AccessLogValve" directory="logs"
               prefix="localhost_access_log" suffix=".txt"
               pattern="%h %l %u %t &quot;%r&quot; %s %b" />

      </Host>
    </Engine>
  </Service>
</Server>
[root@ip-172-31-94-176 conf]# sudo systemctl stop jenkins
[root@ip-172-31-94-176 conf]# sudo systemctl status jenkins
● jenkins.service - Jenkins Continuous Integration Server
   Loaded: loaded (/usr/lib/systemd/system/jenkins.service; enabled; vendor preset: disabled)
   Active: inactive (dead) since Tue 2022-05-31 02:37:32 UTC; 8s ago
  Process: 10499 ExecStart=/usr/bin/jenkins (code=exited, status=143)
 Main PID: 10499 (code=exited, status=143)
   Status: "Jenkins stopped"

May 31 02:34:01 ip-172-31-94-176.ec2.internal jenkins[10499]: at java.base/jdk.internal.loader.BuiltinClassLoader.lo...21)
May 31 02:34:01 ip-172-31-94-176.ec2.internal jenkins[10499]: at java.base/jdk.internal.loader.BuiltinClassLoader.lo...79)
May 31 02:34:01 ip-172-31-94-176.ec2.internal jenkins[10499]: at java.base/jdk.internal.loader.ClassLoaders$AppClass...78)
May 31 02:34:01 ip-172-31-94-176.ec2.internal jenkins[10499]: at java.base/java.lang.ClassLoader.loadClass(ClassLoad...22)
May 31 02:34:01 ip-172-31-94-176.ec2.internal jenkins[10499]: at java.instrument/sun.instrument.InstrumentationImpl....31)
May 31 02:34:01 ip-172-31-94-176.ec2.internal jenkins[10499]: at java.instrument/sun.instrument.InstrumentationImpl....35)
May 31 02:34:01 ip-172-31-94-176.ec2.internal jenkins[10499]: Agent failed to start!
May 31 02:37:32 ip-172-31-94-176.ec2.internal systemd[1]: Stopping Jenkins Continuous Integration Server...
May 31 02:37:32 ip-172-31-94-176.ec2.internal jenkins[10499]: 2022-05-31 02:37:32.335+0000 [id=25]        INFO      ...tty
May 31 02:37:32 ip-172-31-94-176.ec2.internal systemd[1]: Stopped Jenkins Continuous Integration Server.
Hint: Some lines were ellipsized, use -l to show in full.
[root@ip-172-31-94-176 conf]# sudo systemctl start jenkins
[root@ip-172-31-94-176 conf]# sudo systemctl status jenkins
● jenkins.service - Jenkins Continuous Integration Server
   Loaded: loaded (/usr/lib/systemd/system/jenkins.service; enabled; vendor preset: disabled)
   Active: active (running) since Tue 2022-05-31 02:38:28 UTC; 3s ago
 Main PID: 32390 (java)
   CGroup: /system.slice/jenkins.service
           └─32390 /usr/bin/java -Djava.awt.headless=true -jar /usr/share/java/jenkins.war --webroot=%C/jenkins/war --h...

May 31 02:38:27 ip-172-31-94-176.ec2.internal jenkins[32390]: 2022-05-31 02:38:27.366+0000 [id=29]        INFO      ...set
May 31 02:38:28 ip-172-31-94-176.ec2.internal jenkins[32390]: 2022-05-31 02:38:28.145+0000 [id=30]        INFO      ...ded
May 31 02:38:28 ip-172-31-94-176.ec2.internal jenkins[32390]: 2022-05-31 02:38:28.146+0000 [id=30]        INFO      ...ted
May 31 02:38:28 ip-172-31-94-176.ec2.internal jenkins[32390]: 2022-05-31 02:38:28.153+0000 [id=30]        INFO      ...obs
May 31 02:38:28 ip-172-31-94-176.ec2.internal jenkins[32390]: 2022-05-31 02:38:28.165+0000 [id=29]        INFO      ...ted
May 31 02:38:28 ip-172-31-94-176.ec2.internal jenkins[32390]: 2022-05-31 02:38:28.204+0000 [id=46]        INFO      ...ata
May 31 02:38:28 ip-172-31-94-176.ec2.internal jenkins[32390]: 2022-05-31 02:38:28.215+0000 [id=46]        INFO      ... ms
May 31 02:38:28 ip-172-31-94-176.ec2.internal jenkins[32390]: 2022-05-31 02:38:28.320+0000 [id=30]        INFO      ...ion
May 31 02:38:28 ip-172-31-94-176.ec2.internal jenkins[32390]: 2022-05-31 02:38:28.347+0000 [id=22]        INFO      ...ing
May 31 02:38:28 ip-172-31-94-176.ec2.internal systemd[1]: Started Jenkins Continuous Integration Server.
Hint: Some lines were ellipsized, use -l to show in full.
[root@ip-172-31-94-176 conf]# sudo systemctl status jenkins -l
● jenkins.service - Jenkins Continuous Integration Server
   Loaded: loaded (/usr/lib/systemd/system/jenkins.service; enabled; vendor preset: disabled)
   Active: active (running) since Tue 2022-05-31 02:38:28 UTC; 9s ago
 Main PID: 32390 (java)
   CGroup: /system.slice/jenkins.service
           └─32390 /usr/bin/java -Djava.awt.headless=true -jar /usr/share/java/jenkins.war --webroot=%C/jenkins/war --httpPort=8080

May 31 02:38:27 ip-172-31-94-176.ec2.internal jenkins[32390]: 2022-05-31 02:38:27.366+0000 [id=29]        INFO        h.p.b.g.GlobalTimeOutConfiguration#load: global timeout not set
May 31 02:38:28 ip-172-31-94-176.ec2.internal jenkins[32390]: 2022-05-31 02:38:28.145+0000 [id=30]        INFO        jenkins.InitReactorRunner$1#onAttained: System config loaded
May 31 02:38:28 ip-172-31-94-176.ec2.internal jenkins[32390]: 2022-05-31 02:38:28.146+0000 [id=30]        INFO        jenkins.InitReactorRunner$1#onAttained: System config adapted
May 31 02:38:28 ip-172-31-94-176.ec2.internal jenkins[32390]: 2022-05-31 02:38:28.153+0000 [id=30]        INFO        jenkins.InitReactorRunner$1#onAttained: Loaded all jobs
May 31 02:38:28 ip-172-31-94-176.ec2.internal jenkins[32390]: 2022-05-31 02:38:28.165+0000 [id=29]        INFO        jenkins.InitReactorRunner$1#onAttained: Configuration for all jobs updated
May 31 02:38:28 ip-172-31-94-176.ec2.internal jenkins[32390]: 2022-05-31 02:38:28.204+0000 [id=46]        INFO        hudson.model.AsyncPeriodicWork#lambda$doRun$1: Started Download metadata
May 31 02:38:28 ip-172-31-94-176.ec2.internal jenkins[32390]: 2022-05-31 02:38:28.215+0000 [id=46]        INFO        hudson.model.AsyncPeriodicWork#lambda$doRun$1: Finished Download metadata. 2 ms
May 31 02:38:28 ip-172-31-94-176.ec2.internal jenkins[32390]: 2022-05-31 02:38:28.320+0000 [id=30]        INFO        jenkins.InitReactorRunner$1#onAttained: Completed initialization
May 31 02:38:28 ip-172-31-94-176.ec2.internal jenkins[32390]: 2022-05-31 02:38:28.347+0000 [id=22]        INFO        hudson.lifecycle.Lifecycle#onReady: Jenkins is fully up and running
May 31 02:38:28 ip-172-31-94-176.ec2.internal systemd[1]: Started Jenkins Continuous Integration Server.
[root@ip-172-31-94-176 conf]# cat /etc/sysconfig/jenkins
## Path:        Development/Jenkins
## Description: Jenkins Automation Server
## Type:        string
## Default:     "/var/lib/jenkins"
## ServiceRestart: jenkins
#
# Directory where Jenkins store its configuration and working
# files (checkouts, build reports, artifacts, ...).
#
JENKINS_HOME="/var/lib/jenkins"

## Type:        string
## Default:     ""
## ServiceRestart: jenkins
#
# Java executable to run Jenkins
# When left empty, we'll try to find the suitable Java.
#
JENKINS_JAVA_CMD=""

## Type:        string
## Default:     "jenkins"
## ServiceRestart: jenkins
#
# Unix user account that runs the Jenkins daemon
# Be careful when you change this, as you need to update
# permissions of $JENKINS_HOME and /var/log/jenkins,
# and if you have already run Jenkins, potentially other
# directories such as /var/cache/jenkins .
#
JENKINS_USER="jenkins"

## Type:        string
## Default: "false"
## ServiceRestart: jenkins
#
# Whether to skip potentially long-running chown at the
# $JENKINS_HOME location. Do not enable this, "true", unless
# you know what you're doing. See JENKINS-23273.
#
#JENKINS_INSTALL_SKIP_CHOWN="false"

## Type: string
## Default:     "-Djava.awt.headless=true"
## ServiceRestart: jenkins
#
# Options to pass to java when running Jenkins.
#
JENKINS_JAVA_OPTIONS="-Djava.awt.headless=true"

## Type:        integer(0:65535)
## Default:     8080
## ServiceRestart: jenkins
#
# Port Jenkins is listening on.
# Set to -1 to disable
#
JENKINS_PORT="8080"

## Type:        string
## Default:     ""
## ServiceRestart: jenkins
#
# IP address Jenkins listens on for HTTP requests.
# Default is all interfaces (0.0.0.0).
#
JENKINS_LISTEN_ADDRESS=""

## Type:        integer(0:65535)
## Default:     ""
## ServiceRestart: jenkins
#
# HTTPS port Jenkins is listening on.
# Default is disabled.
#
JENKINS_HTTPS_PORT=""

## Type:        string
## Default:     ""
## ServiceRestart: jenkins
#
# Path to the keystore in JKS format (as created by the JDK 'keytool').
# Default is disabled.
#
JENKINS_HTTPS_KEYSTORE=""

## Type:        string
## Default:     ""
## ServiceRestart: jenkins
#
# Password to access the keystore defined in JENKINS_HTTPS_KEYSTORE.
# Default is disabled.
#
JENKINS_HTTPS_KEYSTORE_PASSWORD=""

## Type:        string
## Default:     ""
## ServiceRestart: jenkins
#
# IP address Jenkins listens on for HTTPS requests.
# Default is disabled.
#
JENKINS_HTTPS_LISTEN_ADDRESS=""

## Type:        integer(0:65535)
## Default:     ""
## ServiceRestart: jenkins
#
# HTTP2 port Jenkins is listening on.
# Default is disabled.
#
# Notice: HTTP2 support may require additional configuration, see Winstone
# documentation for more information.
#
JENKINS_HTTP2_PORT=""

## Type:        string
## Default:     ""
## ServiceRestart: jenkins
#
# IP address Jenkins listens on for HTTP2 requests.
# Default is disabled.
#
# Notice: HTTP2 support may require additional configuration, see Winstone
# documentation for more information.
#
JENKINS_HTTP2_LISTEN_ADDRESS=""

## Type:        integer(1:9)
## Default:     5
## ServiceRestart: jenkins
#
# Debug level for logs -- the higher the value, the more verbose.
# 5 is INFO.
#
JENKINS_DEBUG_LEVEL="5"

## Type:        yesno
## Default:     no
## ServiceRestart: jenkins
#
# Whether to enable access logging or not.
#
JENKINS_ENABLE_ACCESS_LOG="no"

## Type:        integer
## Default:     100
## ServiceRestart: jenkins
#
# Maximum number of HTTP worker threads.
#
JENKINS_HANDLER_MAX="100"

## Type:        integer
## Default:     20
## ServiceRestart: jenkins
#
# Maximum number of idle HTTP worker threads.
#
JENKINS_HANDLER_IDLE="20"

## Type:        string
## Default:     ""
## ServiceRestart: jenkins
#
# Folder for additional jar files to add to the Jetty class loader.
# See Winstone documentation for more information.
# Default is disabled.
#
JENKINS_EXTRA_LIB_FOLDER=""

## Type:        string
## Default:     ""
## ServiceRestart: jenkins
#
# Pass arbitrary arguments to Jenkins.
# Full option list: java -jar jenkins.war --help
#
JENKINS_ARGS=""
[root@ip-172-31-94-176 conf]# vi /etc/sysconfig/jenkins
[root@ip-172-31-94-176 conf]# cat /etc/sysconfig/jenkins
## Path:        Development/Jenkins
## Description: Jenkins Automation Server
## Type:        string
## Default:     "/var/lib/jenkins"
## ServiceRestart: jenkins
#
# Directory where Jenkins store its configuration and working
# files (checkouts, build reports, artifacts, ...).
#
JENKINS_HOME="/var/lib/jenkins"

## Type:        string
## Default:     ""
## ServiceRestart: jenkins
#
# Java executable to run Jenkins
# When left empty, we'll try to find the suitable Java.
#
JENKINS_JAVA_CMD=""

## Type:        string
## Default:     "jenkins"
## ServiceRestart: jenkins
#
# Unix user account that runs the Jenkins daemon
# Be careful when you change this, as you need to update
# permissions of $JENKINS_HOME and /var/log/jenkins,
# and if you have already run Jenkins, potentially other
# directories such as /var/cache/jenkins .
#
JENKINS_USER="jenkins"

## Type:        string
## Default: "false"
## ServiceRestart: jenkins
#
# Whether to skip potentially long-running chown at the
# $JENKINS_HOME location. Do not enable this, "true", unless
# you know what you're doing. See JENKINS-23273.
#
#JENKINS_INSTALL_SKIP_CHOWN="false"

## Type: string
## Default:     "-Djava.awt.headless=true"
## ServiceRestart: jenkins
#
# Options to pass to java when running Jenkins.
#
JENKINS_JAVA_OPTIONS="-Djava.awt.headless=true"

## Type:        integer(0:65535)
## Default:     8080
## ServiceRestart: jenkins
#
# Port Jenkins is listening on.
# Set to -1 to disable
#
JENKINS_PORT="9090"

## Type:        string
## Default:     ""
## ServiceRestart: jenkins
#
# IP address Jenkins listens on for HTTP requests.
# Default is all interfaces (0.0.0.0).
#
JENKINS_LISTEN_ADDRESS=""

## Type:        integer(0:65535)
## Default:     ""
## ServiceRestart: jenkins
#
# HTTPS port Jenkins is listening on.
# Default is disabled.
#
JENKINS_HTTPS_PORT=""

## Type:        string
## Default:     ""
## ServiceRestart: jenkins
#
# Path to the keystore in JKS format (as created by the JDK 'keytool').
# Default is disabled.
#
JENKINS_HTTPS_KEYSTORE=""

## Type:        string
## Default:     ""
## ServiceRestart: jenkins
#
# Password to access the keystore defined in JENKINS_HTTPS_KEYSTORE.
# Default is disabled.
#
JENKINS_HTTPS_KEYSTORE_PASSWORD=""

## Type:        string
## Default:     ""
## ServiceRestart: jenkins
#
# IP address Jenkins listens on for HTTPS requests.
# Default is disabled.
#
JENKINS_HTTPS_LISTEN_ADDRESS=""

## Type:        integer(0:65535)
## Default:     ""
## ServiceRestart: jenkins
#
# HTTP2 port Jenkins is listening on.
# Default is disabled.
#
# Notice: HTTP2 support may require additional configuration, see Winstone
# documentation for more information.
#
JENKINS_HTTP2_PORT=""

## Type:        string
## Default:     ""
## ServiceRestart: jenkins
#
# IP address Jenkins listens on for HTTP2 requests.
# Default is disabled.
#
# Notice: HTTP2 support may require additional configuration, see Winstone
# documentation for more information.
#
JENKINS_HTTP2_LISTEN_ADDRESS=""

## Type:        integer(1:9)
## Default:     5
## ServiceRestart: jenkins
#
# Debug level for logs -- the higher the value, the more verbose.
# 5 is INFO.
#
JENKINS_DEBUG_LEVEL="5"

## Type:        yesno
## Default:     no
## ServiceRestart: jenkins
#
# Whether to enable access logging or not.
#
JENKINS_ENABLE_ACCESS_LOG="no"

## Type:        integer
## Default:     100
## ServiceRestart: jenkins
#
# Maximum number of HTTP worker threads.
#
JENKINS_HANDLER_MAX="100"

## Type:        integer
## Default:     20
## ServiceRestart: jenkins
#
# Maximum number of idle HTTP worker threads.
#
JENKINS_HANDLER_IDLE="20"

## Type:        string
## Default:     ""
## ServiceRestart: jenkins
#
# Folder for additional jar files to add to the Jetty class loader.
# See Winstone documentation for more information.
# Default is disabled.
#
JENKINS_EXTRA_LIB_FOLDER=""

## Type:        string
## Default:     ""
## ServiceRestart: jenkins
#
# Pass arbitrary arguments to Jenkins.
# Full option list: java -jar jenkins.war --help
#
JENKINS_ARGS=""
[root@ip-172-31-94-176 conf]# sudo systemctl stop jenkins
[root@ip-172-31-94-176 conf]# sudo systemctl status jenkins
● jenkins.service - Jenkins Continuous Integration Server
   Loaded: loaded (/usr/lib/systemd/system/jenkins.service; enabled; vendor preset: disabled)
   Active: inactive (dead) since Tue 2022-05-31 02:53:28 UTC; 18s ago
  Process: 32390 ExecStart=/usr/bin/jenkins (code=exited, status=143)
 Main PID: 32390 (code=exited, status=143)
   Status: "Jenkins stopped"

May 31 02:38:28 ip-172-31-94-176.ec2.internal jenkins[32390]: 2022-05-31 02:38:28.204+0000 [id=46]        INFO      ...ata
May 31 02:38:28 ip-172-31-94-176.ec2.internal jenkins[32390]: 2022-05-31 02:38:28.215+0000 [id=46]        INFO      ... ms
May 31 02:38:28 ip-172-31-94-176.ec2.internal jenkins[32390]: 2022-05-31 02:38:28.320+0000 [id=30]        INFO      ...ion
May 31 02:38:28 ip-172-31-94-176.ec2.internal jenkins[32390]: 2022-05-31 02:38:28.347+0000 [id=22]        INFO      ...ing
May 31 02:38:28 ip-172-31-94-176.ec2.internal systemd[1]: Started Jenkins Continuous Integration Server.
May 31 02:42:13 ip-172-31-94-176.ec2.internal jenkins[32390]: 2022-05-31 02:42:13.209+0000 [id=62]        INFO      ...der
May 31 02:42:13 ip-172-31-94-176.ec2.internal jenkins[32390]: 2022-05-31 02:42:13.210+0000 [id=62]        INFO      ... ms
May 31 02:53:28 ip-172-31-94-176.ec2.internal systemd[1]: Stopping Jenkins Continuous Integration Server...
May 31 02:53:28 ip-172-31-94-176.ec2.internal jenkins[32390]: 2022-05-31 02:53:28.616+0000 [id=24]        INFO      ...tty
May 31 02:53:28 ip-172-31-94-176.ec2.internal systemd[1]: Stopped Jenkins Continuous Integration Server.
Hint: Some lines were ellipsized, use -l to show in full.
[root@ip-172-31-94-176 conf]# sudo systemctl start jenkins
[root@ip-172-31-94-176 conf]# sudo systemctl status jenkins -l
● jenkins.service - Jenkins Continuous Integration Server
   Loaded: loaded (/usr/lib/systemd/system/jenkins.service; enabled; vendor preset: disabled)
   Active: active (running) since Tue 2022-05-31 02:54:03 UTC; 12s ago
 Main PID: 9242 (java)
   CGroup: /system.slice/jenkins.service
           └─9242 /usr/bin/java -Djava.awt.headless=true -jar /usr/share/java/jenkins.war --webroot=%C/jenkins/war --httpPort=8080

May 31 02:54:02 ip-172-31-94-176.ec2.internal jenkins[9242]: 2022-05-31 02:54:02.767+0000 [id=28]        INFO        h.p.b.g.GlobalTimeOutConfiguration#load: global timeout not set
May 31 02:54:03 ip-172-31-94-176.ec2.internal jenkins[9242]: 2022-05-31 02:54:03.647+0000 [id=29]        INFO        jenkins.InitReactorRunner$1#onAttained: System config loaded
May 31 02:54:03 ip-172-31-94-176.ec2.internal jenkins[9242]: 2022-05-31 02:54:03.649+0000 [id=30]        INFO        jenkins.InitReactorRunner$1#onAttained: System config adapted
May 31 02:54:03 ip-172-31-94-176.ec2.internal jenkins[9242]: 2022-05-31 02:54:03.650+0000 [id=30]        INFO        jenkins.InitReactorRunner$1#onAttained: Loaded all jobs
May 31 02:54:03 ip-172-31-94-176.ec2.internal jenkins[9242]: 2022-05-31 02:54:03.653+0000 [id=29]        INFO        jenkins.InitReactorRunner$1#onAttained: Configuration for all jobs updated
May 31 02:54:03 ip-172-31-94-176.ec2.internal jenkins[9242]: 2022-05-31 02:54:03.736+0000 [id=46]        INFO        hudson.model.AsyncPeriodicWork#lambda$doRun$1: Started Download metadata
May 31 02:54:03 ip-172-31-94-176.ec2.internal jenkins[9242]: 2022-05-31 02:54:03.756+0000 [id=46]        INFO        hudson.model.AsyncPeriodicWork#lambda$doRun$1: Finished Download metadata. 4 ms
May 31 02:54:03 ip-172-31-94-176.ec2.internal jenkins[9242]: 2022-05-31 02:54:03.791+0000 [id=29]        INFO        jenkins.InitReactorRunner$1#onAttained: Completed initialization
May 31 02:54:03 ip-172-31-94-176.ec2.internal jenkins[9242]: 2022-05-31 02:54:03.813+0000 [id=22]        INFO        hudson.lifecycle.Lifecycle#onReady: Jenkins is fully up and running
May 31 02:54:03 ip-172-31-94-176.ec2.internal systemd[1]: Started Jenkins Continuous Integration Server.
[root@ip-172-31-94-176 conf]# vi /etc/sysconfig/jenkins
[root@ip-172-31-94-176 conf]# Connection to ec2-18-212-178-112.compute-1.amazonaws.com closed by remote host.
Connection to ec2-18-212-178-112.compute-1.amazonaws.com closed.

JhansiViswanath@DESKTOP-HMUPB84 MINGW64 ~/Documents/Keypairs
$
